Component: ARM Compiler 5.06 update 4 (build 422) Tool: armlink [4d35d2]

==============================================================================

Section Cross References

    main.o(.text) refers to timer.o(.text) for TIM3_Int_Init
    main.o(.text) refers to usart3.o(.text) for usart3_init
    main.o(.text) refers to delay.o(.text) for delay_init
    main.o(.text) refers to misc.o(.text) for NVIC_PriorityGroupConfig
    main.o(.text) refers to usart.o(.text) for uart_init
    main.o(.text) refers to usart2.o(.text) for USART2_Init
    main.o(.text) refers to usart4.o(.text) for uart4_init
    main.o(.text) refers to gizwits_product.o(.text) for userInit
    main.o(.text) refers to gizwits_protocol.o(.text) for gizwitsInit
    main.o(.text) refers to led.o(.text) for LED_Init
    main.o(.text) refers to key.o(.text) for KEY_Init
    main.o(.text) refers to spi2.o(.text) for SPI2_Init
    main.o(.text) refers to oled.o(.text) for IIC_Init
    main.o(.text) refers to __2printf.o(.text) for __2printf
    main.o(.text) refers to mygui.o(.text) for displayOperation
    main.o(.text) refers to main.o(.data) for link_flag
    main.o(.text) refers to gizwits_product.o(.bss) for currentDataPoint
    system_stm32f10x.o(.text) refers to system_stm32f10x.o(.data) for SystemCoreClock
    led.o(.text) refers to stm32f10x_rcc.o(.text) for RCC_APB2PeriphClockCmd
    led.o(.text) refers to stm32f10x_gpio.o(.text) for GPIO_Init
    key.o(.text) refers to stm32f10x_rcc.o(.text) for RCC_APB2PeriphClockCmd
    key.o(.text) refers to stm32f10x_gpio.o(.text) for GPIO_Init
    key.o(.text) refers to delay.o(.text) for delay_ms
    key.o(.text) refers to gizwits_protocol.o(.text) for gizwitsSetMode
    key.o(.text) refers to __2printf.o(.text) for __2printf
    key.o(.text) refers to key.o(.data) for key_up
    ws2812.o(.text) refers to stm32f10x_rcc.o(.text) for RCC_APB2PeriphClockCmd
    ws2812.o(.text) refers to stm32f10x_gpio.o(.text) for GPIO_Init
    ws2812.o(.text) refers to spi2.o(.text) for DMA1_Spi2_TX
    ws2812.o(.text) refers to ws2812.o(.data) for TX_buffer_res
    spi2.o(.text) refers to stm32f10x_rcc.o(.text) for RCC_AHBPeriphClockCmd
    spi2.o(.text) refers to stm32f10x_dma.o(.text) for DMA_DeInit
    spi2.o(.text) refers to stm32f10x_spi.o(.text) for SPI_I2S_DMACmd
    spi2.o(.text) refers to stm32f10x_gpio.o(.text) for GPIO_Init
    oled.o(.text) refers to stm32f10x_rcc.o(.text) for RCC_APB2PeriphClockCmd
    oled.o(.text) refers to stm32f10x_gpio.o(.text) for GPIO_Init
    oled.o(.text) refers to delay.o(.text) for delay_us
    oled.o(.text) refers to oled.o(.constdata) for F6x8
    mygui.o(.text) refers to __2printf.o(.text) for __2printf
    mygui.o(.text) refers to oled.o(.text) for OLED_CLS
    mygui.o(.text) refers to ws2812.o(.text) for SendOneFrame_sample
    mygui.o(.text) refers to usart3.o(.text) for zigbee_recevice_cmd
    mygui.o(.text) refers to usart4.o(.text) for Uart4_Send
    mygui.o(.text) refers to gizwits_product.o(.text) for userHandle
    mygui.o(.text) refers to gizwits_protocol.o(.text) for gizwitsHandle
    mygui.o(.text) refers to key.o(.text) for KEY_Scan
    mygui.o(.text) refers to gizwits_product.o(.bss) for currentDataPoint
    mygui.o(.text) refers to mygui.o(.data) for valueLed_T_value_last
    mygui.o(.text) refers to main.o(.data) for s6100
    mygui.o(.text) refers to esp8266-ap.o(.text) for open_ap
    mygui.o(.text) refers to exti.o(.text) for red_Init
    mygui.o(.text) refers to mygui.o(.constdata) for keyTab
    mygui.o(.constdata) refers to mygui.o(.text) for Fun_light
    esp8266-ap.o(.text) refers to _printf_percent.o(.ARM.Collect$$_printf_percent$$00000000) for _printf_percent
    esp8266-ap.o(.text) refers to _printf_s.o(.ARM.Collect$$_printf_percent$$00000014) for _printf_s
    esp8266-ap.o(.text) refers to _printf_str.o(.text) for _printf_str
    esp8266-ap.o(.text) refers to malloc.o(.text) for mymalloc
    esp8266-ap.o(.text) refers to __2printf.o(.text) for __2printf
    esp8266-ap.o(.text) refers to commonnn.o(.text) for atk_8266_send_cmd
    esp8266-ap.o(.text) refers to delay.o(.text) for delay_ms
    esp8266-ap.o(.text) refers to __2sprintf.o(.text) for __2sprintf
    esp8266-ap.o(.text) refers to commonnn.o(.data) for wifiap_password
    malloc.o(.text) refers to malloc.o(.data) for mallco_dev
    malloc.o(.data) refers to malloc.o(.text) for mem_init
    malloc.o(.data) refers to malloc.o(.bss) for membase
    usart2.o(.text) refers to stm32f10x_tim.o(.text) for TIM_SetCounter
    usart2.o(.text) refers to stm32f10x_usart.o(.text) for USART_GetITStatus
    usart2.o(.text) refers to stm32f10x_rcc.o(.text) for RCC_APB1PeriphClockCmd
    usart2.o(.text) refers to misc.o(.text) for NVIC_Init
    usart2.o(.text) refers to stm32f10x_dma.o(.text) for DMA_DeInit
    usart2.o(.text) refers to stm32f10x_gpio.o(.text) for GPIO_Init
    usart2.o(.text) refers to c89vsprintf.o(.text) for __c89vsprintf
    usart2.o(.text) refers to strlen.o(.text) for strlen
[...]
    __rt_lib_init_user_alloc_1               0x08000237   Thumb Code     0  libinit2.o(.ARM.Collect$$libinit$$0000000C)
    __rt_lib_init_lc_collate_1               0x0800023d   Thumb Code     0  libinit2.o(.ARM.Collect$$libinit$$00000011)
    __rt_lib_init_lc_ctype_2                 0x0800023d   Thumb Code     0  libinit2.o(.ARM.Collect$$libinit$$00000012)
    __rt_lib_init_lc_ctype_1                 0x08000249   Thumb Code     0  libinit2.o(.ARM.Collect$$libinit$$00000013)
    __rt_lib_init_lc_monetary_1              0x08000249   Thumb Code     0  libinit2.o(.ARM.Collect$$libinit$$00000015)
    __rt_lib_init_lc_numeric_2               0x08000249   Thumb Code     0  libinit2.o(.ARM.Collect$$libinit$$00000016)
    __rt_lib_init_alloca_1                   0x08000253   Thumb Code     0  libinit2.o(.ARM.Collect$$libinit$$0000002E)
    __rt_lib_init_argv_1                     0x08000253   Thumb Code     0  libinit2.o(.ARM.Collect$$libinit$$0000002C)
    __rt_lib_init_atexit_1                   0x08000253   Thumb Code     0  libinit2.o(.ARM.Collect$$libinit$$0000001B)
    __rt_lib_init_clock_1                    0x08000253   Thumb Code     0  libinit2.o(.ARM.Collect$$libinit$$00000021)
    __rt_lib_init_cpp_1                      0x08000253   Thumb Code     0  libinit2.o(.ARM.Collect$$libinit$$00000032)
    __rt_lib_init_exceptions_1               0x08000253   Thumb Code     0  libinit2.o(.ARM.Collect$$libinit$$00000030)
    __rt_lib_init_fp_trap_1                  0x08000253   Thumb Code     0  libinit2.o(.ARM.Collect$$libinit$$0000001F)
    __rt_lib_init_getenv_1                   0x08000253   Thumb Code     0  libinit2.o(.ARM.Collect$$libinit$$00000023)
    __rt_lib_init_lc_numeric_1               0x08000253   Thumb Code     0  libinit2.o(.ARM.Collect$$libinit$$00000017)
    __rt_lib_init_lc_time_1                  0x08000253   Thumb Code     0  libinit2.o(.ARM.Collect$$libinit$$00000019)
    __rt_lib_init_return                     0x08000253   Thumb Code     0  libinit2.o(.ARM.Collect$$libinit$$00000033)
    __rt_lib_init_signal_1                   0x08000253   Thumb Code     0  libinit2.o(.ARM.Collect$$libinit$$0000001D)
    __rt_lib_init_stdio_1                    0x08000253   Thumb Code     0  libinit2.o(.ARM.Collect$$libinit$$00000025)
    __rt_lib_shutdown                        0x08000255   Thumb Code     0  libshutdown.o(.ARM.Collect$$libshutdown$$00000000)
    __rt_lib_shutdown_cpp_1                  0x08000257   Thumb Code     0  libshutdown2.o(.ARM.Collect$$libshutdown$$00000002)
    __rt_lib_shutdown_fp_trap_1              0x08000257   Thumb Code     0  libshutdown2.o(.ARM.Collect$$libshutdown$$00000007)
    __rt_lib_shutdown_heap_1                 0x08000257   Thumb Code     0  libshutdown2.o(.ARM.Collect$$libshutdown$$0000000F)
    __rt_lib_shutdown_return                 0x08000257   Thumb Code     0  libshutdown2.o(.ARM.Collect$$libshutdown$$00000010)
    __rt_lib_shutdown_signal_1               0x08000257   Thumb Code     0  libshutdown2.o(.ARM.Collect$$libshutdown$$0000000A)
    __rt_lib_shutdown_stdio_1                0x08000257   Thumb Code     0  libshutdown2.o(.ARM.Collect$$libshutdown$$00000004)
    __rt_lib_shutdown_user_alloc_1           0x08000257   Thumb Code     0  libshutdown2.o(.ARM.Collect$$libshutdown$$0000000C)
    __rt_entry                               0x08000259   Thumb Code     0  __rtentry.o(.ARM.Collect$$rtentry$$00000000)
    __rt_entry_presh_1                       0x08000259   Thumb Code     0  __rtentry2.o(.ARM.Collect$$rtentry$$00000002)
    __rt_entry_sh                            0x08000259   Thumb Code     0  __rtentry4.o(.ARM.Collect$$rtentry$$00000004)
    __rt_entry_li                            0x0800025f   Thumb Code     0  __rtentry2.o(.ARM.Collect$$rtentry$$0000000A)
    __rt_entry_postsh_1                      0x0800025f   Thumb Code     0  __rtentry2.o(.ARM.Collect$$rtentry$$00000009)
    __rt_entry_main                          0x08000263   Thumb Code     0  __rtentry2.o(.ARM.Collect$$rtentry$$0000000D)
    __rt_entry_postli_1                      0x08000263   Thumb Code     0  __rtentry2.o(.ARM.Collect$$rtentry$$0000000C)
    __rt_exit                                0x0800026b   Thumb Code     0  rtexit.o(.ARM.Collect$$rtexit$$00000000)
    __rt_exit_ls                             0x0800026d   Thumb Code     0  rtexit2.o(.ARM.Collect$$rtexit$$00000003)
    __rt_exit_prels_1                        0x0800026d   Thumb Code     0  rtexit2.o(.ARM.Collect$$rtexit$$00000002)
    __rt_exit_exit                           0x08000271   Thumb Code     0  rtexit2.o(.ARM.Collect$$rtexit$$00000004)
    Gizwits_Init                             0x08000279   Thumb Code    22  main.o(.text)
    JTAG_Set                                 0x0800028f   Thumb Code    38  main.o(.text)
    main                                     0x080002b5   Thumb Code   336  main.o(.text)
    NMI_Handler                              0x08000501   Thumb Code     2  stm32f10x_it.o(.text)
    HardFault_Handler                        0x08000503   Thumb Code     4  stm32f10x_it.o(.text)
    MemManage_Handler                        0x08000507   Thumb Code     4  stm32f10x_it.o(.text)
    BusFault_Handler                         0x0800050b   Thumb Code     4  stm32f10x_it.o(.text)
    UsageFault_Handler                       0x0800050f   Thumb Code     4  stm32f10x_it.o(.text)
    SVC_Handler                              0x08000513   Thumb Code     2  stm32f10x_it.o(.text)
    DebugMon_Handler                         0x08000515   Thumb Code     2  stm32f10x_it.o(.text)
    PendSV_Handler                           0x08000517   Thumb Code     2  stm32f10x_it.o(.text)
    SysTick_Handler                          0x08000519   Thumb Code     2  stm32f10x_it.o(.text)
    SystemInit                               0x080005fb   Thumb Code    78  system_stm32f10x.o(.text)
    SystemCoreClockUpdate                    0x08000649   Thumb Code   142  system_stm32f10x.o(.text)
    LED_Init                                 0x080006fd   Thumb Code    68  led.o(.text)
    KEY_Init                                 0x08000749   Thumb Code    52  key.o(.text)
    KEY_Scan                                 0x0800077d   Thumb Code   188  key.o(.text)
    set_airlink                              0x08000839   Thumb Code    60  key.o(.text)
    PB0_Init                                 0x08000895   Thumb Code    38  ws2812.o(.text)
    IO_Init                                  0x080008bb   Thumb Code     2  ws2812.o(.text)
    ResetDataFlow                            0x080008bd   Thumb Code   268  ws2812.o(.text)
    SendOnePix                               0x080009c9   Thumb Code    64  ws2812.o(.text)
    SendOneFrame                             0x08000a09   Thumb Code    36  ws2812.o(.text)
    SendOneFrame_sample                      0x08000a2d   Thumb Code    32  ws2812.o(.text)
    SendOneFrame_stronge                     0x08000a4d   Thumb Code   140  ws2812.o(.text)
    SendSameColor                            0x08000ad9   Thumb Code    34  ws2812.o(.text)
    SendOneFrameFrom                         0x08000afb   Thumb Code    68  ws2812.o(.text)
    SendOneFrameSince                        0x08000b3f   Thumb Code    60  ws2812.o(.text)
    DMA1_Spi2_Init                           0x08000b8d   Thumb Code   150  spi2.o(.text)
    SPI2_SetSpeed                            0x08000c23   Thumb Code    42  spi2.o(.text)
    SPI2_Init                                0x08000c4d   Thumb Code   148  spi2.o(.text)
    SPI2_ReadWriteByte                       0x08000ce1   Thumb Code    86  spi2.o(.text)
    DMA1_Spi2_RX                             0x08000d37   Thumb Code   112  spi2.o(.text)
    DMA1_Spi2_TX                             0x08000da7   Thumb Code    60  spi2.o(.text)
    IIC_Init                                 0x08000df1   Thumb Code    38  oled.o(.text)
    OLED_IIC_Start                           0x08000e17   Thumb Code    40  oled.o(.text)
    OLED_IIC_Stop                            0x08000e3f   Thumb Code    42  oled.o(.text)
    Write_IIC_Byte                           0x08000e69   Thumb Code    86  oled.o(.text)
    OLED_WrDat                               0x08000ebf   Thumb Code    32  oled.o(.text)
    OLED_WrCmd                               0x08000edf   Thumb Code    32  oled.o(.text)
    OLED_Set_Pos                             0x08000eff   Thumb Code    40  oled.o(.text)
    OLED_Fill                                0x08000f27   Thumb Code    58  oled.o(.text)
    OLED_CLS                                 0x08000f61   Thumb Code    56  oled.o(.text)
    OLED_OFF                                 0x08000f99   Thumb Code    22  oled.o(.text)
    OLED_ON                                  0x08000faf   Thumb Code    22  oled.o(.text)
    OLED_Init                                0x08000fc5   Thumb Code   194  oled.o(.text)
    oled_pow                                 0x08001087   Thumb Code    22  oled.o(.text)
    OLED_ShowChar                            0x0800109d   Thumb Code    76  oled.o(.text)
    OLED_ShowNum                             0x080010e9   Thumb Code   132  oled.o(.text)
    OLED_P6x8Str                             0x0800116d   Thumb Code    96  oled.o(.text)
    OLED_P8x16Str                            0x080011cd   Thumb Code   146  oled.o(.text)
    OLED_P16x16Ch                            0x0800125f   Thumb Code    80  oled.o(.text)
    OLED_P16x32Ch                            0x080012af   Thumb Code   144  oled.o(.text)
    OLED_P32x32Ch                            0x0800133f   Thumb Code   144  oled.o(.text)
    OLED_P128x48Ch                           0x080013cf   Thumb Code   212  oled.o(.text)
    OLED_P128x64Ch                           0x080014a3   Thumb Code     2  oled.o(.text)
    Draw_BMP                                 0x080014a5   Thumb Code   116  oled.o(.text)
    Fun_light                                0x0800152d   Thumb Code   698  mygui.o(.text)
    WifiDisplay                              0x080017e7   Thumb Code    16  mygui.o(.text)
    FlashlightDisplay                        0x080017f7   Thumb Code    20  mygui.o(.text)
    Fun_homework                             0x0800180b   Thumb Code   700  mygui.o(.text)
    Fun_posture                              0x08001ac7   Thumb Code   382  mygui.o(.text)
    Fun_night                                0x08001c45   Thumb Code   604  mygui.o(.text)
    displayOperation                         0x08001ea1   Thumb Code   168  mygui.o(.text)
    ElectricityDisplay                       0x08001f49   Thumb Code    16  mygui.o(.text)
    open_ap                                  0x08001f79   Thumb Code    78  esp8266-ap.o(.text)
    mymemcpy                                 0x08002009   Thumb Code    26  malloc.o(.text)
    mymemset                                 0x08002023   Thumb Code    20  malloc.o(.text)
    mem_init                                 0x08002037   Thumb Code    38  malloc.o(.text)
    mem_perused                              0x0800205d   Thumb Code    42  malloc.o(.text)
    mem_malloc                               0x08002087   Thumb Code   116  malloc.o(.text)
    mem_free                                 0x080020fb   Thumb Code    66  malloc.o(.text)
    myfree                                   0x0800213d   Thumb Code    24  malloc.o(.text)
    mymalloc                                 0x08002155   Thumb Code    28  malloc.o(.text)
    myrealloc                                0x08002171   Thumb Code    50  malloc.o(.text)
    TIM4_Set                                 0x080021a9   Thumb Code    34  usart2.o(.text)
    USART2_IRQHandler                        0x080021cb   Thumb Code    84  usart2.o(.text)
    TIM4_Init                                0x0800221f   Thumb Code    82  usart2.o(.text)
    UART_DMA_Config                          0x08002271   Thumb Code    72  usart2.o(.text)
    USART2_Init                              0x080022b9   Thumb Code   206  usart2.o(.text)
    UART_DMA_Enable                          0x08002387   Thumb Code    32  usart2.o(.text)
    u2_printf                                0x080023a7   Thumb Code    56  usart2.o(.text)
    TIM4_IRQHandler                          0x080023df   Thumb Code    40  usart2.o(.text)
    EXTIX_Init                               0x08002425   Thumb Code    82  exti.o(.text)
    EXTI2_IRQHandler                         0x08002477   Thumb Code    38  exti.o(.text)
    red_Init                                 0x0800249d   Thumb Code    32  exti.o(.text)
    USART3_IRQHandler                        0x080024d5   Thumb Code    94  usart3.o(.text)
    usart3_init                              0x08002533   Thumb Code   192  usart3.o(.text)
    u3_printf                                0x080025f3   Thumb Code    72  usart3.o(.text)
    zigbee_check_cmd                         0x0800263b   Thumb Code    44  usart3.o(.text)
    zigbee_send_cmd                          0x08002667   Thumb Code    92  usart3.o(.text)
    zigbee_recevice_cmd                      0x080026c3   Thumb Code   124  usart3.o(.text)
    TIM7_IRQHandler                          0x08002781   Thumb Code    42  timer.o(.text)
    TIM7_Int_Init                            0x080027ab   Thumb Code    90  timer.o(.text)
    TIM3_Int_Init                            0x08002805   Thumb Code    90  timer.o(.text)
    TIM3_IRQHandler                          0x0800285f   Thumb Code    66  timer.o(.text)
    uart4_init                               0x080028b5   Thumb Code   146  usart4.o(.text)
    Uart4_Send                               0x08002947   Thumb Code    78  usart4.o(.text)
    atk_8266_check_cmd                       0x0800299d   Thumb Code    44  commonnn.o(.text)
    atk_8266_send_cmd                        0x080029c9   Thumb Code    92  commonnn.o(.text)
    atk_8266_send_data                       0x08002a25   Thumb Code    84  commonnn.o(.text)
    delay_init                               0x08002a99   Thumb Code    50  delay.o(.text)
    delay_us                                 0x08002acb   Thumb Code    72  delay.o(.text)
    delay_ms                                 0x08002b13   Thumb Code    72  delay.o(.text)
    _sys_exit                                0x08002b6d   Thumb Code     4  usart.o(.text)
    fputc                                    0x08002b71   Thumb Code    24  usart.o(.text)
    uart_init                                0x08002b89   Thumb Code   152  usart.o(.text)
    USART1_IRQHandler                        0x08002c21   Thumb Code    34  usart.o(.text)
    Reset_Handler                            0x08002c4d   Thumb Code     8  startup_stm32f10x_hd.o(.text)
    ADC1_2_IRQHandler                        0x08002c67   Thumb Code     0  startup_stm32f10x_hd.o(.text)
    ADC3_IRQHandler                          0x08002c67   Thumb Code     0  startup_stm32f10x_hd.o(.text)
    CAN1_RX1_IRQHandler                      0x08002c67   Thumb Code     0  startup_stm32f10x_hd.o(.text)
    CAN1_SCE_IRQHandler                      0x08002c67   Thumb Code     0  startup_stm32f10x_hd.o(.text)
    DMA1_Channel1_IRQHandler                 0x08002c67   Thumb Code     0  startup_stm32f10x_hd.o(.text)
    DMA1_Channel2_IRQHandler                 0x08002c67   Thumb Code     0  startup_stm32f10x_hd.o(.text)
    DMA1_Channel3_IRQHandler                 0x08002c67   Thumb Code     0  startup_stm32f10x_hd.o(.text)
    DMA1_Channel4_IRQHandler                 0x08002c67   Thumb Code     0  startup_stm32f10x_hd.o(.text)
    DMA1_Channel5_IRQHandler                 0x08002c67   Thumb Code     0  startup_stm32f10x_hd.o(.text)
    DMA1_Channel6_IRQHandler                 0x08002c67   Thumb Code     0  startup_stm32f10x_hd.o(.text)
    DMA1_Channel7_IRQHandler                 0x08002c67   Thumb Code     0  startup_stm32f10x_hd.o(.text)
    DMA2_Channel1_IRQHandler                 0x08002c67   Thumb Code     0  startup_stm32f10x_hd.o(.text)
    DMA2_Channel2_IRQHandler                 0x08002c67   Thumb Code     0  startup_stm32f10x_hd.o(.text)
    DMA2_Channel3_IRQHandler                 0x08002c67   Thumb Code     0  startup_stm32f10x_hd.o(.text)
    DMA2_Channel4_5_IRQHandler               0x08002c67   Thumb Code     0  startup_stm32f10x_hd.o(.text)
    EXTI0_IRQHandler                         0x08002c67   Thumb Code     0  startup_stm32f10x_hd.o(.text)
    EXTI15_10_IRQHandler                     0x08002c67   Thumb Code     0  startup_stm32f10x_hd.o(.text)
    EXTI1_IRQHandler                         0x08002c67   Thumb Code     0  startup_stm32f10x_hd.o(.text)
    EXTI3_IRQHandler                         0x08002c67   Thumb Code     0  startup_stm32f10x_hd.o(.text)
    EXTI4_IRQHandler                         0x08002c67   Thumb Code     0  startup_stm32f10x_hd.o(.text)
    EXTI9_5_IRQHandler                       0x08002c67   Thumb Code     0  startup_stm32f10x_hd.o(.text)
    FLASH_IRQHandler                         0x08002c67   Thumb Code     0  startup_stm32f10x_hd.o(.text)
    FSMC_IRQHandler                          0x08002c67   Thumb Code     0  startup_stm32f10x_hd.o(.text)
    I2C1_ER_IRQHandler                       0x08002c67   Thumb Code     0  startup_stm32f10x_hd.o(.text)
    I2C1_EV_IRQHandler                       0x08002c67   Thumb Code     0  startup_stm32f10x_hd.o(.text)
    I2C2_ER_IRQHandler                       0x08002c67   Thumb Code     0  startup_stm32f10x_hd.o(.text)
    I2C2_EV_IRQHandler                       0x08002c67   Thumb Code     0  startup_stm32f10x_hd.o(.text)
    PVD_IRQHandler                           0x08002c67   Thumb Code     0  startup_stm32f10x_hd.o(.text)
    RCC_IRQHandler                           0x08002c67   Thumb Code     0  startup_stm32f10x_hd.o(.text)
    RTCAlarm_IRQHandler                      0x08002c67   Thumb Code     0  startup_stm32f10x_hd.o(.text)
    RTC_IRQHandler                           0x08002c67   Thumb Code     0  startup_stm32f10x_hd.o(.text)
    SDIO_IRQHandler                          0x08002c67   Thumb Code     0  startup_stm32f10x_hd.o(.text)
    SPI1_IRQHandler                          0x08002c67   Thumb Code     0  startup_stm32f10x_hd.o(.text)
    SPI2_IRQHandler                          0x08002c67   Thumb Code     0  startup_stm32f10x_hd.o(.text)
    SPI3_IRQHandler                          0x08002c67   Thumb Code     0  startup_stm32f10x_hd.o(.text)
    TAMPER_IRQHandler                        0x08002c67   Thumb Code     0  startup_stm32f10x_hd.o(.text)
    TIM1_BRK_IRQHandler                      0x08002c67   Thumb Code     0  startup_stm32f10x_hd.o(.text)
    TIM1_CC_IRQHandler                       0x08002c67   Thumb Code     0  startup_stm32f10x_hd.o(.text)
    TIM1_TRG_COM_IRQHandler                  0x08002c67   Thumb Code     0  startup_stm32f10x_hd.o(.text)
    TIM1_UP_IRQHandler                       0x08002c67   Thumb Code     0  startup_stm32f10x_hd.o(.text)
    TIM2_IRQHandler                          0x08002c67   Thumb Code     0  startup_stm32f10x_hd.o(.text)
    TIM5_IRQHandler                          0x08002c67   Thumb Code     0  startup_stm32f10x_hd.o(.text)
    TIM6_IRQHandler                          0x08002c67   Thumb Code     0  startup_stm32f10x_hd.o(.text)
    TIM8_BRK_IRQHandler                      0x08002c67   Thumb Code     0  startup_stm32f10x_hd.o(.text)
    TIM8_CC_IRQHandler                       0x08002c67   Thumb Code     0  startup_stm32f10x_hd.o(.text)
    TIM8_TRG_COM_IRQHandler                  0x08002c67   Thumb Code     0  startup_stm32f10x_hd.o(.text)
    TIM8_UP_IRQHandler                       0x08002c67   Thumb Code     0  startup_stm32f10x_hd.o(.text)
    UART4_IRQHandler                         0x08002c67   Thumb Code     0  startup_stm32f10x_hd.o(.text)
    UART5_IRQHandler                         0x08002c67   Thumb Code     0  startup_stm32f10x_hd.o(.text)
    USBWakeUp_IRQHandler                     0x08002c67   Thumb Code     0  startup_stm32f10x_hd.o(.text)
    USB_HP_CAN1_TX_IRQHandler                0x08002c67   Thumb Code     0  startup_stm32f10x_hd.o(.text)
    USB_LP_CAN1_RX0_IRQHandler               0x08002c67   Thumb Code     0  startup_stm32f10x_hd.o(.text)
    WWDG_IRQHandler                          0x08002c67   Thumb Code     0  startup_stm32f10x_hd.o(.text)
    __user_initial_stackheap                 0x08002c69   Thumb Code     0  startup_stm32f10x_hd.o(.text)
    NVIC_PriorityGroupConfig                 0x08002c8d   Thumb Code    10  misc.o(.text)
    NVIC_Init                                0x08002c97   Thumb Code   100  misc.o(.text)
    NVIC_SetVectorTable                      0x08002cfb   Thumb Code    14  misc.o(.text)
    NVIC_SystemLPConfig                      0x08002d09   Thumb Code    34  misc.o(.text)
    SysTick_CLKSourceConfig                  0x08002d2b   Thumb Code    40  misc.o(.text)
    GPIO_DeInit                              0x08002d69   Thumb Code   172  stm32f10x_gpio.o(.text)
    GPIO_AFIODeInit                          0x08002e15   Thumb Code    20  stm32f10x_gpio.o(.text)
    GPIO_Init                                0x08002e29   Thumb Code   278  stm32f10x_gpio.o(.text)
    GPIO_StructInit                          0x08002f3f   Thumb Code    16  stm32f10x_gpio.o(.text)
    GPIO_ReadInputDataBit                    0x08002f4f   Thumb Code    18  stm32f10x_gpio.o(.text)
    GPIO_ReadInputData                       0x08002f61   Thumb Code     8  stm32f10x_gpio.o(.text)
    GPIO_ReadOutputDataBit                   0x08002f69   Thumb Code    18  stm32f10x_gpio.o(.text)
    GPIO_ReadOutputData                      0x08002f7b   Thumb Code     8  stm32f10x_gpio.o(.text)
    GPIO_SetBits                             0x08002f83   Thumb Code     4  stm32f10x_gpio.o(.text)
    GPIO_ResetBits                           0x08002f87   Thumb Code     4  stm32f10x_gpio.o(.text)
    GPIO_WriteBit                            0x08002f8b   Thumb Code    10  stm32f10x_gpio.o(.text)
    GPIO_Write                               0x08002f95   Thumb Code     4  stm32f10x_gpio.o(.text)
    GPIO_PinLockConfig                       0x08002f99   Thumb Code    18  stm32f10x_gpio.o(.text)
    GPIO_EventOutputConfig                   0x08002fab   Thumb Code    26  stm32f10x_gpio.o(.text)
    GPIO_EventOutputCmd                      0x08002fc5   Thumb Code     6  stm32f10x_gpio.o(.text)
    GPIO_PinRemapConfig                      0x08002fcb   Thumb Code   138  stm32f10x_gpio.o(.text)
    GPIO_EXTILineConfig                      0x08003055   Thumb Code    66  stm32f10x_gpio.o(.text)
    GPIO_ETH_MediaInterfaceConfig            0x08003097   Thumb Code     8  stm32f10x_gpio.o(.text)
    RCC_DeInit                               0x080030c5   Thumb Code    64  stm32f10x_rcc.o(.text)
    RCC_HSEConfig                            0x08003105   Thumb Code    70  stm32f10x_rcc.o(.text)
    RCC_GetFlagStatus                        0x0800314b   Thumb Code    56  stm32f10x_rcc.o(.text)
    RCC_WaitForHSEStartUp                    0x08003183   Thumb Code    56  stm32f10x_rcc.o(.text)
    RCC_AdjustHSICalibrationValue            0x080031bb   Thumb Code    20  stm32f10x_rcc.o(.text)
    RCC_HSICmd                               0x080031cf   Thumb Code     6  stm32f10x_rcc.o(.text)
    RCC_PLLConfig                            0x080031d5   Thumb Code    24  stm32f10x_rcc.o(.text)
    RCC_PLLCmd                               0x080031ed   Thumb Code     6  stm32f10x_rcc.o(.text)
    RCC_SYSCLKConfig                         0x080031f3   Thumb Code    18  stm32f10x_rcc.o(.text)
    RCC_GetSYSCLKSource                      0x08003205   Thumb Code    10  stm32f10x_rcc.o(.text)
    RCC_HCLKConfig                           0x0800320f   Thumb Code    18  stm32f10x_rcc.o(.text)
    RCC_PCLK1Config                          0x08003221   Thumb Code    18  stm32f10x_rcc.o(.text)
    RCC_PCLK2Config                          0x08003233   Thumb Code    20  stm32f10x_rcc.o(.text)
    RCC_ITConfig                             0x08003247   Thumb Code    26  stm32f10x_rcc.o(.text)
    RCC_USBCLKConfig                         0x08003261   Thumb Code     8  stm32f10x_rcc.o(.text)
    RCC_ADCCLKConfig                         0x08003269   Thumb Code    18  stm32f10x_rcc.o(.text)
    RCC_LSEConfig                            0x0800327b   Thumb Code    50  stm32f10x_rcc.o(.text)
    RCC_LSICmd                               0x080032ad   Thumb Code     6  stm32f10x_rcc.o(.text)
    RCC_RTCCLKConfig                         0x080032b3   Thumb Code    12  stm32f10x_rcc.o(.text)
    RCC_RTCCLKCmd                            0x080032bf   Thumb Code     8  stm32f10x_rcc.o(.text)
    RCC_GetClocksFreq                        0x080032c7   Thumb Code   192  stm32f10x_rcc.o(.text)
    RCC_AHBPeriphClockCmd                    0x08003387   Thumb Code    26  stm32f10x_rcc.o(.text)
    RCC_APB2PeriphClockCmd                   0x080033a1   Thumb Code    26  stm32f10x_rcc.o(.text)
    RCC_APB1PeriphClockCmd                   0x080033bb   Thumb Code    26  stm32f10x_rcc.o(.text)
    RCC_APB2PeriphResetCmd                   0x080033d5   Thumb Code    26  stm32f10x_rcc.o(.text)
    RCC_APB1PeriphResetCmd                   0x080033ef   Thumb Code    26  stm32f10x_rcc.o(.text)
    RCC_BackupResetCmd                       0x08003409   Thumb Code     8  stm32f10x_rcc.o(.text)
    RCC_ClockSecuritySystemCmd               0x08003411   Thumb Code     6  stm32f10x_rcc.o(.text)
    RCC_MCOConfig                            0x08003417   Thumb Code     6  stm32f10x_rcc.o(.text)
    RCC_ClearFlag                            0x0800341d   Thumb Code    14  stm32f10x_rcc.o(.text)
    RCC_GetITStatus                          0x0800342b   Thumb Code    20  stm32f10x_rcc.o(.text)
    RCC_ClearITPendingBit                    0x0800343f   Thumb Code     6  stm32f10x_rcc.o(.text)
    USART_DeInit                             0x08003469   Thumb Code   134  stm32f10x_usart.o(.text)
    USART_Init                               0x080034ef   Thumb Code   210  stm32f10x_usart.o(.text)
    USART_StructInit                         0x080035c1   Thumb Code    24  stm32f10x_usart.o(.text)
    USART_ClockInit                          0x080035d9   Thumb Code    34  stm32f10x_usart.o(.text)
    USART_ClockStructInit                    0x080035fb   Thumb Code    12  stm32f10x_usart.o(.text)
    USART_Cmd                                0x08003607   Thumb Code    24  stm32f10x_usart.o(.text)
    USART_ITConfig                           0x0800361f   Thumb Code    74  stm32f10x_usart.o(.text)
    USART_DMACmd                             0x08003669   Thumb Code    18  stm32f10x_usart.o(.text)
    USART_SetAddress                         0x0800367b   Thumb Code    18  stm32f10x_usart.o(.text)
    USART_WakeUpConfig                       0x0800368d   Thumb Code    18  stm32f10x_usart.o(.text)
    USART_ReceiverWakeUpCmd                  0x0800369f   Thumb Code    24  stm32f10x_usart.o(.text)
    USART_LINBreakDetectLengthConfig         0x080036b7   Thumb Code    18  stm32f10x_usart.o(.text)
    USART_LINCmd                             0x080036c9   Thumb Code    24  stm32f10x_usart.o(.text)
    USART_SendData                           0x080036e1   Thumb Code     8  stm32f10x_usart.o(.text)
    USART_ReceiveData                        0x080036e9   Thumb Code    10  stm32f10x_usart.o(.text)
    USART_SendBreak                          0x080036f3   Thumb Code    10  stm32f10x_usart.o(.text)
    USART_SetGuardTime                       0x080036fd   Thumb Code    16  stm32f10x_usart.o(.text)
    USART_SetPrescaler                       0x0800370d   Thumb Code    16  stm32f10x_usart.o(.text)
    USART_SmartCardCmd                       0x0800371d   Thumb Code    24  stm32f10x_usart.o(.text)
    USART_SmartCardNACKCmd                   0x08003735   Thumb Code    24  stm32f10x_usart.o(.text)
    USART_HalfDuplexCmd                      0x0800374d   Thumb Code    24  stm32f10x_usart.o(.text)
    USART_OverSampling8Cmd                   0x08003765   Thumb Code    22  stm32f10x_usart.o(.text)
    USART_OneBitMethodCmd                    0x0800377b   Thumb Code    24  stm32f10x_usart.o(.text)
    USART_IrDAConfig                         0x08003793   Thumb Code    18  stm32f10x_usart.o(.text)
    USART_IrDACmd                            0x080037a5   Thumb Code    24  stm32f10x_usart.o(.text)
    USART_GetFlagStatus                      0x080037bd   Thumb Code    26  stm32f10x_usart.o(.text)
    USART_ClearFlag                          0x080037d7   Thumb Code    18  stm32f10x_usart.o(.text)
    USART_GetITStatus                        0x080037e9   Thumb Code    84  stm32f10x_usart.o(.text)
    USART_ClearITPendingBit                  0x0800383d   Thumb Code    52  stm32f10x_usart.o(.text)
    DMA_DeInit                               0x08003871   Thumb Code   324  stm32f10x_dma.o(.text)
    DMA_Init                                 0x080039b5   Thumb Code    60  stm32f10x_dma.o(.text)
    DMA_StructInit                           0x080039f1   Thumb Code    26  stm32f10x_dma.o(.text)
    DMA_Cmd                                  0x08003a0b   Thumb Code    24  stm32f10x_dma.o(.text)
    DMA_ITConfig                             0x08003a23   Thumb Code    18  stm32f10x_dma.o(.text)
    DMA_SetCurrDataCounter                   0x08003a35   Thumb Code     4  stm32f10x_dma.o(.text)
    DMA_GetCurrDataCounter                   0x08003a39   Thumb Code     8  stm32f10x_dma.o(.text)
    DMA_GetFlagStatus                        0x08003a41   Thumb Code    40  stm32f10x_dma.o(.text)
    DMA_ClearFlag                            0x08003a69   Thumb Code    22  stm32f10x_dma.o(.text)
    DMA_GetITStatus                          0x08003a7f   Thumb Code    40  stm32f10x_dma.o(.text)
    DMA_ClearITPendingBit                    0x08003aa7   Thumb Code    22  stm32f10x_dma.o(.text)
    SPI_I2S_DeInit                           0x08003ac5   Thumb Code    76  stm32f10x_spi.o(.text)
    SPI_Init                                 0x08003b11   Thumb Code    60  stm32f10x_spi.o(.text)
    I2S_Init                                 0x08003b4d   Thumb Code   226  stm32f10x_spi.o(.text)
    SPI_StructInit                           0x08003c2f   Thumb Code    24  stm32f10x_spi.o(.text)
    I2S_StructInit                           0x08003c47   Thumb Code    20  stm32f10x_spi.o(.text)
    SPI_Cmd                                  0x08003c5b   Thumb Code    24  stm32f10x_spi.o(.text)
    I2S_Cmd                                  0x08003c73   Thumb Code    24  stm32f10x_spi.o(.text)
    SPI_I2S_ITConfig                         0x08003c8b   Thumb Code    32  stm32f10x_spi.o(.text)
    SPI_I2S_DMACmd                           0x08003cab   Thumb Code    18  stm32f10x_spi.o(.text)
    SPI_I2S_SendData                         0x08003cbd   Thumb Code     4  stm32f10x_spi.o(.text)
    SPI_I2S_ReceiveData                      0x08003cc1   Thumb Code     6  stm32f10x_spi.o(.text)
    SPI_NSSInternalSoftwareConfig            0x08003cc7   Thumb Code    30  stm32f10x_spi.o(.text)
    SPI_SSOutputCmd                          0x08003ce5   Thumb Code    24  stm32f10x_spi.o(.text)
    SPI_DataSizeConfig                       0x08003cfd   Thumb Code    18  stm32f10x_spi.o(.text)
    SPI_TransmitCRC                          0x08003d0f   Thumb Code    10  stm32f10x_spi.o(.text)
    SPI_CalculateCRC                         0x08003d19   Thumb Code    24  stm32f10x_spi.o(.text)
    SPI_GetCRC                               0x08003d31   Thumb Code    16  stm32f10x_spi.o(.text)
    SPI_GetCRCPolynomial                     0x08003d41   Thumb Code     6  stm32f10x_spi.o(.text)
    SPI_BiDirectionalLineConfig              0x08003d47   Thumb Code    28  stm32f10x_spi.o(.text)
    SPI_I2S_GetFlagStatus                    0x08003d63   Thumb Code    18  stm32f10x_spi.o(.text)
    SPI_I2S_ClearFlag                        0x08003d75   Thumb Code     6  stm32f10x_spi.o(.text)
    SPI_I2S_GetITStatus                      0x08003d7b   Thumb Code    52  stm32f10x_spi.o(.text)
    SPI_I2S_ClearITPendingBit                0x08003daf   Thumb Code    20  stm32f10x_spi.o(.text)
    EXTI_DeInit                              0x08003dd1   Thumb Code    28  stm32f10x_exti.o(.text)
    EXTI_Init                                0x08003ded   Thumb Code   142  stm32f10x_exti.o(.text)
    EXTI_StructInit                          0x08003e7b   Thumb Code    16  stm32f10x_exti.o(.text)
    EXTI_GenerateSWInterrupt                 0x08003e8b   Thumb Code    16  stm32f10x_exti.o(.text)
    EXTI_GetFlagStatus                       0x08003e9b   Thumb Code    22  stm32f10x_exti.o(.text)
    EXTI_ClearFlag                           0x08003eb1   Thumb Code     8  stm32f10x_exti.o(.text)
    EXTI_GetITStatus                         0x08003eb9   Thumb Code    34  stm32f10x_exti.o(.text)
    EXTI_ClearITPendingBit                   0x08003edb   Thumb Code     8  stm32f10x_exti.o(.text)
    TIM_DeInit                               0x08003eed   Thumb Code   424  stm32f10x_tim.o(.text)
    TIM_TimeBaseInit                         0x08004095   Thumb Code   122  stm32f10x_tim.o(.text)
    TIM_OC1Init                              0x0800410f   Thumb Code   132  stm32f10x_tim.o(.text)
    TIM_OC2Init                              0x08004193   Thumb Code   154  stm32f10x_tim.o(.text)
    TIM_OC3Init                              0x0800422d   Thumb Code   150  stm32f10x_tim.o(.text)
    TIM_OC4Init                              0x080042c3   Thumb Code   182  stm32f10x_tim.o(.text)
    TIM_SetIC4Prescaler                      0x08004379   Thumb Code    26  stm32f10x_tim.o(.text)
    TIM_SetIC3Prescaler                      0x08004415   Thumb Code    18  stm32f10x_tim.o(.text)
    TIM_SetIC2Prescaler                      0x080044a1   Thumb Code    26  stm32f10x_tim.o(.text)
    TIM_SetIC1Prescaler                      0x0800453d   Thumb Code    18  stm32f10x_tim.o(.text)
    TIM_ICInit                               0x080045bb   Thumb Code   150  stm32f10x_tim.o(.text)
    TIM_PWMIConfig                           0x08004651   Thumb Code   124  stm32f10x_tim.o(.text)
    TIM_BDTRConfig                           0x080046cd   Thumb Code    32  stm32f10x_tim.o(.text)
    TIM_TimeBaseStructInit                   0x080046ed   Thumb Code    18  stm32f10x_tim.o(.text)
    TIM_OCStructInit                         0x080046ff   Thumb Code    20  stm32f10x_tim.o(.text)
    TIM_ICStructInit                         0x08004713   Thumb Code    18  stm32f10x_tim.o(.text)
    TIM_BDTRStructInit                       0x08004725   Thumb Code    40  stm32f10x_tim.o(.text)
    TIM_Cmd                                  0x0800474d   Thumb Code    24  stm32f10x_tim.o(.text)
    TIM_CtrlPWMOutputs                       0x08004765   Thumb Code    30  stm32f10x_tim.o(.text)
    TIM_ITConfig                             0x08004783   Thumb Code    18  stm32f10x_tim.o(.text)
    TIM_GenerateEvent                        0x08004795   Thumb Code     4  stm32f10x_tim.o(.text)
    TIM_DMAConfig                            0x08004799   Thumb Code    10  stm32f10x_tim.o(.text)
    TIM_DMACmd                               0x080047a3   Thumb Code    18  stm32f10x_tim.o(.text)
    TIM_InternalClockConfig                  0x080047b5   Thumb Code    12  stm32f10x_tim.o(.text)
    TIM_SelectInputTrigger                   0x080047c1   Thumb Code    18  stm32f10x_tim.o(.text)
    TIM_ITRxExternalClockConfig              0x080047d3   Thumb Code    24  stm32f10x_tim.o(.text)
    TIM_TIxExternalClockConfig               0x080047eb   Thumb Code    62  stm32f10x_tim.o(.text)
    TIM_ETRConfig                            0x08004829   Thumb Code    28  stm32f10x_tim.o(.text)
    TIM_ETRClockMode1Config                  0x08004845   Thumb Code    54  stm32f10x_tim.o(.text)
    TIM_ETRClockMode2Config                  0x0800487b   Thumb Code    32  stm32f10x_tim.o(.text)
    TIM_PrescalerConfig                      0x0800489b   Thumb Code     6  stm32f10x_tim.o(.text)
    TIM_CounterModeConfig                    0x080048a1   Thumb Code    18  stm32f10x_tim.o(.text)
    TIM_EncoderInterfaceConfig               0x080048b3   Thumb Code    66  stm32f10x_tim.o(.text)
    TIM_ForcedOC1Config                      0x080048f5   Thumb Code    18  stm32f10x_tim.o(.text)
    TIM_ForcedOC2Config                      0x08004907   Thumb Code    26  stm32f10x_tim.o(.text)
    TIM_ForcedOC3Config                      0x08004921   Thumb Code    18  stm32f10x_tim.o(.text)
    TIM_ForcedOC4Config                      0x08004933   Thumb Code    26  stm32f10x_tim.o(.text)
    TIM_ARRPreloadConfig                     0x0800494d   Thumb Code    24  stm32f10x_tim.o(.text)
    TIM_SelectCOM                            0x08004965   Thumb Code    24  stm32f10x_tim.o(.text)
    TIM_SelectCCDMA                          0x0800497d   Thumb Code    24  stm32f10x_tim.o(.text)
    TIM_CCPreloadControl                     0x08004995   Thumb Code    24  stm32f10x_tim.o(.text)
    TIM_OC1PreloadConfig                     0x080049ad   Thumb Code    18  stm32f10x_tim.o(.text)
    TIM_OC2PreloadConfig                     0x080049bf   Thumb Code    26  stm32f10x_tim.o(.text)
    TIM_OC3PreloadConfig                     0x080049d9   Thumb Code    18  stm32f10x_tim.o(.text)
    TIM_OC4PreloadConfig                     0x080049eb   Thumb Code    26  stm32f10x_tim.o(.text)
    TIM_OC1FastConfig                        0x08004a05   Thumb Code    18  stm32f10x_tim.o(.text)
    TIM_OC2FastConfig                        0x08004a17   Thumb Code    26  stm32f10x_tim.o(.text)
    TIM_OC3FastConfig                        0x08004a31   Thumb Code    18  stm32f10x_tim.o(.text)
    TIM_OC4FastConfig                        0x08004a43   Thumb Code    26  stm32f10x_tim.o(.text)
    TIM_ClearOC1Ref                          0x08004a5d   Thumb Code    18  stm32f10x_tim.o(.text)
    TIM_ClearOC2Ref                          0x08004a6f   Thumb Code    24  stm32f10x_tim.o(.text)
    TIM_ClearOC3Ref                          0x08004a87   Thumb Code    18  stm32f10x_tim.o(.text)
    TIM_ClearOC4Ref                          0x08004a99   Thumb Code    24  stm32f10x_tim.o(.text)
    TIM_OC1PolarityConfig                    0x08004ab1   Thumb Code    18  stm32f10x_tim.o(.text)
    TIM_OC1NPolarityConfig                   0x08004ac3   Thumb Code    18  stm32f10x_tim.o(.text)
    TIM_OC2PolarityConfig                    0x08004ad5   Thumb Code    26  stm32f10x_tim.o(.text)
    TIM_OC2NPolarityConfig                   0x08004aef   Thumb Code    26  stm32f10x_tim.o(.text)
    TIM_OC3PolarityConfig                    0x08004b09   Thumb Code    26  stm32f10x_tim.o(.text)
    TIM_OC3NPolarityConfig                   0x08004b23   Thumb Code    26  stm32f10x_tim.o(.text)
    TIM_OC4PolarityConfig                    0x08004b3d   Thumb Code    26  stm32f10x_tim.o(.text)
    TIM_CCxCmd                               0x08004b57   Thumb Code    30  stm32f10x_tim.o(.text)
    TIM_CCxNCmd                              0x08004b75   Thumb Code    30  stm32f10x_tim.o(.text)
    TIM_SelectOCxM                           0x08004b93   Thumb Code    82  stm32f10x_tim.o(.text)
    TIM_UpdateDisableConfig                  0x08004be5   Thumb Code    24  stm32f10x_tim.o(.text)
    TIM_UpdateRequestConfig                  0x08004bfd   Thumb Code    24  stm32f10x_tim.o(.text)
    TIM_SelectHallSensor                     0x08004c15   Thumb Code    24  stm32f10x_tim.o(.text)
    TIM_SelectOnePulseMode                   0x08004c2d   Thumb Code    18  stm32f10x_tim.o(.text)
    TIM_SelectOutputTrigger                  0x08004c3f   Thumb Code    18  stm32f10x_tim.o(.text)
    TIM_SelectSlaveMode                      0x08004c51   Thumb Code    18  stm32f10x_tim.o(.text)
    TIM_SelectMasterSlaveMode                0x08004c63   Thumb Code    18  stm32f10x_tim.o(.text)
    TIM_SetCounter                           0x08004c75   Thumb Code     4  stm32f10x_tim.o(.text)
    TIM_SetAutoreload                        0x08004c79   Thumb Code     4  stm32f10x_tim.o(.text)
    TIM_SetCompare1                          0x08004c7d   Thumb Code     4  stm32f10x_tim.o(.text)
    TIM_SetCompare2                          0x08004c81   Thumb Code     4  stm32f10x_tim.o(.text)
    TIM_SetCompare3                          0x08004c85   Thumb Code     4  stm32f10x_tim.o(.text)
    TIM_SetCompare4                          0x08004c89   Thumb Code     6  stm32f10x_tim.o(.text)
    TIM_SetClockDivision                     0x08004c8f   Thumb Code    18  stm32f10x_tim.o(.text)
    TIM_GetCapture1                          0x08004ca1   Thumb Code     6  stm32f10x_tim.o(.text)
    TIM_GetCapture2                          0x08004ca7   Thumb Code     6  stm32f10x_tim.o(.text)
    TIM_GetCapture3                          0x08004cad   Thumb Code     6  stm32f10x_tim.o(.text)
    TIM_GetCapture4                          0x08004cb3   Thumb Code     8  stm32f10x_tim.o(.text)
    TIM_GetCounter                           0x08004cbb   Thumb Code     6  stm32f10x_tim.o(.text)
    TIM_GetPrescaler                         0x08004cc1   Thumb Code     6  stm32f10x_tim.o(.text)
    TIM_GetFlagStatus                        0x08004cc7   Thumb Code    18  stm32f10x_tim.o(.text)
    TIM_ClearFlag                            0x08004cd9   Thumb Code     6  stm32f10x_tim.o(.text)
    TIM_GetITStatus                          0x08004cdf   Thumb Code    34  stm32f10x_tim.o(.text)
    TIM_ClearITPendingBit                    0x08004d01   Thumb Code     6  stm32f10x_tim.o(.text)
    gizwitsEventProcess                      0x08004d09   Thumb Code   660  gizwits_product.o(.text)
    userHandle                               0x08004f9d   Thumb Code     2  gizwits_product.o(.text)
    userInit                                 0x08004f9f   Thumb Code    12  gizwits_product.o(.text)
    gizTimerMs                               0x08004fab   Thumb Code    12  gizwits_product.o(.text)
    gizGetTimerCount                         0x08004fb7   Thumb Code     6  gizwits_product.o(.text)
    mcuRestart                               0x08004fbd   Thumb Code    38  gizwits_product.o(.text)
    TIMER_IRQ_FUN                            0x08004fe3   Thumb Code     8  gizwits_product.o(.text)
    UART_IRQ_FUN                             0x08004feb   Thumb Code    16  gizwits_product.o(.text)
    uartWrite                                0x08004ffb   Thumb Code    82  gizwits_product.o(.text)
    gizPutData                               0x08005339   Thumb Code    52  gizwits_protocol.o(.text)
    gizwitsInit                              0x08006c31   Thumb Code    46  gizwits_protocol.o(.text)
    gizwitsSetMode                           0x08006c5f   Thumb Code   986  gizwits_protocol.o(.text)
    gizwitsGetNTP                            0x08007039   Thumb Code    94  gizwits_protocol.o(.text)
    gizwitsGetModuleInfo                     0x08007097   Thumb Code   100  gizwits_protocol.o(.text)
    gizwitsHandle                            0x0800713f   Thumb Code   866  gizwits_protocol.o(.text)
    gizwitsPassthroughData                   0x080074a1   Thumb Code   166  gizwits_protocol.o(.text)
    gizProtocolSum                           0x08007579   Thumb Code    38  common_1.o(.text)
    exchangeBytes                            0x0800759f   Thumb Code    26  common_1.o(.text)
    exchangeWord                             0x080075b9   Thumb Code    26  common_1.o(.text)
    char2hex                                 0x080075d3   Thumb Code   106  common_1.o(.text)
    checkStringIsNotZero                     0x0800763d   Thumb Code    46  common_1.o(.text)
    returnWeekDay                            0x0800766b   Thumb Code   156  common_1.o(.text)
    returnNtp2Wt                             0x08007753   Thumb Code   274  common_1.o(.text)
    str2Hex                                  0x08007865   Thumb Code    80  common_1.o(.text)
    hex2Str                                  0x080078b5   Thumb Code    82  common_1.o(.text)
    gizByteOrderExchange                     0x08007911   Thumb Code    50  datapointtools.o(.text)
    gizY2X                                   0x08007943   Thumb Code    14  datapointtools.o(.text)
    gizX2Y                                   0x08007951   Thumb Code    12  datapointtools.o(.text)
    gizY2XFloat                              0x0800795d   Thumb Code    42  datapointtools.o(.text)
    gizX2YFloat                              0x08007987   Thumb Code    42  datapointtools.o(.text)
    gizAcrossByteJudge                       0x080079b1   Thumb Code    42  datapointtools.o(.text)
    gizVarlenCompressValue                   0x080079db   Thumb Code   124  datapointtools.o(.text)
    gizVarlenDecompressionValue              0x08007a57   Thumb Code   196  datapointtools.o(.text)
    gizStandardDecompressionValue            0x08007b1b   Thumb Code   194  datapointtools.o(.text)
    gizStandardCompressValue                 0x08007bdd   Thumb Code   128  datapointtools.o(.text)
    rbCreate                                 0x08007c5d   Thumb Code    22  ringbuffer.o(.text)
    rbDelete                                 0x08007c73   Thumb Code    24  ringbuffer.o(.text)
    rbCapacity                               0x08007c8b   Thumb Code    14  ringbuffer.o(.text)
    rbCanRead                                0x08007c99   Thumb Code    56  ringbuffer.o(.text)
    rbCanWrite                               0x08007cd1   Thumb Code    30  ringbuffer.o(.text)
    rbRead                                   0x08007cef   Thumb Code   162  ringbuffer.o(.text)
    rbWrite                                  0x08007d91   Thumb Code   154  ringbuffer.o(.text)
    __use_no_semihosting                     0x08007e2b   Thumb Code     2  use_no_semi_2.o(.text)
    toupper                                  0x08007e2d   Thumb Code    30  toupper.o(.text)
    __c89vsprintf                            0x08007e4d   Thumb Code    32  c89vsprintf.o(.text)
    __2printf                                0x08007e71   Thumb Code    20  __2printf.o(.text)
    __2sprintf                               0x08007e89   Thumb Code    38  __2sprintf.o(.text)
    _printf_pre_padding                      0x08007eb5   Thumb Code    44  _printf_pad.o(.text)
    _printf_post_padding                     0x08007ee1   Thumb Code    34  _printf_pad.o(.text)
    _printf_str                              0x08007f03   Thumb Code    82  _printf_str.o(.text)
    _printf_int_dec                          0x08007f55   Thumb Code   104  _printf_dec.o(.text)
    _printf_longlong_hex                     0x08007fcd   Thumb Code    86  _printf_hex_int_ll_ptr.o(.text)
    _printf_int_hex                          0x08008023   Thumb Code    28  _printf_hex_int_ll_ptr.o(.text)
    _printf_ll_hex                           0x0800803f   Thumb Code    12  _printf_hex_int_ll_ptr.o(.text)
    _printf_hex_ptr                          0x0800804b   Thumb Code    18  _printf_hex_int_ll_ptr.o(.text)
    __printf                                 0x08008061   Thumb Code   388  __printf_flags_ss_wp.o(.text)
    strstr                                   0x080081e9   Thumb Code    36  strstr.o(.text)
    strlen                                   0x0800820d   Thumb Code    62  strlen.o(.text)
    __aeabi_memcpy                           0x0800824b   Thumb Code     0  rt_memcpy_v6.o(.text)
    __rt_memcpy                              0x0800824b   Thumb Code   138  rt_memcpy_v6.o(.text)
    _memcpy_lastbytes                        0x080082b1   Thumb Code     0  rt_memcpy_v6.o(.text)
    __aeabi_memcpy4                          0x080082d5   Thumb Code     0  rt_memcpy_w.o(.text)
    __aeabi_memcpy8                          0x080082d5   Thumb Code     0  rt_memcpy_w.o(.text)
    __rt_memcpy_w                            0x080082d5   Thumb Code   100  rt_memcpy_w.o(.text)
    _memcpy_lastbytes_aligned                0x0800831d   Thumb Code     0  rt_memcpy_w.o(.text)
    __aeabi_memclr                           0x08008339   Thumb Code     0  rt_memclr.o(.text)
    __rt_memclr                              0x08008339   Thumb Code    68  rt_memclr.o(.text)
    _memset                                  0x0800833d   Thumb Code     0  rt_memclr.o(.text)
    __use_two_region_memory                  0x0800837d   Thumb Code     2  heapauxi.o(.text)
    __rt_heap_escrow$2region                 0x0800837f   Thumb Code     2  heapauxi.o(.text)
    __rt_heap_expand$2region                 0x08008381   Thumb Code     2  heapauxi.o(.text)
    __I$use$semihosting                      0x08008383   Thumb Code     0  use_no_semi.o(.text)
    __use_no_semihosting_swi                 0x08008383   Thumb Code     2  use_no_semi.o(.text)
    __rt_ctype_table                         0x08008385   Thumb Code    16  rt_ctype_table.o(.text)
    _printf_truncate_signed                  0x08008395   Thumb Code    18  _printf_truncate.o(.text)
    _printf_truncate_unsigned                0x080083a7   Thumb Code    18  _printf_truncate.o(.text)
    _printf_int_common                       0x080083b9   Thumb Code   178  _printf_intcommon.o(.text)
    _printf_charcount                        0x0800846b   Thumb Code    40  _printf_charcount.o(.text)
    _printf_char_common                      0x0800849f   Thumb Code    32  _printf_char_common.o(.text)
    _sputc                                   0x080084c5   Thumb Code    10  _sputc.o(.text)
    _printf_cs_common                        0x080084cf   Thumb Code    20  _printf_char.o(.text)
    _printf_char                             0x080084e3   Thumb Code    16  _printf_char.o(.text)
    _printf_string                           0x080084f3   Thumb Code     8  _printf_char.o(.text)
    _printf_char_file                        0x080084fd   Thumb Code    32  _printf_char_file.o(.text)
    _printf_wctomb                           0x08008521   Thumb Code   182  _printf_wctomb.o(.text)
    _printf_longlong_dec                     0x080085dd   Thumb Code   108  _printf_longlong_dec.o(.text)
    _printf_longlong_oct                     0x08008659   Thumb Code    66  _printf_oct_int_ll.o(.text)
    _printf_int_oct                          0x0800869b   Thumb Code    24  _printf_oct_int_ll.o(.text)
    _printf_ll_oct                           0x080086b3   Thumb Code    12  _printf_oct_int_ll.o(.text)
    __aeabi_memclr4                          0x080086c9   Thumb Code     0  rt_memclr_w.o(.text)
    __aeabi_memclr8                          0x080086c9   Thumb Code     0  rt_memclr_w.o(.text)
    __rt_memclr_w                            0x080086c9   Thumb Code    78  rt_memclr_w.o(.text)
    _memset_w                                0x080086cd   Thumb Code     0  rt_memclr_w.o(.text)
    __rt_locale                              0x08008719   Thumb Code     8  rt_locale_intlibspace.o(.text)
    _ll_udiv10                               0x08008721   Thumb Code   138  lludiv10.o(.text)
    __lib_sel_fp_printf                      0x080087ab   Thumb Code     2  _printf_fp_dec.o(.text)
    _printf_fp_dec_real                      0x08008959   Thumb Code   620  _printf_fp_dec.o(.text)
    _printf_lcs_common                       0x08008bc5   Thumb Code    20  _printf_wchar.o(.text)
    _printf_wchar                            0x08008bd9   Thumb Code    16  _printf_wchar.o(.text)
    _printf_wstring                          0x08008be9   Thumb Code     8  _printf_wchar.o(.text)
    ferror                                   0x08008bf1   Thumb Code     8  ferror.o(.text)
    _wcrtomb                                 0x08008bf9   Thumb Code    64  _wcrtomb.o(.text)
    __user_libspace                          0x08008c39   Thumb Code     8  libspace.o(.text)
    __user_perproc_libspace                  0x08008c39   Thumb Code     0  libspace.o(.text)
    __user_perthread_libspace                0x08008c39   Thumb Code     0  libspace.o(.text)
    __user_setup_stackheap                   0x08008c41   Thumb Code    74  sys_stackheap_outer.o(.text)
    _printf_fp_infnan                        0x08008c8d   Thumb Code   112  _printf_fp_infnan.o(.text)
    _btod_etento                             0x08008d0d   Thumb Code   216  bigflt0.o(.text)
    exit                                     0x08008de9   Thumb Code    18  exit.o(.text)
    strcmp                                   0x08008dfd   Thumb Code   128  strcmpv7m.o(.text)
    _btod_d2e                                0x08008e7d   Thumb Code    62  btod.o(CL$$btod_d2e)
    _d2e_denorm_low                          0x08008ebb   Thumb Code    70  btod.o(CL$$btod_d2e_denorm_low)
    _d2e_norm_op1                            0x08008f01   Thumb Code    96  btod.o(CL$$btod_d2e_norm_op1)
    __btod_div_common                        0x08008f61   Thumb Code   696  btod.o(CL$$btod_div_common)
    _e2e                                     0x08009299   Thumb Code   198  btod.o(CL$$btod_e2e)
    _btod_ediv                               0x0800935f   Thumb Code    40  btod.o(CL$$btod_ediv)
    _btod_emul                               0x08009387   Thumb Code    40  btod.o(CL$$btod_emul)
    __btod_mult_common                       0x080093af   Thumb Code   580  btod.o(CL$$btod_mult_common)
    __ARM_fpclassify                         0x080095f3   Thumb Code    40  fpclassify.o(i.__ARM_fpclassify)
    _is_digit                                0x0800961b   Thumb Code    14  __printf_wp.o(i._is_digit)
    _get_lc_ctype                            0x08009629   Thumb Code    44  lc_ctype_c.o(locale$$code)
    _get_lc_numeric                          0x08009655   Thumb Code    44  lc_numeric_c.o(locale$$code)
    __aeabi_fadd                             0x08009681   Thumb Code     0  faddsub_clz.o(x$fpl$fadd)
    _fadd                                    0x08009681   Thumb Code   196  faddsub_clz.o(x$fpl$fadd)
    __aeabi_fdiv                             0x08009745   Thumb Code     0  fdiv.o(x$fpl$fdiv)
    _fdiv                                    0x08009745   Thumb Code   384  fdiv.o(x$fpl$fdiv)
    __aeabi_f2uiz                            0x080098c9   Thumb Code     0  ffixu.o(x$fpl$ffixu)
    _ffixu                                   0x080098c9   Thumb Code    62  ffixu.o(x$fpl$ffixu)
    __aeabi_ui2f                             0x08009909   Thumb Code     0  fflt_clz.o(x$fpl$ffltu)
    _ffltu                                   0x08009909   Thumb Code    38  fflt_clz.o(x$fpl$ffltu)
    __aeabi_fmul                             0x08009931   Thumb Code     0  fmul.o(x$fpl$fmul)
    _fmul                                    0x08009931   Thumb Code   258  fmul.o(x$fpl$fmul)
    __fpl_fnaninf                            0x08009a33   Thumb Code   140  fnaninf.o(x$fpl$fnaninf)
    __fpl_fretinf                            0x08009abf   Thumb Code    10  fretinf.o(x$fpl$fretinf)
    __aeabi_fsub                             0x08009ac9   Thumb Code     0  faddsub_clz.o(x$fpl$fsub)
    _fsub                                    0x08009ac9   Thumb Code   234  faddsub_clz.o(x$fpl$fsub)
    _printf_fp_dec                           0x08009bb3   Thumb Code     4  printf1.o(x$fpl$printf1)
    F16x16                                   0x08009bb6   Data        3104  oled.o(.constdata)
    __I$use$fp                               0x08009bb6   Number         0  usenofp.o(x$fpl$usenofp)
    F6x8                                     0x0800a7d6   Data         552  oled.o(.constdata)
    F8X16                                    0x0800a9fe   Data        1520  oled.o(.constdata)
    F16x32                                   0x0800afee   Data         704  oled.o(.constdata)
    F32x32                                   0x0800b2ae   Data         384  oled.o(.constdata)
    F128x48                                  0x0800b42e   Data        2304  oled.o(.constdata)
    F128x64                                  0x0800bd2e   Data        1008  oled.o(.constdata)
    keyTab                                   0x0800c120   Data         360  mygui.o(.constdata)
    Region$$Table$$Base                      0x0800c3a8   Number         0  anon$$obj.o(Region$$Table)
    Region$$Table$$Limit                     0x0800c3c8   Number         0  anon$$obj.o(Region$$Table)
    __ctype                                  0x0800c3d5   Data           0  lc_ctype_c.o(locale$$data)
    zero                                     0x20000000   Data           3  main.o(.data)
    s6100                                    0x20000003   Data          12  main.o(.data)
    s4500                                    0x2000000f   Data           3  main.o(.data)
    s3000                                    0x20000012   Data           3  main.o(.data)
    s2500                                    0x20000015   Data           3  main.o(.data)
    music01                                  0x20000018   Data           6  main.o(.data)
    music02                                  0x2000001e   Data           6  main.o(.data)
    music03                                  0x20000024   Data           6  main.o(.data)
    music04                                  0x2000002a   Data           6  main.o(.data)
    link_time                                0x20000030   Data           2  main.o(.data)
    link_flag                                0x20000032   Data           1  main.o(.data)
    wifi_gizwit                              0x20000033   Data           1  main.o(.data)
    SystemCoreClock                          0x20000034   Data           4  system_stm32f10x.o(.data)
    AHBPrescTable                            0x20000038   Data          16  system_stm32f10x.o(.data)
    TX_buffer_0                              0x20000049   Data           1  ws2812.o(.data)
    TX_buffer_1                              0x2000004a   Data           1  ws2812.o(.data)
    TX_buffer_res                            0x2000004b   Data           1  ws2812.o(.data)
    RX_buffer                                0x2000004c   Data           1  ws2812.o(.data)
    keyFun                                   0x20000050   Data           1  mygui.o(.data)
    keyFunPt                                 0x20000054   Data           4  mygui.o(.data)
    keyFlag                                  0x20000058   Data           1  mygui.o(.data)
    time_c                                   0x20000059   Data           1  mygui.o(.data)
    time_s                                   0x2000005a   Data           1  mygui.o(.data)
    flag                                     0x2000005b   Data           1  mygui.o(.data)
    homework_flag                            0x2000005c   Data           1  mygui.o(.data)
    posture_flag                             0x2000005d   Data           1  mygui.o(.data)
    night_flag                               0x2000005e   Data           1  mygui.o(.data)
    cmd                                      0x2000005f   Data           1  mygui.o(.data)
    Led_OnOff_Change_flag                    0x20000060   Data           1  mygui.o(.data)
    valueLed_T_value_last                    0x20000061   Data           1  mygui.o(.data)
    WIFI_Sign                                0x20000064   Data           4  mygui.o(.data)
    Electricity_Sign                         0x20000068   Data           4  mygui.o(.data)
    Flashlight_Sign                          0x2000006c   Data           4  mygui.o(.data)
    mallco_dev                               0x20000070   Data          20  malloc.o(.data)
    USART2_RX_STA                            0x20000084   Data           2  usart2.o(.data)
    red_flag                                 0x20000086   Data           1  exti.o(.data)
    USART3_RX_STA                            0x20000088   Data           2  usart3.o(.data)
    wifiap_ssid                              0x2000008c   Data           4  commonnn.o(.data)
    wifiap_password                          0x20000090   Data           4  commonnn.o(.data)
    __stdout                                 0x20000098   Data           4  usart.o(.data)
    USART_RX_STA                             0x2000009c   Data           2  usart.o(.data)
    membase                                  0x200000c8   Data       35840  malloc.o(.bss)
    memmapbase                               0x20008cc8   Data        2240  malloc.o(.bss)
    USART2_TX_BUF                            0x20009588   Data        1024  usart2.o(.bss)
    USART2_RX_BUF                            0x20009988   Data        1024  usart2.o(.bss)
    USART3_RX_BUF                            0x20009d88   Data         600  usart3.o(.bss)
    USART3_TX_BUF                            0x20009fe0   Data         600  usart3.o(.bss)
    currentDataPoint                         0x2000a238   Data          72  gizwits_product.o(.bss)
    gizwitsProtocol                          0x2000a280   Data         540  gizwits_protocol.o(.bss)
    pRb                                      0x2000a49c   Data          16  gizwits_protocol.o(.bss)
    __libspace_start                         0x2000a500   Data          96  libspace.o(.bss)
    __temporary_stack_top$libspace           0x2000a560   Data           0  libspace.o(.bss)



==============================================================================

Memory Map of the image

  Image Entry point : 0x08000131

  Load Region LR_IROM1 (Base: 0x08000000, Size: 0x0000c5bc, Max: 0x00080000, ABSOLUTE)

    Execution Region ER_IROM1 (Base: 0x08000000, Size: 0x0000c4f4, Max: 0x00080000, ABSOLUTE)

    Base Addr    Size         Type   Attr      Idx    E Section Name        Object

    0x08000000   0x00000130   Data   RO          670    RESET               startup_stm32f10x_hd.o
    0x08000130   0x00000008   Code   RO         1117  * !!!main             c_w.l(__main.o)
    0x08000138   0x00000034   Code   RO         1408    !!!scatter          c_w.l(__scatter.o)
    0x0800016c   0x0000001a   Code   RO         1410    !!handler_copy      c_w.l(__scatter_copy.o)
    0x08000186   0x00000002   PAD
    0x08000188   0x0000001c   Code   RO         1412    !!handler_zi        c_w.l(__scatter_zi.o)
    0x080001a4   0x00000000   Code   RO         1104    .ARM.Collect$$_printf_percent$$00000000  c_w.l(_printf_percent.o)
    0x080001a4   0x00000006   Code   RO         1172    .ARM.Collect$$_printf_percent$$00000001  c_w.l(_printf_n.o)
    0x080001aa   0x00000006   Code   RO         1173    .ARM.Collect$$_printf_percent$$00000002  c_w.l(_printf_p.o)
    0x080001b0   0x00000006   Code   RO         1177    .ARM.Collect$$_printf_percent$$00000003  c_w.l(_printf_f.o)
    0x080001b6   0x00000006   Code   RO         1178    .ARM.Collect$$_printf_percent$$00000004  c_w.l(_printf_e.o)
    0x080001bc   0x00000006   Code   RO         1179    .ARM.Collect$$_printf_percent$$00000005  c_w.l(_printf_g.o)
    0x080001c2   0x00000006   Code   RO         1180    .ARM.Collect$$_printf_percent$$00000006  c_w.l(_printf_a.o)
    0x080001c8   0x0000000a   Code   RO         1185    .ARM.Collect$$_printf_percent$$00000007  c_w.l(_printf_ll.o)
    0x080001d2   0x00000006   Code   RO         1175    .ARM.Collect$$_printf_percent$$00000008  c_w.l(_printf_i.o)
    0x080001d8   0x00000006   Code   RO         1103    .ARM.Collect$$_printf_percent$$00000009  c_w.l(_printf_d.o)
    0x080001de   0x00000006   Code   RO         1176    .ARM.Collect$$_printf_percent$$0000000A  c_w.l(_printf_u.o)
    0x080001e4   0x00000006   Code   RO         1174    .ARM.Collect$$_printf_percent$$0000000B  c_w.l(_printf_o.o)
    0x080001ea   0x00000006   Code   RO         1102    .ARM.Collect$$_printf_percent$$0000000C  c_w.l(_printf_x.o)
    0x080001f0   0x00000006   Code   RO         1182    .ARM.Collect$$_printf_percent$$0000000D  c_w.l(_printf_lli.o)
    0x080001f6   0x00000006   Code   RO         1183    .ARM.Collect$$_printf_percent$$0000000E  c_w.l(_printf_lld.o)
    0x080001fc   0x00000006   Code   RO         1184    .ARM.Collect$$_printf_percent$$0000000F  c_w.l(_printf_llu.o)
    0x08000202   0x00000006   Code   RO         1189    .ARM.Collect$$_printf_percent$$00000010  c_w.l(_printf_llo.o)
    0x08000208   0x00000006   Code   RO         1190    .ARM.Collect$$_printf_percent$$00000011  c_w.l(_printf_llx.o)
    0x0800020e   0x0000000a   Code   RO         1186    .ARM.Collect$$_printf_percent$$00000012  c_w.l(_printf_l.o)
    0x08000218   0x00000006   Code   RO         1171    .ARM.Collect$$_printf_percent$$00000013  c_w.l(_printf_c.o)
    0x0800021e   0x00000006   Code   RO         1101    .ARM.Collect$$_printf_percent$$00000014  c_w.l(_printf_s.o)
    0x08000224   0x00000006   Code   RO         1187    .ARM.Collect$$_printf_percent$$00000015  c_w.l(_printf_lc.o)
    0x0800022a   0x00000006   Code   RO         1188    .ARM.Collect$$_printf_percent$$00000016  c_w.l(_printf_ls.o)
    0x08000230   0x00000004   Code   RO         1181    .ARM.Collect$$_printf_percent$$00000017  c_w.l(_printf_percent_end.o)
    0x08000234   0x00000002   Code   RO         1281    .ARM.Collect$$libinit$$00000000  c_w.l(libinit.o)
    0x08000236   0x00000000   Code   RO         1283    .ARM.Collect$$libinit$$00000002  c_w.l(libinit2.o)
    0x08000236   0x00000000   Code   RO         1285    .ARM.Collect$$libinit$$00000004  c_w.l(libinit2.o)
    0x08000236   0x00000000   Code   RO         1288    .ARM.Collect$$libinit$$0000000A  c_w.l(libinit2.o)
    0x08000236   0x00000000   Code   RO         1290    .ARM.Collect$$libinit$$0000000C  c_w.l(libinit2.o)
    0x08000236   0x00000000   Code   RO         1292    .ARM.Collect$$libinit$$0000000E  c_w.l(libinit2.o)
    0x08000236   0x00000006   Code   RO         1293    .ARM.Collect$$libinit$$0000000F  c_w.l(libinit2.o)
    0x0800023c   0x00000000   Code   RO         1295    .ARM.Collect$$libinit$$00000011  c_w.l(libinit2.o)
    0x0800023c   0x0000000c   Code   RO         1296    .ARM.Collect$$libinit$$00000012  c_w.l(libinit2.o)
    0x08000248   0x00000000   Code   RO         1297    .ARM.Collect$$libinit$$00000013  c_w.l(libinit2.o)
    0x08000248   0x00000000   Code   RO         1299    .ARM.Collect$$libinit$$00000015  c_w.l(libinit2.o)
    0x08000248   0x0000000a   Code   RO         1300    .ARM.Collect$$libinit$$00000016  c_w.l(libinit2.o)
    0x08000252   0x00000000   Code   RO         1301    .ARM.Collect$$libinit$$00000017  c_w.l(libinit2.o)
    0x08000252   0x00000000   Code   RO         1303    .ARM.Collect$$libinit$$00000019  c_w.l(libinit2.o)
    0x08000252   0x00000000   Code   RO         1305    .ARM.Collect$$libinit$$0000001B  c_w.l(libinit2.o)
    0x08000252   0x00000000   Code   RO         1307    .ARM.Collect$$libinit$$0000001D  c_w.l(libinit2.o)
    0x08000252   0x00000000   Code   RO         1309    .ARM.Collect$$libinit$$0000001F  c_w.l(libinit2.o)
    0x08000252   0x00000000   Code   RO         1311    .ARM.Collect$$libinit$$00000021  c_w.l(libinit2.o)
    0x08000252   0x00000000   Code   RO         1313    .ARM.Collect$$libinit$$00000023  c_w.l(libinit2.o)
    0x08000252   0x00000000   Code   RO         1315    .ARM.Collect$$libinit$$00000025  c_w.l(libinit2.o)
    0x08000252   0x00000000   Code   RO         1319    .ARM.Collect$$libinit$$0000002C  c_w.l(libinit2.o)
    0x08000252   0x00000000   Code   RO         1321    .ARM.Collect$$libinit$$0000002E  c_w.l(libinit2.o)
    0x08000252   0x00000000   Code   RO         1323    .ARM.Collect$$libinit$$00000030  c_w.l(libinit2.o)
    0x08000252   0x00000000   Code   RO         1325    .ARM.Collect$$libinit$$00000032  c_w.l(libinit2.o)
    0x08000252   0x00000002   Code   RO         1326    .ARM.Collect$$libinit$$00000033  c_w.l(libinit2.o)
    0x08000254   0x00000002   Code   RO         1358    .ARM.Collect$$libshutdown$$00000000  c_w.l(libshutdown.o)
    0x08000256   0x00000000   Code   RO         1367    .ARM.Collect$$libshutdown$$00000002  c_w.l(libshutdown2.o)
    0x08000256   0x00000000   Code   RO         1369    .ARM.Collect$$libshutdown$$00000004  c_w.l(libshutdown2.o)
    0x08000256   0x00000000   Code   RO         1372    .ARM.Collect$$libshutdown$$00000007  c_w.l(libshutdown2.o)
    0x08000256   0x00000000   Code   RO         1375    .ARM.Collect$$libshutdown$$0000000A  c_w.l(libshutdown2.o)
    0x08000256   0x00000000   Code   RO         1377    .ARM.Collect$$libshutdown$$0000000C  c_w.l(libshutdown2.o)
    0x08000256   0x00000000   Code   RO         1380    .ARM.Collect$$libshutdown$$0000000F  c_w.l(libshutdown2.o)
    0x08000256   0x00000002   Code   RO         1381    .ARM.Collect$$libshutdown$$00000010  c_w.l(libshutdown2.o)
    0x08000258   0x00000000   Code   RO         1143    .ARM.Collect$$rtentry$$00000000  c_w.l(__rtentry.o)
    0x08000258   0x00000000   Code   RO         1201    .ARM.Collect$$rtentry$$00000002  c_w.l(__rtentry2.o)
    0x08000258   0x00000006   Code   RO         1213    .ARM.Collect$$rtentry$$00000004  c_w.l(__rtentry4.o)
    0x0800025e   0x00000000   Code   RO         1203    .ARM.Collect$$rtentry$$00000009  c_w.l(__rtentry2.o)
    0x0800025e   0x00000004   Code   RO         1204    .ARM.Collect$$rtentry$$0000000A  c_w.l(__rtentry2.o)
    0x08000262   0x00000000   Code   RO         1206    .ARM.Collect$$rtentry$$0000000C  c_w.l(__rtentry2.o)
    0x08000262   0x00000008   Code   RO         1207    .ARM.Collect$$rtentry$$0000000D  c_w.l(__rtentry2.o)
    0x0800026a   0x00000002   Code   RO         1331    .ARM.Collect$$rtexit$$00000000  c_w.l(rtexit.o)
    0x0800026c   0x00000000   Code   RO         1338    .ARM.Collect$$rtexit$$00000002  c_w.l(rtexit2.o)
    0x0800026c   0x00000004   Code   RO         1339    .ARM.Collect$$rtexit$$00000003  c_w.l(rtexit2.o)
    0x08000270   0x00000006   Code   RO         1340    .ARM.Collect$$rtexit$$00000004  c_w.l(rtexit2.o)
    0x08000276   0x00000002   PAD
    0x08000278   0x00000288   Code   RO            1    .text               main.o
    0x08000500   0x0000001a   Code   RO          185    .text               stm32f10x_it.o
    0x0800051a   0x00000002   PAD
    0x0800051c   0x000001e0   Code   RO          283    .text               system_stm32f10x.o
    0x080006fc   0x0000004c   Code   RO          301    .text               led.o
    0x08000748   0x0000014c   Code   RO          345    .text               key.o
    0x08000894   0x000002f8   Code   RO          358    .text               ws2812.o
    0x08000b8c   0x00000264   Code   RO          385    .text               spi2.o
    0x08000df0   0x0000073c   Code   RO          397    .text               oled.o
    0x0800152c   0x00000a4c   Code   RO          416    .text               mygui.o
    0x08001f78   0x00000090   Code   RO          437    .text               esp8266-ap.o
    0x08002008   0x000001a0   Code   RO          468    .text               malloc.o
    0x080021a8   0x0000027c   Code   RO          488    .text               usart2.o
    0x08002424   0x000000b0   Code   RO          514    .text               exti.o
    0x080024d4   0x000002ac   Code   RO          532    .text               usart3.o
    0x08002780   0x00000134   Code   RO          554    .text               timer.o
    0x080028b4   0x000000e8   Code   RO          567    .text               usart4.o
    0x0800299c   0x000000fc   Code   RO          585    .text               commonnn.o
    0x08002a98   0x000000d4   Code   RO          604    .text               delay.o
    0x08002b6c   0x000000e0   Code   RO          635    .text               usart.o
    0x08002c4c   0x00000040   Code   RO          671    .text               startup_stm32f10x_hd.o
    0x08002c8c   0x000000dc   Code   RO          675    .text               misc.o
    0x08002d68   0x0000035c   Code   RO          687    .text               stm32f10x_gpio.o
    0x080030c4   0x000003a4   Code   RO          699    .text               stm32f10x_rcc.o
    0x08003468   0x00000408   Code   RO          713    .text               stm32f10x_usart.o
    0x08003870   0x00000254   Code   RO          725    .text               stm32f10x_dma.o
    0x08003ac4   0x0000030c   Code   RO          737    .text               stm32f10x_spi.o
    0x08003dd0   0x0000011c   Code   RO          833    .text               stm32f10x_exti.o
    0x08003eec   0x00000e1a   Code   RO          929    .text               stm32f10x_tim.o
    0x08004d06   0x00000002   PAD
    0x08004d08   0x00000630   Code   RO          953    .text               gizwits_product.o
    0x08005338   0x00002240   Code   RO          977    .text               gizwits_protocol.o
    0x08007578   0x00000398   Code   RO          999    .text               common_1.o
    0x08007910   0x0000034c   Code   RO         1012    .text               datapointtools.o
    0x08007c5c   0x000001ce   Code   RO         1024    .text               ringbuffer.o
    0x08007e2a   0x00000002   Code   RO         1038    .text               c_w.l(use_no_semi_2.o)
    0x08007e2c   0x0000001e   Code   RO         1040    .text               c_w.l(toupper.o)
    0x08007e4a   0x00000002   PAD
    0x08007e4c   0x00000024   Code   RO         1042    .text               c_w.l(c89vsprintf.o)
    0x08007e70   0x00000018   Code   RO         1044    .text               c_w.l(__2printf.o)
    0x08007e88   0x0000002c   Code   RO         1046    .text               c_w.l(__2sprintf.o)
    0x08007eb4   0x0000004e   Code   RO         1054    .text               c_w.l(_printf_pad.o)
    0x08007f02   0x00000052   Code   RO         1056    .text               c_w.l(_printf_str.o)
    0x08007f54   0x00000078   Code   RO         1058    .text               c_w.l(_printf_dec.o)
    0x08007fcc   0x00000094   Code   RO         1078    .text               c_w.l(_printf_hex_int_ll_ptr.o)
    0x08008060   0x00000188   Code   RO         1098    .text               c_w.l(__printf_flags_ss_wp.o)
    0x080081e8   0x00000024   Code   RO         1105    .text               c_w.l(strstr.o)
    0x0800820c   0x0000003e   Code   RO         1107    .text               c_w.l(strlen.o)
    0x0800824a   0x0000008a   Code   RO         1109    .text               c_w.l(rt_memcpy_v6.o)
    0x080082d4   0x00000064   Code   RO         1111    .text               c_w.l(rt_memcpy_w.o)
    0x08008338   0x00000044   Code   RO         1113    .text               c_w.l(rt_memclr.o)
    0x0800837c   0x00000006   Code   RO         1115    .text               c_w.l(heapauxi.o)
    0x08008382   0x00000002   Code   RO         1141    .text               c_w.l(use_no_semi.o)
    0x08008384   0x00000010   Code   RO         1144    .text               c_w.l(rt_ctype_table.o)
    0x08008394   0x00000024   Code   RO         1146    .text               c_w.l(_printf_truncate.o)
    0x080083b8   0x000000b2   Code   RO         1148    .text               c_w.l(_printf_intcommon.o)
    0x0800846a   0x00000028   Code   RO         1150    .text               c_w.l(_printf_charcount.o)
    0x08008492   0x00000002   PAD
    0x08008494   0x00000030   Code   RO         1152    .text               c_w.l(_printf_char_common.o)
    0x080084c4   0x0000000a   Code   RO         1154    .text               c_w.l(_sputc.o)
    0x080084ce   0x0000002c   Code   RO         1156    .text               c_w.l(_printf_char.o)
    0x080084fa   0x00000002   PAD
    0x080084fc   0x00000024   Code   RO         1158    .text               c_w.l(_printf_char_file.o)
    0x08008520   0x000000bc   Code   RO         1160    .text               c_w.l(_printf_wctomb.o)
    0x080085dc   0x0000007c   Code   RO         1163    .text               c_w.l(_printf_longlong_dec.o)
    0x08008658   0x00000070   Code   RO         1169    .text               c_w.l(_printf_oct_int_ll.o)
    0x080086c8   0x0000004e   Code   RO         1191    .text               c_w.l(rt_memclr_w.o)
    0x08008716   0x00000002   PAD
    0x08008718   0x00000008   Code   RO         1218    .text               c_w.l(rt_locale_intlibspace.o)
    0x08008720   0x0000008a   Code   RO         1220    .text               c_w.l(lludiv10.o)
    0x080087aa   0x0000041a   Code   RO         1222    .text               c_w.l(_printf_fp_dec.o)
    0x08008bc4   0x0000002c   Code   RO         1226    .text               c_w.l(_printf_wchar.o)
    0x08008bf0   0x00000008   Code   RO         1228    .text               c_w.l(ferror.o)
    0x08008bf8   0x00000040   Code   RO         1232    .text               c_w.l(_wcrtomb.o)
    0x08008c38   0x00000008   Code   RO         1237    .text               c_w.l(libspace.o)
    0x08008c40   0x0000004a   Code   RO         1240    .text               c_w.l(sys_stackheap_outer.o)
    0x08008c8a   0x00000002   PAD
    0x08008c8c   0x00000080   Code   RO         1242    .text               c_w.l(_printf_fp_infnan.o)
    0x08008d0c   0x000000dc   Code   RO         1244    .text               c_w.l(bigflt0.o)
    0x08008de8   0x00000012   Code   RO         1272    .text               c_w.l(exit.o)
    0x08008dfa   0x00000002   PAD
    0x08008dfc   0x00000080   Code   RO         1274    .text               c_w.l(strcmpv7m.o)
    0x08008e7c   0x0000003e   Code   RO         1247    CL$$btod_d2e        c_w.l(btod.o)
    0x08008eba   0x00000046   Code   RO         1249    CL$$btod_d2e_denorm_low  c_w.l(btod.o)
    0x08008f00   0x00000060   Code   RO         1248    CL$$btod_d2e_norm_op1  c_w.l(btod.o)
    0x08008f60   0x00000338   Code   RO         1257    CL$$btod_div_common  c_w.l(btod.o)
    0x08009298   0x000000c6   Code   RO         1254    CL$$btod_e2e        c_w.l(btod.o)
    0x0800935e   0x00000028   Code   RO         1251    CL$$btod_ediv       c_w.l(btod.o)
    0x08009386   0x00000028   Code   RO         1250    CL$$btod_emul       c_w.l(btod.o)
    0x080093ae   0x00000244   Code   RO         1256    CL$$btod_mult_common  c_w.l(btod.o)
    0x080095f2   0x00000028   Code   RO         1329    i.__ARM_fpclassify  m_ws.l(fpclassify.o)
    0x0800961a   0x0000000e   Code   RO         1091    i._is_digit         c_w.l(__printf_wp.o)
    0x08009628   0x0000002c   Code   RO         1235    locale$$code        c_w.l(lc_ctype_c.o)
    0x08009654   0x0000002c   Code   RO         1270    locale$$code        c_w.l(lc_numeric_c.o)
    0x08009680   0x000000c4   Code   RO         1119    x$fpl$fadd          fz_ws.l(faddsub_clz.o)
    0x08009744   0x00000184   Code   RO         1126    x$fpl$fdiv          fz_ws.l(fdiv.o)
    0x080098c8   0x0000003e   Code   RO         1129    x$fpl$ffixu         fz_ws.l(ffixu.o)
    0x08009906   0x00000002   PAD
    0x08009908   0x00000026   Code   RO         1133    x$fpl$ffltu         fz_ws.l(fflt_clz.o)
    0x0800992e   0x00000002   PAD
    0x08009930   0x00000102   Code   RO         1139    x$fpl$fmul          fz_ws.l(fmul.o)
    0x08009a32   0x0000008c   Code   RO         1193    x$fpl$fnaninf       fz_ws.l(fnaninf.o)
    0x08009abe   0x0000000a   Code   RO         1195    x$fpl$fretinf       fz_ws.l(fretinf.o)
    0x08009ac8   0x000000ea   Code   RO         1121    x$fpl$fsub          fz_ws.l(faddsub_clz.o)
    0x08009bb2   0x00000004   Code   RO         1197    x$fpl$printf1       fz_ws.l(printf1.o)
    0x08009bb6   0x00000000   Code   RO         1199    x$fpl$usenofp       fz_ws.l(usenofp.o)
    0x08009bb6   0x00002568   Data   RO          398    .constdata          oled.o
    0x0800c11e   0x00000002   PAD
    0x0800c120   0x00000168   Data   RO          417    .constdata          mygui.o
    0x0800c288   0x00000030   Data   RO         1000    .constdata          common_1.o
    0x0800c2b8   0x00000028   Data   RO         1079    .constdata          c_w.l(_printf_hex_int_ll_ptr.o)
    0x0800c2e0   0x00000011   Data   RO         1099    .constdata          c_w.l(__printf_flags_ss_wp.o)
    0x0800c2f1   0x00000003   PAD
    0x0800c2f4   0x00000008   Data   RO         1161    .constdata          c_w.l(_printf_wctomb.o)
    0x0800c2fc   0x00000094   Data   RO         1245    .constdata          c_w.l(bigflt0.o)
    0x0800c390   0x00000015   Data   RO          586    .conststring        commonnn.o
    0x0800c3a5   0x00000003   PAD
    0x0800c3a8   0x00000020   Data   RO         1406    Region$$Table       anon$$obj.o
    0x0800c3c8   0x00000110   Data   RO         1234    locale$$data        c_w.l(lc_ctype_c.o)
    0x0800c4d8   0x0000001c   Data   RO         1269    locale$$data        c_w.l(lc_numeric_c.o)


    Execution Region RW_IRAM1 (Base: 0x20000000, Size: 0x0000ab60, Max: 0x00010000, ABSOLUTE)

    Base Addr    Size         Type   Attr      Idx    E Section Name        Object

    0x20000000   0x00000034   Data   RW            2    .data               main.o
    0x20000034   0x00000014   Data   RW          284    .data               system_stm32f10x.o
    0x20000048   0x00000001   Data   RW          346    .data               key.o
    0x20000049   0x00000004   Data   RW          359    .data               ws2812.o
    0x2000004d   0x00000003   PAD
    0x20000050   0x00000020   Data   RW          418    .data               mygui.o
    0x20000070   0x00000014   Data   RW          471    .data               malloc.o
    0x20000084   0x00000002   Data   RW          490    .data               usart2.o
    0x20000086   0x00000001   Data   RW          515    .data               exti.o
    0x20000087   0x00000001   PAD
    0x20000088   0x00000002   Data   RW          534    .data               usart3.o
    0x2000008a   0x00000002   PAD
    0x2000008c   0x00000008   Data   RW          587    .data               commonnn.o
    0x20000094   0x00000004   Data   RW          605    .data               delay.o
    0x20000098   0x00000006   Data   RW          637    .data               usart.o
    0x2000009e   0x00000014   Data   RW          700    .data               stm32f10x_rcc.o
    0x200000b2   0x00000002   PAD
    0x200000b4   0x00000004   Data   RW          955    .data               gizwits_product.o
    0x200000b8   0x00000010   Data   RW          979    .data               gizwits_protocol.o
    0x200000c8   0x000094c0   Zero   RW          469    .bss                malloc.o
    0x20009588   0x00000800   Zero   RW          489    .bss                usart2.o
    0x20009d88   0x000004b0   Zero   RW          533    .bss                usart3.o
    0x2000a238   0x00000048   Zero   RW          954    .bss                gizwits_product.o
    0x2000a280   0x0000027e   Zero   RW          978    .bss                gizwits_protocol.o
    0x2000a4fe   0x00000002   PAD
    0x2000a500   0x00000060   Zero   RW         1238    .bss                c_w.l(libspace.o)
    0x2000a560   0x00000200   Zero   RW          669    HEAP                startup_stm32f10x_hd.o
    0x2000a760   0x00000400   Zero   RW          668    STACK               startup_stm32f10x_hd.o


==============================================================================

Image component sizes


      Code (inc. data)   RO Data    RW Data    ZI Data      Debug   Object Name

       920         10         48          0          0       4341   common_1.o
       252         32         21          8          0       2220   commonnn.o
       844          0          0          0          0       5466   datapointtools.o
       212         18          0          4          0       1091   delay.o
       144         66          0          0          0       1038   esp8266-ap.o
       176         24          0          1          0       1138   exti.o
      1584        786          0          4         72      18800   gizwits_product.o
      8768       2646          0         16        638      13106   gizwits_protocol.o
       332         32          0          1          0       1060   key.o
        76          8          0          0          0     207547   led.o
       648        252          0         52          0     259884   main.o
       416          6          0         20      38080       4153   malloc.o
       220         22          0          0          0       1849   misc.o
      2636        380        360         32          0       5094   mygui.o
      1852         36       9576          0          0       7350   oled.o
       462          0          0          0          0       2723   ringbuffer.o
       612         14          0          0          0       2310   spi2.o
        64         26        304          0       1536        808   startup_stm32f10x_hd.o
       596          8          0          0          0       4414   stm32f10x_dma.o
       284         10          0          0          0       2303   stm32f10x_exti.o
       860         38          0          0          0       5781   stm32f10x_gpio.o
        26          0          0          0          0      61614   stm32f10x_it.o
       932         36          0         20          0       8984   stm32f10x_rcc.o
       780         14          0          0          0       6662   stm32f10x_spi.o
      3610         88          0          0          0      22888   stm32f10x_tim.o
      1032         22          0          0          0       8508   stm32f10x_usart.o
         0          0          0          0          0         32   sys.o
       480         38          0         20          0       1815   system_stm32f10x.o
       308         20          0          0          0       1302   timer.o
       224         10          0          6          0       3202   usart.o
       636         30          0          2       2048       3785   usart2.o
       684         66          0          2       1200       3327   usart3.o
       232          8          0          0          0       1416   usart4.o
       760         18          0          4          0       3701   ws2812.o

    ----------------------------------------------------------------------
     31666       4764      10346        200      43576     679712   Object Totals
         0          0         32          0          0          0   (incl. Generated)
         4          0          5          8          2          0   (incl. Padding)

    ----------------------------------------------------------------------

      Code (inc. data)   RO Data    RW Data    ZI Data      Debug   Library Member Name

        24          4          0          0          0         84   __2printf.o
        44          6          0          0          0         84   __2sprintf.o
         8          0          0          0          0         68   __main.o
       392          4         17          0          0         92   __printf_flags_ss_wp.o
        14          0          0          0          0         68   __printf_wp.o
         0          0          0          0          0          0   __rtentry.o
        12          0          0          0          0          0   __rtentry2.o
         6          0          0          0          0          0   __rtentry4.o
        52          8          0          0          0          0   __scatter.o
        26          0          0          0          0          0   __scatter_copy.o
        28          0          0          0          0          0   __scatter_zi.o
         6          0          0          0          0          0   _printf_a.o
         6          0          0          0          0          0   _printf_c.o
        44          0          0          0          0        108   _printf_char.o
        48          6          0          0          0         96   _printf_char_common.o
        36          4          0          0          0         80   _printf_char_file.o
        40          0          0          0          0         68   _printf_charcount.o
         6          0          0          0          0          0   _printf_d.o
       120         16          0          0          0         92   _printf_dec.o
         6          0          0          0          0          0   _printf_e.o
         6          0          0          0          0          0   _printf_f.o
      1050          0          0          0          0        216   _printf_fp_dec.o
       128         16          0          0          0         84   _printf_fp_infnan.o
         6          0          0          0          0          0   _printf_g.o
       148          4         40          0          0        160   _printf_hex_int_ll_ptr.o
         6          0          0          0          0          0   _printf_i.o
       178          0          0          0          0         88   _printf_intcommon.o
        10          0          0          0          0          0   _printf_l.o
         6          0          0          0          0          0   _printf_lc.o
        10          0          0          0          0          0   _printf_ll.o
         6          0          0          0          0          0   _printf_lld.o
         6          0          0          0          0          0   _printf_lli.o
         6          0          0          0          0          0   _printf_llo.o
         6          0          0          0          0          0   _printf_llu.o
         6          0          0          0          0          0   _printf_llx.o
       124         16          0          0          0         92   _printf_longlong_dec.o
         6          0          0          0          0          0   _printf_ls.o
         6          0          0          0          0          0   _printf_n.o
         6          0          0          0          0          0   _printf_o.o
       112         10          0          0          0        124   _printf_oct_int_ll.o
         6          0          0          0          0          0   _printf_p.o
        78          0          0          0          0        108   _printf_pad.o
         0          0          0          0          0          0   _printf_percent.o
         4          0          0          0          0          0   _printf_percent_end.o
         6          0          0          0          0          0   _printf_s.o
        82          0          0          0          0         80   _printf_str.o
        36          0          0          0          0         84   _printf_truncate.o
         6          0          0          0          0          0   _printf_u.o
        44          0          0          0          0        108   _printf_wchar.o
       188          6          8          0          0         92   _printf_wctomb.o
         6          0          0          0          0          0   _printf_x.o
        10          0          0          0          0         68   _sputc.o
        64          0          0          0          0         92   _wcrtomb.o
       220          4        148          0          0         96   bigflt0.o
      1910        128          0          0          0        672   btod.o
        36          4          0          0          0         76   c89vsprintf.o
        18          0          0          0          0         80   exit.o
         8          0          0          0          0         68   ferror.o
         6          0          0          0          0        152   heapauxi.o
        44         10        272          0          0         76   lc_ctype_c.o
        44         10         28          0          0         76   lc_numeric_c.o
         2          0          0          0          0          0   libinit.o
        30          0          0          0          0          0   libinit2.o
         2          0          0          0          0          0   libshutdown.o
         2          0          0          0          0          0   libshutdown2.o
         8          4          0          0         96         68   libspace.o
       138          0          0          0          0         80   lludiv10.o
        16          4          0          0          0         76   rt_ctype_table.o
         8          4          0          0          0         68   rt_locale_intlibspace.o
        68          0          0          0          0         68   rt_memclr.o
        78          0          0          0          0         80   rt_memclr_w.o
       138          0          0          0          0         68   rt_memcpy_v6.o
       100          0          0          0          0         80   rt_memcpy_w.o
         2          0          0          0          0          0   rtexit.o
        10          0          0          0          0          0   rtexit2.o
       128          0          0          0          0         68   strcmpv7m.o
        62          0          0          0          0         76   strlen.o
        36          0          0          0          0         80   strstr.o
        74          0          0          0          0         80   sys_stackheap_outer.o
        30          0          0          0          0         76   toupper.o
         2          0          0          0          0         68   use_no_semi.o
         2          0          0          0          0         68   use_no_semi_2.o
       430          8          0          0          0        168   faddsub_clz.o
       388         76          0          0          0         96   fdiv.o
        62          4          0          0          0         84   ffixu.o
        38          0          0          0          0         68   fflt_clz.o
       258          4          0          0          0         84   fmul.o
       140          4          0          0          0         84   fnaninf.o
        10          0          0          0          0         68   fretinf.o
         4          0          0          0          0         68   printf1.o
         0          0          0          0          0          0   usenofp.o
        40          0          0          0          0         68   fpclassify.o

    ----------------------------------------------------------------------
      7892        364        516          0         96       5424   Library Totals
        20          0          3          0          0          0   (incl. Padding)

    ----------------------------------------------------------------------

      Code (inc. data)   RO Data    RW Data    ZI Data      Debug   Library Name

      6502        268        513          0         96       4636   c_w.l
      1330         96          0          0          0        720   fz_ws.l
        40          0          0          0          0         68   m_ws.l

    ----------------------------------------------------------------------
      7892        364        516          0         96       5424   Library Totals

    ----------------------------------------------------------------------

==============================================================================


      Code (inc. data)   RO Data    RW Data    ZI Data      Debug   

     39558       5128      10862        200      43672     679308   Grand Totals
     39558       5128      10862        200      43672     679308   ELF Image Totals
     39558       5128      10862        200          0          0   ROM Totals

==============================================================================

    Total RO  Size (Code + RO Data)                50420 (  49.24kB)
    Total RW  Size (RW Data + ZI Data)             43872 (  42.84kB)
    Total ROM Size (Code + RO Data + RW Data)      50620 (  49.43kB)

==============================================================================

