Component: ARM Compiler 5.06 update 4 (build 422) Tool: armlink [4d35d2]

==============================================================================

Section Cross References

    main.o(.text) refers to delay.o(.text) for delay_init
    main.o(.text) refers to misc.o(.text) for NVIC_PriorityGroupConfig
    main.o(.text) refers to usart.o(.text) for uart_init
    main.o(.text) refers to usart2.o(.text) for USART2_Init
    main.o(.text) refers to usart3.o(.text) for usart3_init
    main.o(.text) refers to usart4.o(.text) for uart4_init
    main.o(.text) refers to led.o(.text) for LED_Init
    main.o(.text) refers to key.o(.text) for KEY_Init
    main.o(.text) refers to spi2.o(.text) for SPI2_Init
    main.o(.text) refers to oled.o(.text) for IIC_Init
    main.o(.text) refers to __2printf.o(.text) for __2printf
    main.o(.text) refers to mygui.o(.text) for displayOperation
    system_stm32f10x.o(.text) refers to system_stm32f10x.o(.data) for SystemCoreClock
    led.o(.text) refers to stm32f10x_rcc.o(.text) for RCC_APB2PeriphClockCmd
    led.o(.text) refers to stm32f10x_gpio.o(.text) for GPIO_Init
    key.o(.text) refers to stm32f10x_rcc.o(.text) for RCC_APB2PeriphClockCmd
    key.o(.text) refers to stm32f10x_gpio.o(.text) for GPIO_Init
    key.o(.text) refers to delay.o(.text) for delay_ms
    key.o(.text) refers to key.o(.data) for key_up
    ws2812.o(.text) refers to stm32f10x_rcc.o(.text) for RCC_APB2PeriphClockCmd
    ws2812.o(.text) refers to stm32f10x_gpio.o(.text) for GPIO_Init
    ws2812.o(.text) refers to spi2.o(.text) for DMA1_Spi2_TX
    ws2812.o(.text) refers to ws2812.o(.data) for TX_buffer_res
    spi2.o(.text) refers to stm32f10x_rcc.o(.text) for RCC_AHBPeriphClockCmd
    spi2.o(.text) refers to stm32f10x_dma.o(.text) for DMA_DeInit
    spi2.o(.text) refers to stm32f10x_spi.o(.text) for SPI_I2S_DMACmd
    spi2.o(.text) refers to stm32f10x_gpio.o(.text) for GPIO_Init
    oled.o(.text) refers to stm32f10x_rcc.o(.text) for RCC_APB2PeriphClockCmd
    oled.o(.text) refers to stm32f10x_gpio.o(.text) for GPIO_Init
    oled.o(.text) refers to delay.o(.text) for delay_us
    oled.o(.text) refers to oled.o(.constdata) for F6x8
    mygui.o(.text) refers to __2printf.o(.text) for __2printf
    mygui.o(.text) refers to oled.o(.text) for OLED_CLS
    mygui.o(.text) refers to key.o(.text) for KEY_Scan
    mygui.o(.text) refers to ws2812.o(.text) for SendOneFrame_sample
    mygui.o(.text) refers to usart3.o(.text) for zigbee_recevice_cmd
    mygui.o(.text) refers to usart4.o(.text) for Uart4_Send
    mygui.o(.text) refers to esp8266-ap.o(.text) for open_ap
    mygui.o(.text) refers to mygui.o(.data) for keyFlag
    mygui.o(.text) refers to main.o(.data) for s6100
    mygui.o(.text) refers to exti.o(.text) for red_Init
    mygui.o(.text) refers to mygui.o(.constdata) for keyTab
    mygui.o(.constdata) refers to mygui.o(.text) for Fun_light
    esp8266-ap.o(.text) refers to _printf_percent.o(.ARM.Collect$$_printf_percent$$00000000) for _printf_percent
    esp8266-ap.o(.text) refers to _printf_s.o(.ARM.Collect$$_printf_percent$$00000014) for _printf_s
    esp8266-ap.o(.text) refers to _printf_str.o(.text) for _printf_str
    esp8266-ap.o(.text) refers to malloc.o(.text) for mymalloc
    esp8266-ap.o(.text) refers to __2printf.o(.text) for __2printf
    esp8266-ap.o(.text) refers to commonnn.o(.text) for atk_8266_send_cmd
    esp8266-ap.o(.text) refers to delay.o(.text) for delay_ms
    esp8266-ap.o(.text) refers to __2sprintf.o(.text) for __2sprintf
    esp8266-ap.o(.text) refers to commonnn.o(.data) for wifiap_password
    malloc.o(.text) refers to malloc.o(.data) for mallco_dev
    malloc.o(.data) refers to malloc.o(.text) for mem_init
    malloc.o(.data) refers to malloc.o(.bss) for membase
    usart2.o(.text) refers to stm32f10x_tim.o(.text) for TIM_SetCounter
    usart2.o(.text) refers to stm32f10x_usart.o(.text) for USART_GetITStatus
    usart2.o(.text) refers to stm32f10x_rcc.o(.text) for RCC_APB1PeriphClockCmd
    usart2.o(.text) refers to misc.o(.text) for NVIC_Init
    usart2.o(.text) refers to stm32f10x_dma.o(.text) for DMA_DeInit
    usart2.o(.text) refers to stm32f10x_gpio.o(.text) for GPIO_Init
    usart2.o(.text) refers to c89vsprintf.o(.text) for __c89vsprintf
    usart2.o(.text) refers to strlen.o(.text) for strlen
    usart2.o(.text) refers to usart2.o(.data) for USART2_RX_STA
    usart2.o(.text) refers to usart2.o(.bss) for USART2_RX_BUF
    exti.o(.text) refers to stm32f10x_rcc.o(.text) for RCC_APB2PeriphClockCmd
    exti.o(.text) refers to stm32f10x_gpio.o(.text) for GPIO_EXTILineConfig
    exti.o(.text) refers to stm32f10x_exti.o(.text) for EXTI_Init
    exti.o(.text) refers to misc.o(.text) for NVIC_Init
    exti.o(.text) refers to __2printf.o(.text) for __2printf
    exti.o(.text) refers to exti.o(.data) for red_flag
    usart3.o(.text) refers to _printf_percent.o(.ARM.Collect$$_printf_percent$$00000000) for _printf_percent
[...]
    __rt_lib_init                            0x08000235   Thumb Code     0  libinit.o(.ARM.Collect$$libinit$$00000000)
    __rt_lib_init_fp_1                       0x08000237   Thumb Code     0  libinit2.o(.ARM.Collect$$libinit$$00000002)
    __rt_lib_init_heap_1                     0x08000237   Thumb Code     0  libinit2.o(.ARM.Collect$$libinit$$0000000A)
    __rt_lib_init_lc_common                  0x08000237   Thumb Code     0  libinit2.o(.ARM.Collect$$libinit$$0000000F)
    __rt_lib_init_preinit_1                  0x08000237   Thumb Code     0  libinit2.o(.ARM.Collect$$libinit$$00000004)
    __rt_lib_init_rand_1                     0x08000237   Thumb Code     0  libinit2.o(.ARM.Collect$$libinit$$0000000E)
    __rt_lib_init_user_alloc_1               0x08000237   Thumb Code     0  libinit2.o(.ARM.Collect$$libinit$$0000000C)
    __rt_lib_init_lc_collate_1               0x0800023d   Thumb Code     0  libinit2.o(.ARM.Collect$$libinit$$00000011)
    __rt_lib_init_lc_ctype_2                 0x0800023d   Thumb Code     0  libinit2.o(.ARM.Collect$$libinit$$00000012)
    __rt_lib_init_lc_ctype_1                 0x08000249   Thumb Code     0  libinit2.o(.ARM.Collect$$libinit$$00000013)
    __rt_lib_init_lc_monetary_1              0x08000249   Thumb Code     0  libinit2.o(.ARM.Collect$$libinit$$00000015)
    __rt_lib_init_lc_numeric_2               0x08000249   Thumb Code     0  libinit2.o(.ARM.Collect$$libinit$$00000016)
    __rt_lib_init_alloca_1                   0x08000253   Thumb Code     0  libinit2.o(.ARM.Collect$$libinit$$0000002E)
    __rt_lib_init_argv_1                     0x08000253   Thumb Code     0  libinit2.o(.ARM.Collect$$libinit$$0000002C)
    __rt_lib_init_atexit_1                   0x08000253   Thumb Code     0  libinit2.o(.ARM.Collect$$libinit$$0000001B)
    __rt_lib_init_clock_1                    0x08000253   Thumb Code     0  libinit2.o(.ARM.Collect$$libinit$$00000021)
    __rt_lib_init_cpp_1                      0x08000253   Thumb Code     0  libinit2.o(.ARM.Collect$$libinit$$00000032)
    __rt_lib_init_exceptions_1               0x08000253   Thumb Code     0  libinit2.o(.ARM.Collect$$libinit$$00000030)
    __rt_lib_init_fp_trap_1                  0x08000253   Thumb Code     0  libinit2.o(.ARM.Collect$$libinit$$0000001F)
    __rt_lib_init_getenv_1                   0x08000253   Thumb Code     0  libinit2.o(.ARM.Collect$$libinit$$00000023)
    __rt_lib_init_lc_numeric_1               0x08000253   Thumb Code     0  libinit2.o(.ARM.Collect$$libinit$$00000017)
    __rt_lib_init_lc_time_1                  0x08000253   Thumb Code     0  libinit2.o(.ARM.Collect$$libinit$$00000019)
    __rt_lib_init_return                     0x08000253   Thumb Code     0  libinit2.o(.ARM.Collect$$libinit$$00000033)
    __rt_lib_init_signal_1                   0x08000253   Thumb Code     0  libinit2.o(.ARM.Collect$$libinit$$0000001D)
    __rt_lib_init_stdio_1                    0x08000253   Thumb Code     0  libinit2.o(.ARM.Collect$$libinit$$00000025)
    __rt_lib_shutdown                        0x08000255   Thumb Code     0  libshutdown.o(.ARM.Collect$$libshutdown$$00000000)
    __rt_lib_shutdown_cpp_1                  0x08000257   Thumb Code     0  libshutdown2.o(.ARM.Collect$$libshutdown$$00000002)
    __rt_lib_shutdown_fp_trap_1              0x08000257   Thumb Code     0  libshutdown2.o(.ARM.Collect$$libshutdown$$00000007)
    __rt_lib_shutdown_heap_1                 0x08000257   Thumb Code     0  libshutdown2.o(.ARM.Collect$$libshutdown$$0000000F)
    __rt_lib_shutdown_return                 0x08000257   Thumb Code     0  libshutdown2.o(.ARM.Collect$$libshutdown$$00000010)
    __rt_lib_shutdown_signal_1               0x08000257   Thumb Code     0  libshutdown2.o(.ARM.Collect$$libshutdown$$0000000A)
    __rt_lib_shutdown_stdio_1                0x08000257   Thumb Code     0  libshutdown2.o(.ARM.Collect$$libshutdown$$00000004)
    __rt_lib_shutdown_user_alloc_1           0x08000257   Thumb Code     0  libshutdown2.o(.ARM.Collect$$libshutdown$$0000000C)
    __rt_entry                               0x08000259   Thumb Code     0  __rtentry.o(.ARM.Collect$$rtentry$$00000000)
    __rt_entry_presh_1                       0x08000259   Thumb Code     0  __rtentry2.o(.ARM.Collect$$rtentry$$00000002)
    __rt_entry_sh                            0x08000259   Thumb Code     0  __rtentry4.o(.ARM.Collect$$rtentry$$00000004)
    __rt_entry_li                            0x0800025f   Thumb Code     0  __rtentry2.o(.ARM.Collect$$rtentry$$0000000A)
    __rt_entry_postsh_1                      0x0800025f   Thumb Code     0  __rtentry2.o(.ARM.Collect$$rtentry$$00000009)
    __rt_entry_main                          0x08000263   Thumb Code     0  __rtentry2.o(.ARM.Collect$$rtentry$$0000000D)
    __rt_entry_postli_1                      0x08000263   Thumb Code     0  __rtentry2.o(.ARM.Collect$$rtentry$$0000000C)
    __rt_exit                                0x0800026b   Thumb Code     0  rtexit.o(.ARM.Collect$$rtexit$$00000000)
    __rt_exit_ls                             0x0800026d   Thumb Code     0  rtexit2.o(.ARM.Collect$$rtexit$$00000003)
    __rt_exit_prels_1                        0x0800026d   Thumb Code     0  rtexit2.o(.ARM.Collect$$rtexit$$00000002)
    __rt_exit_exit                           0x08000271   Thumb Code     0  rtexit2.o(.ARM.Collect$$rtexit$$00000004)
    JTAG_Set                                 0x08000279   Thumb Code    38  main.o(.text)
    main                                     0x0800029f   Thumb Code    90  main.o(.text)
    NMI_Handler                              0x08000319   Thumb Code     2  stm32f10x_it.o(.text)
    HardFault_Handler                        0x0800031b   Thumb Code     4  stm32f10x_it.o(.text)
    MemManage_Handler                        0x0800031f   Thumb Code     4  stm32f10x_it.o(.text)
    BusFault_Handler                         0x08000323   Thumb Code     4  stm32f10x_it.o(.text)
    UsageFault_Handler                       0x08000327   Thumb Code     4  stm32f10x_it.o(.text)
    SVC_Handler                              0x0800032b   Thumb Code     2  stm32f10x_it.o(.text)
    DebugMon_Handler                         0x0800032d   Thumb Code     2  stm32f10x_it.o(.text)
    PendSV_Handler                           0x0800032f   Thumb Code     2  stm32f10x_it.o(.text)
    SysTick_Handler                          0x08000331   Thumb Code     2  stm32f10x_it.o(.text)
    SystemInit                               0x08000413   Thumb Code    78  system_stm32f10x.o(.text)
    SystemCoreClockUpdate                    0x08000461   Thumb Code   142  system_stm32f10x.o(.text)
    LED_Init                                 0x08000515   Thumb Code    68  led.o(.text)
    KEY_Init                                 0x08000561   Thumb Code    52  key.o(.text)
    KEY_Scan                                 0x08000595   Thumb Code   188  key.o(.text)
    PB0_Init                                 0x0800065d   Thumb Code    38  ws2812.o(.text)
    IO_Init                                  0x08000683   Thumb Code     2  ws2812.o(.text)
    ResetDataFlow                            0x08000685   Thumb Code   268  ws2812.o(.text)
    SendOnePix                               0x08000791   Thumb Code    64  ws2812.o(.text)
    SendOneFrame                             0x080007d1   Thumb Code    36  ws2812.o(.text)
    SendOneFrame_sample                      0x080007f5   Thumb Code    32  ws2812.o(.text)
    SendOneFrame_stronge                     0x08000815   Thumb Code   140  ws2812.o(.text)
    SendSameColor                            0x080008a1   Thumb Code    34  ws2812.o(.text)
    SendOneFrameFrom                         0x080008c3   Thumb Code    68  ws2812.o(.text)
    SendOneFrameSince                        0x08000907   Thumb Code    60  ws2812.o(.text)
    DMA1_Spi2_Init                           0x08000955   Thumb Code   150  spi2.o(.text)
    SPI2_SetSpeed                            0x080009eb   Thumb Code    42  spi2.o(.text)
    SPI2_Init                                0x08000a15   Thumb Code   148  spi2.o(.text)
    SPI2_ReadWriteByte                       0x08000aa9   Thumb Code    86  spi2.o(.text)
    DMA1_Spi2_RX                             0x08000aff   Thumb Code   112  spi2.o(.text)
    DMA1_Spi2_TX                             0x08000b6f   Thumb Code    60  spi2.o(.text)
    IIC_Init                                 0x08000bb9   Thumb Code    38  oled.o(.text)
    OLED_IIC_Start                           0x08000bdf   Thumb Code    40  oled.o(.text)
    OLED_IIC_Stop                            0x08000c07   Thumb Code    42  oled.o(.text)
    Write_IIC_Byte                           0x08000c31   Thumb Code    86  oled.o(.text)
    OLED_WrDat                               0x08000c87   Thumb Code    32  oled.o(.text)
    OLED_WrCmd                               0x08000ca7   Thumb Code    32  oled.o(.text)
    OLED_Set_Pos                             0x08000cc7   Thumb Code    40  oled.o(.text)
    OLED_Fill                                0x08000cef   Thumb Code    58  oled.o(.text)
    OLED_CLS                                 0x08000d29   Thumb Code    56  oled.o(.text)
    OLED_OFF                                 0x08000d61   Thumb Code    22  oled.o(.text)
    OLED_ON                                  0x08000d77   Thumb Code    22  oled.o(.text)
    OLED_Init                                0x08000d8d   Thumb Code   194  oled.o(.text)
    oled_pow                                 0x08000e4f   Thumb Code    22  oled.o(.text)
    OLED_ShowChar                            0x08000e65   Thumb Code    76  oled.o(.text)
    OLED_ShowNum                             0x08000eb1   Thumb Code   132  oled.o(.text)
    OLED_P6x8Str                             0x08000f35   Thumb Code    96  oled.o(.text)
    OLED_P8x16Str                            0x08000f95   Thumb Code   146  oled.o(.text)
    OLED_P16x16Ch                            0x08001027   Thumb Code    80  oled.o(.text)
    OLED_P16x32Ch                            0x08001077   Thumb Code   144  oled.o(.text)
    OLED_P32x32Ch                            0x08001107   Thumb Code   144  oled.o(.text)
    OLED_P128x48Ch                           0x08001197   Thumb Code   212  oled.o(.text)
    OLED_P128x64Ch                           0x0800126b   Thumb Code     2  oled.o(.text)
    Draw_BMP                                 0x0800126d   Thumb Code   116  oled.o(.text)
    Fun_light                                0x080012f5   Thumb Code   634  mygui.o(.text)
    WifiDisplay                              0x0800156f   Thumb Code    16  mygui.o(.text)
    FlashlightDisplay                        0x0800157f   Thumb Code    20  mygui.o(.text)
    Fun_homework                             0x08001593   Thumb Code   682  mygui.o(.text)
    Fun_posture                              0x0800183d   Thumb Code   372  mygui.o(.text)
    Fun_night                                0x080019b1   Thumb Code   446  mygui.o(.text)
    displayOperation                         0x08001b6f   Thumb Code   304  mygui.o(.text)
    ElectricityDisplay                       0x08001c9f   Thumb Code    16  mygui.o(.text)
    open_ap                                  0x08001cc5   Thumb Code    78  esp8266-ap.o(.text)
    mymemcpy                                 0x08001d55   Thumb Code    26  malloc.o(.text)
    mymemset                                 0x08001d6f   Thumb Code    20  malloc.o(.text)
    mem_init                                 0x08001d83   Thumb Code    38  malloc.o(.text)
    mem_perused                              0x08001da9   Thumb Code    42  malloc.o(.text)
    mem_malloc                               0x08001dd3   Thumb Code   116  malloc.o(.text)
    mem_free                                 0x08001e47   Thumb Code    66  malloc.o(.text)
    myfree                                   0x08001e89   Thumb Code    24  malloc.o(.text)
    mymalloc                                 0x08001ea1   Thumb Code    28  malloc.o(.text)
    myrealloc                                0x08001ebd   Thumb Code    50  malloc.o(.text)
    TIM4_Set                                 0x08001ef5   Thumb Code    34  usart2.o(.text)
    USART2_IRQHandler                        0x08001f17   Thumb Code    84  usart2.o(.text)
    TIM4_Init                                0x08001f6b   Thumb Code    82  usart2.o(.text)
    UART_DMA_Config                          0x08001fbd   Thumb Code    72  usart2.o(.text)
    USART2_Init                              0x08002005   Thumb Code   206  usart2.o(.text)
    UART_DMA_Enable                          0x080020d3   Thumb Code    32  usart2.o(.text)
    u2_printf                                0x080020f3   Thumb Code    56  usart2.o(.text)
    TIM4_IRQHandler                          0x0800212b   Thumb Code    40  usart2.o(.text)
    EXTIX_Init                               0x08002171   Thumb Code    82  exti.o(.text)
    EXTI2_IRQHandler                         0x080021c3   Thumb Code    38  exti.o(.text)
    red_Init                                 0x080021e9   Thumb Code    32  exti.o(.text)
    USART3_IRQHandler                        0x08002221   Thumb Code    94  usart3.o(.text)
    usart3_init                              0x0800227f   Thumb Code   192  usart3.o(.text)
    u3_printf                                0x0800233f   Thumb Code    72  usart3.o(.text)
    zigbee_check_cmd                         0x08002387   Thumb Code    44  usart3.o(.text)
    zigbee_send_cmd                          0x080023b3   Thumb Code    92  usart3.o(.text)
    zigbee_recevice_cmd                      0x0800240f   Thumb Code   124  usart3.o(.text)
    TIM7_IRQHandler                          0x080024cd   Thumb Code    42  timer.o(.text)
    TIM7_Int_Init                            0x080024f7   Thumb Code    90  timer.o(.text)
    TIM3_Int_Init                            0x08002551   Thumb Code    90  timer.o(.text)
    TIM3_IRQHandler                          0x080025ab   Thumb Code    26  timer.o(.text)
    uart4_init                               0x080025d1   Thumb Code   146  usart4.o(.text)
    Uart4_Send                               0x08002663   Thumb Code    78  usart4.o(.text)
    atk_8266_check_cmd                       0x080026b9   Thumb Code    44  commonnn.o(.text)
    atk_8266_send_cmd                        0x080026e5   Thumb Code    92  commonnn.o(.text)
    atk_8266_send_data                       0x08002741   Thumb Code    84  commonnn.o(.text)
    delay_init                               0x080027b5   Thumb Code    50  delay.o(.text)
    delay_us                                 0x080027e7   Thumb Code    72  delay.o(.text)
    delay_ms                                 0x0800282f   Thumb Code    72  delay.o(.text)
    _sys_exit                                0x08002889   Thumb Code     4  usart.o(.text)
    fputc                                    0x0800288d   Thumb Code    24  usart.o(.text)
    uart_init                                0x080028a5   Thumb Code   152  usart.o(.text)
    USART1_IRQHandler                        0x0800293d   Thumb Code    34  usart.o(.text)
    Reset_Handler                            0x08002969   Thumb Code     8  startup_stm32f10x_hd.o(.text)
    ADC1_2_IRQHandler                        0x08002983   Thumb Code     0  startup_stm32f10x_hd.o(.text)
    ADC3_IRQHandler                          0x08002983   Thumb Code     0  startup_stm32f10x_hd.o(.text)
    CAN1_RX1_IRQHandler                      0x08002983   Thumb Code     0  startup_stm32f10x_hd.o(.text)
    CAN1_SCE_IRQHandler                      0x08002983   Thumb Code     0  startup_stm32f10x_hd.o(.text)
    DMA1_Channel1_IRQHandler                 0x08002983   Thumb Code     0  startup_stm32f10x_hd.o(.text)
    DMA1_Channel2_IRQHandler                 0x08002983   Thumb Code     0  startup_stm32f10x_hd.o(.text)
    DMA1_Channel3_IRQHandler                 0x08002983   Thumb Code     0  startup_stm32f10x_hd.o(.text)
    DMA1_Channel4_IRQHandler                 0x08002983   Thumb Code     0  startup_stm32f10x_hd.o(.text)
    DMA1_Channel5_IRQHandler                 0x08002983   Thumb Code     0  startup_stm32f10x_hd.o(.text)
    DMA1_Channel6_IRQHandler                 0x08002983   Thumb Code     0  startup_stm32f10x_hd.o(.text)
    DMA1_Channel7_IRQHandler                 0x08002983   Thumb Code     0  startup_stm32f10x_hd.o(.text)
    DMA2_Channel1_IRQHandler                 0x08002983   Thumb Code     0  startup_stm32f10x_hd.o(.text)
    DMA2_Channel2_IRQHandler                 0x08002983   Thumb Code     0  startup_stm32f10x_hd.o(.text)
    DMA2_Channel3_IRQHandler                 0x08002983   Thumb Code     0  startup_stm32f10x_hd.o(.text)
    DMA2_Channel4_5_IRQHandler               0x08002983   Thumb Code     0  startup_stm32f10x_hd.o(.text)
    EXTI0_IRQHandler                         0x08002983   Thumb Code     0  startup_stm32f10x_hd.o(.text)
    EXTI15_10_IRQHandler                     0x08002983   Thumb Code     0  startup_stm32f10x_hd.o(.text)
    EXTI1_IRQHandler                         0x08002983   Thumb Code     0  startup_stm32f10x_hd.o(.text)
    EXTI3_IRQHandler                         0x08002983   Thumb Code     0  startup_stm32f10x_hd.o(.text)
    EXTI4_IRQHandler                         0x08002983   Thumb Code     0  startup_stm32f10x_hd.o(.text)
    EXTI9_5_IRQHandler                       0x08002983   Thumb Code     0  startup_stm32f10x_hd.o(.text)
    FLASH_IRQHandler                         0x08002983   Thumb Code     0  startup_stm32f10x_hd.o(.text)
    FSMC_IRQHandler                          0x08002983   Thumb Code     0  startup_stm32f10x_hd.o(.text)
    I2C1_ER_IRQHandler                       0x08002983   Thumb Code     0  startup_stm32f10x_hd.o(.text)
    I2C1_EV_IRQHandler                       0x08002983   Thumb Code     0  startup_stm32f10x_hd.o(.text)
    I2C2_ER_IRQHandler                       0x08002983   Thumb Code     0  startup_stm32f10x_hd.o(.text)
    I2C2_EV_IRQHandler                       0x08002983   Thumb Code     0  startup_stm32f10x_hd.o(.text)
    PVD_IRQHandler                           0x08002983   Thumb Code     0  startup_stm32f10x_hd.o(.text)
    RCC_IRQHandler                           0x08002983   Thumb Code     0  startup_stm32f10x_hd.o(.text)
    RTCAlarm_IRQHandler                      0x08002983   Thumb Code     0  startup_stm32f10x_hd.o(.text)
    RTC_IRQHandler                           0x08002983   Thumb Code     0  startup_stm32f10x_hd.o(.text)
    SDIO_IRQHandler                          0x08002983   Thumb Code     0  startup_stm32f10x_hd.o(.text)
    SPI1_IRQHandler                          0x08002983   Thumb Code     0  startup_stm32f10x_hd.o(.text)
    SPI2_IRQHandler                          0x08002983   Thumb Code     0  startup_stm32f10x_hd.o(.text)
    SPI3_IRQHandler                          0x08002983   Thumb Code     0  startup_stm32f10x_hd.o(.text)
    TAMPER_IRQHandler                        0x08002983   Thumb Code     0  startup_stm32f10x_hd.o(.text)
    TIM1_BRK_IRQHandler                      0x08002983   Thumb Code     0  startup_stm32f10x_hd.o(.text)
    TIM1_CC_IRQHandler                       0x08002983   Thumb Code     0  startup_stm32f10x_hd.o(.text)
    TIM1_TRG_COM_IRQHandler                  0x08002983   Thumb Code     0  startup_stm32f10x_hd.o(.text)
    TIM1_UP_IRQHandler                       0x08002983   Thumb Code     0  startup_stm32f10x_hd.o(.text)
    TIM2_IRQHandler                          0x08002983   Thumb Code     0  startup_stm32f10x_hd.o(.text)
    TIM5_IRQHandler                          0x08002983   Thumb Code     0  startup_stm32f10x_hd.o(.text)
    TIM6_IRQHandler                          0x08002983   Thumb Code     0  startup_stm32f10x_hd.o(.text)
    TIM8_BRK_IRQHandler                      0x08002983   Thumb Code     0  startup_stm32f10x_hd.o(.text)
    TIM8_CC_IRQHandler                       0x08002983   Thumb Code     0  startup_stm32f10x_hd.o(.text)
    TIM8_TRG_COM_IRQHandler                  0x08002983   Thumb Code     0  startup_stm32f10x_hd.o(.text)
    TIM8_UP_IRQHandler                       0x08002983   Thumb Code     0  startup_stm32f10x_hd.o(.text)
    UART4_IRQHandler                         0x08002983   Thumb Code     0  startup_stm32f10x_hd.o(.text)
    UART5_IRQHandler                         0x08002983   Thumb Code     0  startup_stm32f10x_hd.o(.text)
    USBWakeUp_IRQHandler                     0x08002983   Thumb Code     0  startup_stm32f10x_hd.o(.text)
    USB_HP_CAN1_TX_IRQHandler                0x08002983   Thumb Code     0  startup_stm32f10x_hd.o(.text)
    USB_LP_CAN1_RX0_IRQHandler               0x08002983   Thumb Code     0  startup_stm32f10x_hd.o(.text)
    WWDG_IRQHandler                          0x08002983   Thumb Code     0  startup_stm32f10x_hd.o(.text)
    __user_initial_stackheap                 0x08002985   Thumb Code     0  startup_stm32f10x_hd.o(.text)
    NVIC_PriorityGroupConfig                 0x080029a9   Thumb Code    10  misc.o(.text)
    NVIC_Init                                0x080029b3   Thumb Code   100  misc.o(.text)
    NVIC_SetVectorTable                      0x08002a17   Thumb Code    14  misc.o(.text)
    NVIC_SystemLPConfig                      0x08002a25   Thumb Code    34  misc.o(.text)
    SysTick_CLKSourceConfig                  0x08002a47   Thumb Code    40  misc.o(.text)
    GPIO_DeInit                              0x08002a85   Thumb Code   172  stm32f10x_gpio.o(.text)
    GPIO_AFIODeInit                          0x08002b31   Thumb Code    20  stm32f10x_gpio.o(.text)
    GPIO_Init                                0x08002b45   Thumb Code   278  stm32f10x_gpio.o(.text)
    GPIO_StructInit                          0x08002c5b   Thumb Code    16  stm32f10x_gpio.o(.text)
    GPIO_ReadInputDataBit                    0x08002c6b   Thumb Code    18  stm32f10x_gpio.o(.text)
    GPIO_ReadInputData                       0x08002c7d   Thumb Code     8  stm32f10x_gpio.o(.text)
    GPIO_ReadOutputDataBit                   0x08002c85   Thumb Code    18  stm32f10x_gpio.o(.text)
    GPIO_ReadOutputData                      0x08002c97   Thumb Code     8  stm32f10x_gpio.o(.text)
    GPIO_SetBits                             0x08002c9f   Thumb Code     4  stm32f10x_gpio.o(.text)
    GPIO_ResetBits                           0x08002ca3   Thumb Code     4  stm32f10x_gpio.o(.text)
    GPIO_WriteBit                            0x08002ca7   Thumb Code    10  stm32f10x_gpio.o(.text)
    GPIO_Write                               0x08002cb1   Thumb Code     4  stm32f10x_gpio.o(.text)
    GPIO_PinLockConfig                       0x08002cb5   Thumb Code    18  stm32f10x_gpio.o(.text)
    GPIO_EventOutputConfig                   0x08002cc7   Thumb Code    26  stm32f10x_gpio.o(.text)
    GPIO_EventOutputCmd                      0x08002ce1   Thumb Code     6  stm32f10x_gpio.o(.text)
    GPIO_PinRemapConfig                      0x08002ce7   Thumb Code   138  stm32f10x_gpio.o(.text)
    GPIO_EXTILineConfig                      0x08002d71   Thumb Code    66  stm32f10x_gpio.o(.text)
    GPIO_ETH_MediaInterfaceConfig            0x08002db3   Thumb Code     8  stm32f10x_gpio.o(.text)
    RCC_DeInit                               0x08002de1   Thumb Code    64  stm32f10x_rcc.o(.text)
    RCC_HSEConfig                            0x08002e21   Thumb Code    70  stm32f10x_rcc.o(.text)
    RCC_GetFlagStatus                        0x08002e67   Thumb Code    56  stm32f10x_rcc.o(.text)
    RCC_WaitForHSEStartUp                    0x08002e9f   Thumb Code    56  stm32f10x_rcc.o(.text)
    RCC_AdjustHSICalibrationValue            0x08002ed7   Thumb Code    20  stm32f10x_rcc.o(.text)
    RCC_HSICmd                               0x08002eeb   Thumb Code     6  stm32f10x_rcc.o(.text)
    RCC_PLLConfig                            0x08002ef1   Thumb Code    24  stm32f10x_rcc.o(.text)
    RCC_PLLCmd                               0x08002f09   Thumb Code     6  stm32f10x_rcc.o(.text)
    RCC_SYSCLKConfig                         0x08002f0f   Thumb Code    18  stm32f10x_rcc.o(.text)
    RCC_GetSYSCLKSource                      0x08002f21   Thumb Code    10  stm32f10x_rcc.o(.text)
    RCC_HCLKConfig                           0x08002f2b   Thumb Code    18  stm32f10x_rcc.o(.text)
    RCC_PCLK1Config                          0x08002f3d   Thumb Code    18  stm32f10x_rcc.o(.text)
    RCC_PCLK2Config                          0x08002f4f   Thumb Code    20  stm32f10x_rcc.o(.text)
    RCC_ITConfig                             0x08002f63   Thumb Code    26  stm32f10x_rcc.o(.text)
    RCC_USBCLKConfig                         0x08002f7d   Thumb Code     8  stm32f10x_rcc.o(.text)
    RCC_ADCCLKConfig                         0x08002f85   Thumb Code    18  stm32f10x_rcc.o(.text)
    RCC_LSEConfig                            0x08002f97   Thumb Code    50  stm32f10x_rcc.o(.text)
    RCC_LSICmd                               0x08002fc9   Thumb Code     6  stm32f10x_rcc.o(.text)
    RCC_RTCCLKConfig                         0x08002fcf   Thumb Code    12  stm32f10x_rcc.o(.text)
    RCC_RTCCLKCmd                            0x08002fdb   Thumb Code     8  stm32f10x_rcc.o(.text)
    RCC_GetClocksFreq                        0x08002fe3   Thumb Code   192  stm32f10x_rcc.o(.text)
    RCC_AHBPeriphClockCmd                    0x080030a3   Thumb Code    26  stm32f10x_rcc.o(.text)
    RCC_APB2PeriphClockCmd                   0x080030bd   Thumb Code    26  stm32f10x_rcc.o(.text)
    RCC_APB1PeriphClockCmd                   0x080030d7   Thumb Code    26  stm32f10x_rcc.o(.text)
    RCC_APB2PeriphResetCmd                   0x080030f1   Thumb Code    26  stm32f10x_rcc.o(.text)
    RCC_APB1PeriphResetCmd                   0x0800310b   Thumb Code    26  stm32f10x_rcc.o(.text)
    RCC_BackupResetCmd                       0x08003125   Thumb Code     8  stm32f10x_rcc.o(.text)
    RCC_ClockSecuritySystemCmd               0x0800312d   Thumb Code     6  stm32f10x_rcc.o(.text)
    RCC_MCOConfig                            0x08003133   Thumb Code     6  stm32f10x_rcc.o(.text)
    RCC_ClearFlag                            0x08003139   Thumb Code    14  stm32f10x_rcc.o(.text)
    RCC_GetITStatus                          0x08003147   Thumb Code    20  stm32f10x_rcc.o(.text)
    RCC_ClearITPendingBit                    0x0800315b   Thumb Code     6  stm32f10x_rcc.o(.text)
    USART_DeInit                             0x08003185   Thumb Code   134  stm32f10x_usart.o(.text)
    USART_Init                               0x0800320b   Thumb Code   210  stm32f10x_usart.o(.text)
    USART_StructInit                         0x080032dd   Thumb Code    24  stm32f10x_usart.o(.text)
    USART_ClockInit                          0x080032f5   Thumb Code    34  stm32f10x_usart.o(.text)
    USART_ClockStructInit                    0x08003317   Thumb Code    12  stm32f10x_usart.o(.text)
    USART_Cmd                                0x08003323   Thumb Code    24  stm32f10x_usart.o(.text)
    USART_ITConfig                           0x0800333b   Thumb Code    74  stm32f10x_usart.o(.text)
    USART_DMACmd                             0x08003385   Thumb Code    18  stm32f10x_usart.o(.text)
    USART_SetAddress                         0x08003397   Thumb Code    18  stm32f10x_usart.o(.text)
    USART_WakeUpConfig                       0x080033a9   Thumb Code    18  stm32f10x_usart.o(.text)
    USART_ReceiverWakeUpCmd                  0x080033bb   Thumb Code    24  stm32f10x_usart.o(.text)
    USART_LINBreakDetectLengthConfig         0x080033d3   Thumb Code    18  stm32f10x_usart.o(.text)
    USART_LINCmd                             0x080033e5   Thumb Code    24  stm32f10x_usart.o(.text)
    USART_SendData                           0x080033fd   Thumb Code     8  stm32f10x_usart.o(.text)
    USART_ReceiveData                        0x08003405   Thumb Code    10  stm32f10x_usart.o(.text)
    USART_SendBreak                          0x0800340f   Thumb Code    10  stm32f10x_usart.o(.text)
    USART_SetGuardTime                       0x08003419   Thumb Code    16  stm32f10x_usart.o(.text)
    USART_SetPrescaler                       0x08003429   Thumb Code    16  stm32f10x_usart.o(.text)
    USART_SmartCardCmd                       0x08003439   Thumb Code    24  stm32f10x_usart.o(.text)
    USART_SmartCardNACKCmd                   0x08003451   Thumb Code    24  stm32f10x_usart.o(.text)
    USART_HalfDuplexCmd                      0x08003469   Thumb Code    24  stm32f10x_usart.o(.text)
    USART_OverSampling8Cmd                   0x08003481   Thumb Code    22  stm32f10x_usart.o(.text)
    USART_OneBitMethodCmd                    0x08003497   Thumb Code    24  stm32f10x_usart.o(.text)
    USART_IrDAConfig                         0x080034af   Thumb Code    18  stm32f10x_usart.o(.text)
    USART_IrDACmd                            0x080034c1   Thumb Code    24  stm32f10x_usart.o(.text)
    USART_GetFlagStatus                      0x080034d9   Thumb Code    26  stm32f10x_usart.o(.text)
    USART_ClearFlag                          0x080034f3   Thumb Code    18  stm32f10x_usart.o(.text)
    USART_GetITStatus                        0x08003505   Thumb Code    84  stm32f10x_usart.o(.text)
    USART_ClearITPendingBit                  0x08003559   Thumb Code    52  stm32f10x_usart.o(.text)
    DMA_DeInit                               0x0800358d   Thumb Code   324  stm32f10x_dma.o(.text)
    DMA_Init                                 0x080036d1   Thumb Code    60  stm32f10x_dma.o(.text)
    DMA_StructInit                           0x0800370d   Thumb Code    26  stm32f10x_dma.o(.text)
    DMA_Cmd                                  0x08003727   Thumb Code    24  stm32f10x_dma.o(.text)
    DMA_ITConfig                             0x0800373f   Thumb Code    18  stm32f10x_dma.o(.text)
    DMA_SetCurrDataCounter                   0x08003751   Thumb Code     4  stm32f10x_dma.o(.text)
    DMA_GetCurrDataCounter                   0x08003755   Thumb Code     8  stm32f10x_dma.o(.text)
    DMA_GetFlagStatus                        0x0800375d   Thumb Code    40  stm32f10x_dma.o(.text)
    DMA_ClearFlag                            0x08003785   Thumb Code    22  stm32f10x_dma.o(.text)
    DMA_GetITStatus                          0x0800379b   Thumb Code    40  stm32f10x_dma.o(.text)
    DMA_ClearITPendingBit                    0x080037c3   Thumb Code    22  stm32f10x_dma.o(.text)
    SPI_I2S_DeInit                           0x080037e1   Thumb Code    76  stm32f10x_spi.o(.text)
    SPI_Init                                 0x0800382d   Thumb Code    60  stm32f10x_spi.o(.text)
    I2S_Init                                 0x08003869   Thumb Code   226  stm32f10x_spi.o(.text)
    SPI_StructInit                           0x0800394b   Thumb Code    24  stm32f10x_spi.o(.text)
    I2S_StructInit                           0x08003963   Thumb Code    20  stm32f10x_spi.o(.text)
    SPI_Cmd                                  0x08003977   Thumb Code    24  stm32f10x_spi.o(.text)
    I2S_Cmd                                  0x0800398f   Thumb Code    24  stm32f10x_spi.o(.text)
    SPI_I2S_ITConfig                         0x080039a7   Thumb Code    32  stm32f10x_spi.o(.text)
    SPI_I2S_DMACmd                           0x080039c7   Thumb Code    18  stm32f10x_spi.o(.text)
    SPI_I2S_SendData                         0x080039d9   Thumb Code     4  stm32f10x_spi.o(.text)
    SPI_I2S_ReceiveData                      0x080039dd   Thumb Code     6  stm32f10x_spi.o(.text)
    SPI_NSSInternalSoftwareConfig            0x080039e3   Thumb Code    30  stm32f10x_spi.o(.text)
    SPI_SSOutputCmd                          0x08003a01   Thumb Code    24  stm32f10x_spi.o(.text)
    SPI_DataSizeConfig                       0x08003a19   Thumb Code    18  stm32f10x_spi.o(.text)
    SPI_TransmitCRC                          0x08003a2b   Thumb Code    10  stm32f10x_spi.o(.text)
    SPI_CalculateCRC                         0x08003a35   Thumb Code    24  stm32f10x_spi.o(.text)
    SPI_GetCRC                               0x08003a4d   Thumb Code    16  stm32f10x_spi.o(.text)
    SPI_GetCRCPolynomial                     0x08003a5d   Thumb Code     6  stm32f10x_spi.o(.text)
    SPI_BiDirectionalLineConfig              0x08003a63   Thumb Code    28  stm32f10x_spi.o(.text)
    SPI_I2S_GetFlagStatus                    0x08003a7f   Thumb Code    18  stm32f10x_spi.o(.text)
    SPI_I2S_ClearFlag                        0x08003a91   Thumb Code     6  stm32f10x_spi.o(.text)
    SPI_I2S_GetITStatus                      0x08003a97   Thumb Code    52  stm32f10x_spi.o(.text)
    SPI_I2S_ClearITPendingBit                0x08003acb   Thumb Code    20  stm32f10x_spi.o(.text)
    EXTI_DeInit                              0x08003aed   Thumb Code    28  stm32f10x_exti.o(.text)
    EXTI_Init                                0x08003b09   Thumb Code   142  stm32f10x_exti.o(.text)
    EXTI_StructInit                          0x08003b97   Thumb Code    16  stm32f10x_exti.o(.text)
    EXTI_GenerateSWInterrupt                 0x08003ba7   Thumb Code    16  stm32f10x_exti.o(.text)
    EXTI_GetFlagStatus                       0x08003bb7   Thumb Code    22  stm32f10x_exti.o(.text)
    EXTI_ClearFlag                           0x08003bcd   Thumb Code     8  stm32f10x_exti.o(.text)
    EXTI_GetITStatus                         0x08003bd5   Thumb Code    34  stm32f10x_exti.o(.text)
    EXTI_ClearITPendingBit                   0x08003bf7   Thumb Code     8  stm32f10x_exti.o(.text)
    TIM_DeInit                               0x08003c09   Thumb Code   424  stm32f10x_tim.o(.text)
    TIM_TimeBaseInit                         0x08003db1   Thumb Code   122  stm32f10x_tim.o(.text)
    TIM_OC1Init                              0x08003e2b   Thumb Code   132  stm32f10x_tim.o(.text)
    TIM_OC2Init                              0x08003eaf   Thumb Code   154  stm32f10x_tim.o(.text)
    TIM_OC3Init                              0x08003f49   Thumb Code   150  stm32f10x_tim.o(.text)
    TIM_OC4Init                              0x08003fdf   Thumb Code   182  stm32f10x_tim.o(.text)
    TIM_SetIC4Prescaler                      0x08004095   Thumb Code    26  stm32f10x_tim.o(.text)
    TIM_SetIC3Prescaler                      0x08004131   Thumb Code    18  stm32f10x_tim.o(.text)
    TIM_SetIC2Prescaler                      0x080041bd   Thumb Code    26  stm32f10x_tim.o(.text)
    TIM_SetIC1Prescaler                      0x08004259   Thumb Code    18  stm32f10x_tim.o(.text)
    TIM_ICInit                               0x080042d7   Thumb Code   150  stm32f10x_tim.o(.text)
    TIM_PWMIConfig                           0x0800436d   Thumb Code   124  stm32f10x_tim.o(.text)
    TIM_BDTRConfig                           0x080043e9   Thumb Code    32  stm32f10x_tim.o(.text)
    TIM_TimeBaseStructInit                   0x08004409   Thumb Code    18  stm32f10x_tim.o(.text)
    TIM_OCStructInit                         0x0800441b   Thumb Code    20  stm32f10x_tim.o(.text)
    TIM_ICStructInit                         0x0800442f   Thumb Code    18  stm32f10x_tim.o(.text)
    TIM_BDTRStructInit                       0x08004441   Thumb Code    40  stm32f10x_tim.o(.text)
    TIM_Cmd                                  0x08004469   Thumb Code    24  stm32f10x_tim.o(.text)
    TIM_CtrlPWMOutputs                       0x08004481   Thumb Code    30  stm32f10x_tim.o(.text)
    TIM_ITConfig                             0x0800449f   Thumb Code    18  stm32f10x_tim.o(.text)
    TIM_GenerateEvent                        0x080044b1   Thumb Code     4  stm32f10x_tim.o(.text)
    TIM_DMAConfig                            0x080044b5   Thumb Code    10  stm32f10x_tim.o(.text)
    TIM_DMACmd                               0x080044bf   Thumb Code    18  stm32f10x_tim.o(.text)
    TIM_InternalClockConfig                  0x080044d1   Thumb Code    12  stm32f10x_tim.o(.text)
    TIM_SelectInputTrigger                   0x080044dd   Thumb Code    18  stm32f10x_tim.o(.text)
    TIM_ITRxExternalClockConfig              0x080044ef   Thumb Code    24  stm32f10x_tim.o(.text)
    TIM_TIxExternalClockConfig               0x08004507   Thumb Code    62  stm32f10x_tim.o(.text)
    TIM_ETRConfig                            0x08004545   Thumb Code    28  stm32f10x_tim.o(.text)
    TIM_ETRClockMode1Config                  0x08004561   Thumb Code    54  stm32f10x_tim.o(.text)
    TIM_ETRClockMode2Config                  0x08004597   Thumb Code    32  stm32f10x_tim.o(.text)
    TIM_PrescalerConfig                      0x080045b7   Thumb Code     6  stm32f10x_tim.o(.text)
    TIM_CounterModeConfig                    0x080045bd   Thumb Code    18  stm32f10x_tim.o(.text)
    TIM_EncoderInterfaceConfig               0x080045cf   Thumb Code    66  stm32f10x_tim.o(.text)
    TIM_ForcedOC1Config                      0x08004611   Thumb Code    18  stm32f10x_tim.o(.text)
    TIM_ForcedOC2Config                      0x08004623   Thumb Code    26  stm32f10x_tim.o(.text)
    TIM_ForcedOC3Config                      0x0800463d   Thumb Code    18  stm32f10x_tim.o(.text)
    TIM_ForcedOC4Config                      0x0800464f   Thumb Code    26  stm32f10x_tim.o(.text)
    TIM_ARRPreloadConfig                     0x08004669   Thumb Code    24  stm32f10x_tim.o(.text)
    TIM_SelectCOM                            0x08004681   Thumb Code    24  stm32f10x_tim.o(.text)
    TIM_SelectCCDMA                          0x08004699   Thumb Code    24  stm32f10x_tim.o(.text)
    TIM_CCPreloadControl                     0x080046b1   Thumb Code    24  stm32f10x_tim.o(.text)
    TIM_OC1PreloadConfig                     0x080046c9   Thumb Code    18  stm32f10x_tim.o(.text)
    TIM_OC2PreloadConfig                     0x080046db   Thumb Code    26  stm32f10x_tim.o(.text)
    TIM_OC3PreloadConfig                     0x080046f5   Thumb Code    18  stm32f10x_tim.o(.text)
    TIM_OC4PreloadConfig                     0x08004707   Thumb Code    26  stm32f10x_tim.o(.text)
    TIM_OC1FastConfig                        0x08004721   Thumb Code    18  stm32f10x_tim.o(.text)
    TIM_OC2FastConfig                        0x08004733   Thumb Code    26  stm32f10x_tim.o(.text)
    TIM_OC3FastConfig                        0x0800474d   Thumb Code    18  stm32f10x_tim.o(.text)
    TIM_OC4FastConfig                        0x0800475f   Thumb Code    26  stm32f10x_tim.o(.text)
    TIM_ClearOC1Ref                          0x08004779   Thumb Code    18  stm32f10x_tim.o(.text)
    TIM_ClearOC2Ref                          0x0800478b   Thumb Code    24  stm32f10x_tim.o(.text)
    TIM_ClearOC3Ref                          0x080047a3   Thumb Code    18  stm32f10x_tim.o(.text)
    TIM_ClearOC4Ref                          0x080047b5   Thumb Code    24  stm32f10x_tim.o(.text)
    TIM_OC1PolarityConfig                    0x080047cd   Thumb Code    18  stm32f10x_tim.o(.text)
    TIM_OC1NPolarityConfig                   0x080047df   Thumb Code    18  stm32f10x_tim.o(.text)
    TIM_OC2PolarityConfig                    0x080047f1   Thumb Code    26  stm32f10x_tim.o(.text)
    TIM_OC2NPolarityConfig                   0x0800480b   Thumb Code    26  stm32f10x_tim.o(.text)
    TIM_OC3PolarityConfig                    0x08004825   Thumb Code    26  stm32f10x_tim.o(.text)
    TIM_OC3NPolarityConfig                   0x0800483f   Thumb Code    26  stm32f10x_tim.o(.text)
    TIM_OC4PolarityConfig                    0x08004859   Thumb Code    26  stm32f10x_tim.o(.text)
    TIM_CCxCmd                               0x08004873   Thumb Code    30  stm32f10x_tim.o(.text)
    TIM_CCxNCmd                              0x08004891   Thumb Code    30  stm32f10x_tim.o(.text)
    TIM_SelectOCxM                           0x080048af   Thumb Code    82  stm32f10x_tim.o(.text)
    TIM_UpdateDisableConfig                  0x08004901   Thumb Code    24  stm32f10x_tim.o(.text)
    TIM_UpdateRequestConfig                  0x08004919   Thumb Code    24  stm32f10x_tim.o(.text)
    TIM_SelectHallSensor                     0x08004931   Thumb Code    24  stm32f10x_tim.o(.text)
    TIM_SelectOnePulseMode                   0x08004949   Thumb Code    18  stm32f10x_tim.o(.text)
    TIM_SelectOutputTrigger                  0x0800495b   Thumb Code    18  stm32f10x_tim.o(.text)
    TIM_SelectSlaveMode                      0x0800496d   Thumb Code    18  stm32f10x_tim.o(.text)
    TIM_SelectMasterSlaveMode                0x0800497f   Thumb Code    18  stm32f10x_tim.o(.text)
    TIM_SetCounter                           0x08004991   Thumb Code     4  stm32f10x_tim.o(.text)
    TIM_SetAutoreload                        0x08004995   Thumb Code     4  stm32f10x_tim.o(.text)
    TIM_SetCompare1                          0x08004999   Thumb Code     4  stm32f10x_tim.o(.text)
    TIM_SetCompare2                          0x0800499d   Thumb Code     4  stm32f10x_tim.o(.text)
    TIM_SetCompare3                          0x080049a1   Thumb Code     4  stm32f10x_tim.o(.text)
    TIM_SetCompare4                          0x080049a5   Thumb Code     6  stm32f10x_tim.o(.text)
    TIM_SetClockDivision                     0x080049ab   Thumb Code    18  stm32f10x_tim.o(.text)
    TIM_GetCapture1                          0x080049bd   Thumb Code     6  stm32f10x_tim.o(.text)
    TIM_GetCapture2                          0x080049c3   Thumb Code     6  stm32f10x_tim.o(.text)
    TIM_GetCapture3                          0x080049c9   Thumb Code     6  stm32f10x_tim.o(.text)
    TIM_GetCapture4                          0x080049cf   Thumb Code     8  stm32f10x_tim.o(.text)
    TIM_GetCounter                           0x080049d7   Thumb Code     6  stm32f10x_tim.o(.text)
    TIM_GetPrescaler                         0x080049dd   Thumb Code     6  stm32f10x_tim.o(.text)
    TIM_GetFlagStatus                        0x080049e3   Thumb Code    18  stm32f10x_tim.o(.text)
    TIM_ClearFlag                            0x080049f5   Thumb Code     6  stm32f10x_tim.o(.text)
    TIM_GetITStatus                          0x080049fb   Thumb Code    34  stm32f10x_tim.o(.text)
    TIM_ClearITPendingBit                    0x08004a1d   Thumb Code     6  stm32f10x_tim.o(.text)
    gizwitsEventProcess                      0x08004a25   Thumb Code   202  gizwits_product.o(.text)
    userHandle                               0x08004aef   Thumb Code     2  gizwits_product.o(.text)
    userInit                                 0x08004af1   Thumb Code     8  gizwits_product.o(.text)
    gizTimerMs                               0x08004af9   Thumb Code    12  gizwits_product.o(.text)
    gizGetTimerCount                         0x08004b05   Thumb Code     6  gizwits_product.o(.text)
    mcuRestart                               0x08004b0b   Thumb Code    38  gizwits_product.o(.text)
    TIMER_IRQ_FUN                            0x08004b31   Thumb Code     8  gizwits_product.o(.text)
    UART_IRQ_FUN                             0x08004b39   Thumb Code    16  gizwits_product.o(.text)
    uartWrite                                0x08004b49   Thumb Code    82  gizwits_product.o(.text)
    gizPutData                               0x08004c59   Thumb Code    52  gizwits_protocol.o(.text)
    gizwitsInit                              0x08005df9   Thumb Code    44  gizwits_protocol.o(.text)
    gizwitsSetMode                           0x08005e25   Thumb Code   604  gizwits_protocol.o(.text)
    gizwitsGetNTP                            0x08006081   Thumb Code    94  gizwits_protocol.o(.text)
    gizwitsGetModuleInfo                     0x080060df   Thumb Code   100  gizwits_protocol.o(.text)
    gizwitsHandle                            0x08006187   Thumb Code   736  gizwits_protocol.o(.text)
    gizwitsPassthroughData                   0x08006467   Thumb Code   170  gizwits_protocol.o(.text)
    gizProtocolSum                           0x080065f5   Thumb Code    38  common_1.o(.text)
    exchangeBytes                            0x0800661b   Thumb Code    26  common_1.o(.text)
    exchangeWord                             0x08006635   Thumb Code    26  common_1.o(.text)
    char2hex                                 0x0800664f   Thumb Code   106  common_1.o(.text)
    checkStringIsNotZero                     0x080066b9   Thumb Code    46  common_1.o(.text)
    returnWeekDay                            0x080066e7   Thumb Code   156  common_1.o(.text)
    returnNtp2Wt                             0x080067cf   Thumb Code   274  common_1.o(.text)
    str2Hex                                  0x080068e1   Thumb Code    80  common_1.o(.text)
    hex2Str                                  0x08006931   Thumb Code    82  common_1.o(.text)
    gizByteOrderExchange                     0x0800698d   Thumb Code    50  datapointtools.o(.text)
    gizY2X                                   0x080069bf   Thumb Code    14  datapointtools.o(.text)
    gizX2Y                                   0x080069cd   Thumb Code    12  datapointtools.o(.text)
    gizY2XFloat                              0x080069d9   Thumb Code    42  datapointtools.o(.text)
    gizX2YFloat                              0x08006a03   Thumb Code    42  datapointtools.o(.text)
    gizAcrossByteJudge                       0x08006a2d   Thumb Code    42  datapointtools.o(.text)
    gizVarlenCompressValue                   0x08006a57   Thumb Code   124  datapointtools.o(.text)
    gizVarlenDecompressionValue              0x08006ad3   Thumb Code   196  datapointtools.o(.text)
    gizStandardDecompressionValue            0x08006b97   Thumb Code   194  datapointtools.o(.text)
    gizStandardCompressValue                 0x08006c59   Thumb Code   128  datapointtools.o(.text)
    rbCreate                                 0x08006cd9   Thumb Code    22  ringbuffer.o(.text)
    rbDelete                                 0x08006cef   Thumb Code    24  ringbuffer.o(.text)
    rbCapacity                               0x08006d07   Thumb Code    14  ringbuffer.o(.text)
    rbCanRead                                0x08006d15   Thumb Code    56  ringbuffer.o(.text)
    rbCanWrite                               0x08006d4d   Thumb Code    30  ringbuffer.o(.text)
    rbRead                                   0x08006d6b   Thumb Code   162  ringbuffer.o(.text)
    rbWrite                                  0x08006e0d   Thumb Code   154  ringbuffer.o(.text)
    __use_no_semihosting                     0x08006ea7   Thumb Code     2  use_no_semi_2.o(.text)
    toupper                                  0x08006ea9   Thumb Code    30  toupper.o(.text)
    __c89vsprintf                            0x08006ec9   Thumb Code    32  c89vsprintf.o(.text)
    __2printf                                0x08006eed   Thumb Code    20  __2printf.o(.text)
    __2sprintf                               0x08006f05   Thumb Code    38  __2sprintf.o(.text)
    _printf_pre_padding                      0x08006f31   Thumb Code    44  _printf_pad.o(.text)
    _printf_post_padding                     0x08006f5d   Thumb Code    34  _printf_pad.o(.text)
    _printf_str                              0x08006f7f   Thumb Code    82  _printf_str.o(.text)
    _printf_int_dec                          0x08006fd1   Thumb Code   104  _printf_dec.o(.text)
    _printf_longlong_hex                     0x08007049   Thumb Code    86  _printf_hex_int_ll_ptr.o(.text)
    _printf_int_hex                          0x0800709f   Thumb Code    28  _printf_hex_int_ll_ptr.o(.text)
    _printf_ll_hex                           0x080070bb   Thumb Code    12  _printf_hex_int_ll_ptr.o(.text)
    _printf_hex_ptr                          0x080070c7   Thumb Code    18  _printf_hex_int_ll_ptr.o(.text)
    __printf                                 0x080070dd   Thumb Code   388  __printf_flags_ss_wp.o(.text)
    strstr                                   0x08007265   Thumb Code    36  strstr.o(.text)
    strlen                                   0x08007289   Thumb Code    62  strlen.o(.text)
    __aeabi_memcpy                           0x080072c7   Thumb Code     0  rt_memcpy_v6.o(.text)
    __rt_memcpy                              0x080072c7   Thumb Code   138  rt_memcpy_v6.o(.text)
    _memcpy_lastbytes                        0x0800732d   Thumb Code     0  rt_memcpy_v6.o(.text)
    __aeabi_memcpy4                          0x08007351   Thumb Code     0  rt_memcpy_w.o(.text)
    __aeabi_memcpy8                          0x08007351   Thumb Code     0  rt_memcpy_w.o(.text)
    __rt_memcpy_w                            0x08007351   Thumb Code   100  rt_memcpy_w.o(.text)
    _memcpy_lastbytes_aligned                0x08007399   Thumb Code     0  rt_memcpy_w.o(.text)
    __aeabi_memclr                           0x080073b5   Thumb Code     0  rt_memclr.o(.text)
    __rt_memclr                              0x080073b5   Thumb Code    68  rt_memclr.o(.text)
    _memset                                  0x080073b9   Thumb Code     0  rt_memclr.o(.text)
    __use_two_region_memory                  0x080073f9   Thumb Code     2  heapauxi.o(.text)
    __rt_heap_escrow$2region                 0x080073fb   Thumb Code     2  heapauxi.o(.text)
    __rt_heap_expand$2region                 0x080073fd   Thumb Code     2  heapauxi.o(.text)
    __I$use$semihosting                      0x080073ff   Thumb Code     0  use_no_semi.o(.text)
    __use_no_semihosting_swi                 0x080073ff   Thumb Code     2  use_no_semi.o(.text)
    __rt_ctype_table                         0x08007401   Thumb Code    16  rt_ctype_table.o(.text)
    _printf_truncate_signed                  0x08007411   Thumb Code    18  _printf_truncate.o(.text)
    _printf_truncate_unsigned                0x08007423   Thumb Code    18  _printf_truncate.o(.text)
    _printf_int_common                       0x08007435   Thumb Code   178  _printf_intcommon.o(.text)
    _printf_charcount                        0x080074e7   Thumb Code    40  _printf_charcount.o(.text)
    _printf_char_common                      0x0800751b   Thumb Code    32  _printf_char_common.o(.text)
    _sputc                                   0x08007541   Thumb Code    10  _sputc.o(.text)
    _printf_cs_common                        0x0800754b   Thumb Code    20  _printf_char.o(.text)
    _printf_char                             0x0800755f   Thumb Code    16  _printf_char.o(.text)
    _printf_string                           0x0800756f   Thumb Code     8  _printf_char.o(.text)
    _printf_char_file                        0x08007579   Thumb Code    32  _printf_char_file.o(.text)
    _printf_wctomb                           0x0800759d   Thumb Code   182  _printf_wctomb.o(.text)
    _printf_longlong_dec                     0x08007659   Thumb Code   108  _printf_longlong_dec.o(.text)
    _printf_longlong_oct                     0x080076d5   Thumb Code    66  _printf_oct_int_ll.o(.text)
    _printf_int_oct                          0x08007717   Thumb Code    24  _printf_oct_int_ll.o(.text)
    _printf_ll_oct                           0x0800772f   Thumb Code    12  _printf_oct_int_ll.o(.text)
    __aeabi_memclr4                          0x08007745   Thumb Code     0  rt_memclr_w.o(.text)
    __aeabi_memclr8                          0x08007745   Thumb Code     0  rt_memclr_w.o(.text)
    __rt_memclr_w                            0x08007745   Thumb Code    78  rt_memclr_w.o(.text)
    _memset_w                                0x08007749   Thumb Code     0  rt_memclr_w.o(.text)
    __rt_locale                              0x08007795   Thumb Code     8  rt_locale_intlibspace.o(.text)
    _ll_udiv10                               0x0800779d   Thumb Code   138  lludiv10.o(.text)
    __lib_sel_fp_printf                      0x08007827   Thumb Code     2  _printf_fp_dec.o(.text)
    _printf_fp_dec_real                      0x080079d5   Thumb Code   620  _printf_fp_dec.o(.text)
    _printf_lcs_common                       0x08007c41   Thumb Code    20  _printf_wchar.o(.text)
    _printf_wchar                            0x08007c55   Thumb Code    16  _printf_wchar.o(.text)
    _printf_wstring                          0x08007c65   Thumb Code     8  _printf_wchar.o(.text)
    ferror                                   0x08007c6d   Thumb Code     8  ferror.o(.text)
    _wcrtomb                                 0x08007c75   Thumb Code    64  _wcrtomb.o(.text)
    __user_libspace                          0x08007cb5   Thumb Code     8  libspace.o(.text)
    __user_perproc_libspace                  0x08007cb5   Thumb Code     0  libspace.o(.text)
    __user_perthread_libspace                0x08007cb5   Thumb Code     0  libspace.o(.text)
    __user_setup_stackheap                   0x08007cbd   Thumb Code    74  sys_stackheap_outer.o(.text)
    _printf_fp_infnan                        0x08007d09   Thumb Code   112  _printf_fp_infnan.o(.text)
    _btod_etento                             0x08007d89   Thumb Code   216  bigflt0.o(.text)
    exit                                     0x08007e65   Thumb Code    18  exit.o(.text)
    strcmp                                   0x08007e79   Thumb Code   128  strcmpv7m.o(.text)
    _btod_d2e                                0x08007ef9   Thumb Code    62  btod.o(CL$$btod_d2e)
    _d2e_denorm_low                          0x08007f37   Thumb Code    70  btod.o(CL$$btod_d2e_denorm_low)
    _d2e_norm_op1                            0x08007f7d   Thumb Code    96  btod.o(CL$$btod_d2e_norm_op1)
    __btod_div_common                        0x08007fdd   Thumb Code   696  btod.o(CL$$btod_div_common)
    _e2e                                     0x08008315   Thumb Code   198  btod.o(CL$$btod_e2e)
    _btod_ediv                               0x080083db   Thumb Code    40  btod.o(CL$$btod_ediv)
    _btod_emul                               0x08008403   Thumb Code    40  btod.o(CL$$btod_emul)
    __btod_mult_common                       0x0800842b   Thumb Code   580  btod.o(CL$$btod_mult_common)
    __ARM_fpclassify                         0x0800866f   Thumb Code    40  fpclassify.o(i.__ARM_fpclassify)
    _is_digit                                0x08008697   Thumb Code    14  __printf_wp.o(i._is_digit)
    _get_lc_ctype                            0x080086a5   Thumb Code    44  lc_ctype_c.o(locale$$code)
    _get_lc_numeric                          0x080086d1   Thumb Code    44  lc_numeric_c.o(locale$$code)
    __aeabi_fadd                             0x080086fd   Thumb Code     0  faddsub_clz.o(x$fpl$fadd)
    _fadd                                    0x080086fd   Thumb Code   196  faddsub_clz.o(x$fpl$fadd)
    __aeabi_fdiv                             0x080087c1   Thumb Code     0  fdiv.o(x$fpl$fdiv)
    _fdiv                                    0x080087c1   Thumb Code   384  fdiv.o(x$fpl$fdiv)
    __aeabi_f2uiz                            0x08008945   Thumb Code     0  ffixu.o(x$fpl$ffixu)
    _ffixu                                   0x08008945   Thumb Code    62  ffixu.o(x$fpl$ffixu)
    __aeabi_ui2f                             0x08008985   Thumb Code     0  fflt_clz.o(x$fpl$ffltu)
    _ffltu                                   0x08008985   Thumb Code    38  fflt_clz.o(x$fpl$ffltu)
    __aeabi_fmul                             0x080089ad   Thumb Code     0  fmul.o(x$fpl$fmul)
    _fmul                                    0x080089ad   Thumb Code   258  fmul.o(x$fpl$fmul)
    __fpl_fnaninf                            0x08008aaf   Thumb Code   140  fnaninf.o(x$fpl$fnaninf)
    __fpl_fretinf                            0x08008b3b   Thumb Code    10  fretinf.o(x$fpl$fretinf)
    __aeabi_fsub                             0x08008b45   Thumb Code     0  faddsub_clz.o(x$fpl$fsub)
    _fsub                                    0x08008b45   Thumb Code   234  faddsub_clz.o(x$fpl$fsub)
    _printf_fp_dec                           0x08008c2f   Thumb Code     4  printf1.o(x$fpl$printf1)
    F16x16                                   0x08008c32   Data        3104  oled.o(.constdata)
    __I$use$fp                               0x08008c32   Number         0  usenofp.o(x$fpl$usenofp)
    F6x8                                     0x08009852   Data         552  oled.o(.constdata)
    F8X16                                    0x08009a7a   Data        1520  oled.o(.constdata)
    F16x32                                   0x0800a06a   Data         704  oled.o(.constdata)
    F32x32                                   0x0800a32a   Data         384  oled.o(.constdata)
    F128x48                                  0x0800a4aa   Data        2304  oled.o(.constdata)
    F128x64                                  0x0800adaa   Data        1008  oled.o(.constdata)
    keyTab                                   0x0800b19c   Data         360  mygui.o(.constdata)
    Region$$Table$$Base                      0x0800b424   Number         0  anon$$obj.o(Region$$Table)
    Region$$Table$$Limit                     0x0800b444   Number         0  anon$$obj.o(Region$$Table)
    __ctype                                  0x0800b451   Data           0  lc_ctype_c.o(locale$$data)
    zero                                     0x20000000   Data           3  main.o(.data)
    s6100                                    0x20000003   Data          12  main.o(.data)
    s4500                                    0x2000000f   Data           3  main.o(.data)
    s3000                                    0x20000012   Data           3  main.o(.data)
    s2500                                    0x20000015   Data           3  main.o(.data)
    music01                                  0x20000018   Data           6  main.o(.data)
    music02                                  0x2000001e   Data           6  main.o(.data)
    music03                                  0x20000024   Data           6  main.o(.data)
    music04                                  0x2000002a   Data           6  main.o(.data)
    SystemCoreClock                          0x20000030   Data           4  system_stm32f10x.o(.data)
    AHBPrescTable                            0x20000034   Data          16  system_stm32f10x.o(.data)
    TX_buffer_0                              0x20000045   Data           1  ws2812.o(.data)
    TX_buffer_1                              0x20000046   Data           1  ws2812.o(.data)
    TX_buffer_res                            0x20000047   Data           1  ws2812.o(.data)
    RX_buffer                                0x20000048   Data           1  ws2812.o(.data)
    keyFun                                   0x2000004c   Data           1  mygui.o(.data)
    keyFunPt                                 0x20000050   Data           4  mygui.o(.data)
    keyFlag                                  0x20000054   Data           1  mygui.o(.data)
    time_c                                   0x20000055   Data           1  mygui.o(.data)
    time_s                                   0x20000056   Data           1  mygui.o(.data)
    flag                                     0x20000057   Data           1  mygui.o(.data)
    homework_flag                            0x20000058   Data           1  mygui.o(.data)
    posture_flag                             0x20000059   Data           1  mygui.o(.data)
    night_flag                               0x2000005a   Data           1  mygui.o(.data)
    cmd                                      0x2000005b   Data           1  mygui.o(.data)
    WIFI_Sign                                0x2000005c   Data           4  mygui.o(.data)
    Electricity_Sign                         0x20000060   Data           4  mygui.o(.data)
    Flashlight_Sign                          0x20000064   Data           4  mygui.o(.data)
    mallco_dev                               0x20000068   Data          20  malloc.o(.data)
    USART2_RX_STA                            0x2000007c   Data           2  usart2.o(.data)
    red_flag                                 0x2000007e   Data           1  exti.o(.data)
    USART3_RX_STA                            0x20000080   Data           2  usart3.o(.data)
    wifiap_ssid                              0x20000084   Data           4  commonnn.o(.data)
    wifiap_password                          0x20000088   Data           4  commonnn.o(.data)
    __stdout                                 0x20000090   Data           4  usart.o(.data)
    USART_RX_STA                             0x20000094   Data           2  usart.o(.data)
    currentDataPoint                         0x200000b0   Data           1  gizwits_product.o(.data)
    membase                                  0x200000c4   Data       35840  malloc.o(.bss)
    memmapbase                               0x20008cc4   Data        2240  malloc.o(.bss)
    USART2_TX_BUF                            0x20009588   Data        1024  usart2.o(.bss)
    USART2_RX_BUF                            0x20009988   Data        1024  usart2.o(.bss)
    USART3_RX_BUF                            0x20009d88   Data         600  usart3.o(.bss)
    USART3_TX_BUF                            0x20009fe0   Data         600  usart3.o(.bss)
    gizwitsProtocol                          0x2000a238   Data         244  gizwits_protocol.o(.bss)
    pRb                                      0x2000a32c   Data          16  gizwits_protocol.o(.bss)
    __libspace_start                         0x2000a368   Data          96  libspace.o(.bss)
    __temporary_stack_top$libspace           0x2000a3c8   Data           0  libspace.o(.bss)



==============================================================================

Memory Map of the image

  Image Entry point : 0x08000131

  Load Region LR_IROM1 (Base: 0x08000000, Size: 0x0000b634, Max: 0x00080000, ABSOLUTE)

    Execution Region ER_IROM1 (Base: 0x08000000, Size: 0x0000b570, Max: 0x00080000, ABSOLUTE)

    Base Addr    Size         Type   Attr      Idx    E Section Name        Object

    0x08000000   0x00000130   Data   RO          545    RESET               startup_stm32f10x_hd.o
    0x08000130   0x00000008   Code   RO          990  * !!!main             c_w.l(__main.o)
    0x08000138   0x00000034   Code   RO         1281    !!!scatter          c_w.l(__scatter.o)
    0x0800016c   0x0000001a   Code   RO         1283    !!handler_copy      c_w.l(__scatter_copy.o)
    0x08000186   0x00000002   PAD
    0x08000188   0x0000001c   Code   RO         1285    !!handler_zi        c_w.l(__scatter_zi.o)
    0x080001a4   0x00000000   Code   RO          977    .ARM.Collect$$_printf_percent$$00000000  c_w.l(_printf_percent.o)
    0x080001a4   0x00000006   Code   RO         1045    .ARM.Collect$$_printf_percent$$00000001  c_w.l(_printf_n.o)
    0x080001aa   0x00000006   Code   RO         1046    .ARM.Collect$$_printf_percent$$00000002  c_w.l(_printf_p.o)
    0x080001b0   0x00000006   Code   RO         1050    .ARM.Collect$$_printf_percent$$00000003  c_w.l(_printf_f.o)
    0x080001b6   0x00000006   Code   RO         1051    .ARM.Collect$$_printf_percent$$00000004  c_w.l(_printf_e.o)
    0x080001bc   0x00000006   Code   RO         1052    .ARM.Collect$$_printf_percent$$00000005  c_w.l(_printf_g.o)
    0x080001c2   0x00000006   Code   RO         1053    .ARM.Collect$$_printf_percent$$00000006  c_w.l(_printf_a.o)
    0x080001c8   0x0000000a   Code   RO         1058    .ARM.Collect$$_printf_percent$$00000007  c_w.l(_printf_ll.o)
    0x080001d2   0x00000006   Code   RO         1048    .ARM.Collect$$_printf_percent$$00000008  c_w.l(_printf_i.o)
    0x080001d8   0x00000006   Code   RO          976    .ARM.Collect$$_printf_percent$$00000009  c_w.l(_printf_d.o)
    0x080001de   0x00000006   Code   RO         1049    .ARM.Collect$$_printf_percent$$0000000A  c_w.l(_printf_u.o)
    0x080001e4   0x00000006   Code   RO         1047    .ARM.Collect$$_printf_percent$$0000000B  c_w.l(_printf_o.o)
    0x080001ea   0x00000006   Code   RO          975    .ARM.Collect$$_printf_percent$$0000000C  c_w.l(_printf_x.o)
    0x080001f0   0x00000006   Code   RO         1055    .ARM.Collect$$_printf_percent$$0000000D  c_w.l(_printf_lli.o)
    0x080001f6   0x00000006   Code   RO         1056    .ARM.Collect$$_printf_percent$$0000000E  c_w.l(_printf_lld.o)
    0x080001fc   0x00000006   Code   RO         1057    .ARM.Collect$$_printf_percent$$0000000F  c_w.l(_printf_llu.o)
    0x08000202   0x00000006   Code   RO         1062    .ARM.Collect$$_printf_percent$$00000010  c_w.l(_printf_llo.o)
    0x08000208   0x00000006   Code   RO         1063    .ARM.Collect$$_printf_percent$$00000011  c_w.l(_printf_llx.o)
    0x0800020e   0x0000000a   Code   RO         1059    .ARM.Collect$$_printf_percent$$00000012  c_w.l(_printf_l.o)
    0x08000218   0x00000006   Code   RO         1044    .ARM.Collect$$_printf_percent$$00000013  c_w.l(_printf_c.o)
    0x0800021e   0x00000006   Code   RO          974    .ARM.Collect$$_printf_percent$$00000014  c_w.l(_printf_s.o)
    0x08000224   0x00000006   Code   RO         1060    .ARM.Collect$$_printf_percent$$00000015  c_w.l(_printf_lc.o)
    0x0800022a   0x00000006   Code   RO         1061    .ARM.Collect$$_printf_percent$$00000016  c_w.l(_printf_ls.o)
    0x08000230   0x00000004   Code   RO         1054    .ARM.Collect$$_printf_percent$$00000017  c_w.l(_printf_percent_end.o)
    0x08000234   0x00000002   Code   RO         1154    .ARM.Collect$$libinit$$00000000  c_w.l(libinit.o)
    0x08000236   0x00000000   Code   RO         1156    .ARM.Collect$$libinit$$00000002  c_w.l(libinit2.o)
    0x08000236   0x00000000   Code   RO         1158    .ARM.Collect$$libinit$$00000004  c_w.l(libinit2.o)
    0x08000236   0x00000000   Code   RO         1161    .ARM.Collect$$libinit$$0000000A  c_w.l(libinit2.o)
    0x08000236   0x00000000   Code   RO         1163    .ARM.Collect$$libinit$$0000000C  c_w.l(libinit2.o)
    0x08000236   0x00000000   Code   RO         1165    .ARM.Collect$$libinit$$0000000E  c_w.l(libinit2.o)
    0x08000236   0x00000006   Code   RO         1166    .ARM.Collect$$libinit$$0000000F  c_w.l(libinit2.o)
    0x0800023c   0x00000000   Code   RO         1168    .ARM.Collect$$libinit$$00000011  c_w.l(libinit2.o)
    0x0800023c   0x0000000c   Code   RO         1169    .ARM.Collect$$libinit$$00000012  c_w.l(libinit2.o)
    0x08000248   0x00000000   Code   RO         1170    .ARM.Collect$$libinit$$00000013  c_w.l(libinit2.o)
    0x08000248   0x00000000   Code   RO         1172    .ARM.Collect$$libinit$$00000015  c_w.l(libinit2.o)
    0x08000248   0x0000000a   Code   RO         1173    .ARM.Collect$$libinit$$00000016  c_w.l(libinit2.o)
    0x08000252   0x00000000   Code   RO         1174    .ARM.Collect$$libinit$$00000017  c_w.l(libinit2.o)
    0x08000252   0x00000000   Code   RO         1176    .ARM.Collect$$libinit$$00000019  c_w.l(libinit2.o)
    0x08000252   0x00000000   Code   RO         1178    .ARM.Collect$$libinit$$0000001B  c_w.l(libinit2.o)
    0x08000252   0x00000000   Code   RO         1180    .ARM.Collect$$libinit$$0000001D  c_w.l(libinit2.o)
    0x08000252   0x00000000   Code   RO         1182    .ARM.Collect$$libinit$$0000001F  c_w.l(libinit2.o)
    0x08000252   0x00000000   Code   RO         1184    .ARM.Collect$$libinit$$00000021  c_w.l(libinit2.o)
    0x08000252   0x00000000   Code   RO         1186    .ARM.Collect$$libinit$$00000023  c_w.l(libinit2.o)
    0x08000252   0x00000000   Code   RO         1188    .ARM.Collect$$libinit$$00000025  c_w.l(libinit2.o)
    0x08000252   0x00000000   Code   RO         1192    .ARM.Collect$$libinit$$0000002C  c_w.l(libinit2.o)
    0x08000252   0x00000000   Code   RO         1194    .ARM.Collect$$libinit$$0000002E  c_w.l(libinit2.o)
    0x08000252   0x00000000   Code   RO         1196    .ARM.Collect$$libinit$$00000030  c_w.l(libinit2.o)
    0x08000252   0x00000000   Code   RO         1198    .ARM.Collect$$libinit$$00000032  c_w.l(libinit2.o)
    0x08000252   0x00000002   Code   RO         1199    .ARM.Collect$$libinit$$00000033  c_w.l(libinit2.o)
    0x08000254   0x00000002   Code   RO         1231    .ARM.Collect$$libshutdown$$00000000  c_w.l(libshutdown.o)
    0x08000256   0x00000000   Code   RO         1240    .ARM.Collect$$libshutdown$$00000002  c_w.l(libshutdown2.o)
    0x08000256   0x00000000   Code   RO         1242    .ARM.Collect$$libshutdown$$00000004  c_w.l(libshutdown2.o)
    0x08000256   0x00000000   Code   RO         1245    .ARM.Collect$$libshutdown$$00000007  c_w.l(libshutdown2.o)
    0x08000256   0x00000000   Code   RO         1248    .ARM.Collect$$libshutdown$$0000000A  c_w.l(libshutdown2.o)
    0x08000256   0x00000000   Code   RO         1250    .ARM.Collect$$libshutdown$$0000000C  c_w.l(libshutdown2.o)
    0x08000256   0x00000000   Code   RO         1253    .ARM.Collect$$libshutdown$$0000000F  c_w.l(libshutdown2.o)
    0x08000256   0x00000002   Code   RO         1254    .ARM.Collect$$libshutdown$$00000010  c_w.l(libshutdown2.o)
    0x08000258   0x00000000   Code   RO         1016    .ARM.Collect$$rtentry$$00000000  c_w.l(__rtentry.o)
    0x08000258   0x00000000   Code   RO         1074    .ARM.Collect$$rtentry$$00000002  c_w.l(__rtentry2.o)
    0x08000258   0x00000006   Code   RO         1086    .ARM.Collect$$rtentry$$00000004  c_w.l(__rtentry4.o)
    0x0800025e   0x00000000   Code   RO         1076    .ARM.Collect$$rtentry$$00000009  c_w.l(__rtentry2.o)
    0x0800025e   0x00000004   Code   RO         1077    .ARM.Collect$$rtentry$$0000000A  c_w.l(__rtentry2.o)
    0x08000262   0x00000000   Code   RO         1079    .ARM.Collect$$rtentry$$0000000C  c_w.l(__rtentry2.o)
    0x08000262   0x00000008   Code   RO         1080    .ARM.Collect$$rtentry$$0000000D  c_w.l(__rtentry2.o)
    0x0800026a   0x00000002   Code   RO         1204    .ARM.Collect$$rtexit$$00000000  c_w.l(rtexit.o)
    0x0800026c   0x00000000   Code   RO         1211    .ARM.Collect$$rtexit$$00000002  c_w.l(rtexit2.o)
    0x0800026c   0x00000004   Code   RO         1212    .ARM.Collect$$rtexit$$00000003  c_w.l(rtexit2.o)
    0x08000270   0x00000006   Code   RO         1213    .ARM.Collect$$rtexit$$00000004  c_w.l(rtexit2.o)
    0x08000276   0x00000002   PAD
    0x08000278   0x000000a0   Code   RO            1    .text               main.o
    0x08000318   0x0000001a   Code   RO          162    .text               stm32f10x_it.o
    0x08000332   0x00000002   PAD
    0x08000334   0x000001e0   Code   RO          203    .text               system_stm32f10x.o
    0x08000514   0x0000004c   Code   RO          221    .text               led.o
    0x08000560   0x000000fc   Code   RO          233    .text               key.o
    0x0800065c   0x000002f8   Code   RO          246    .text               ws2812.o
    0x08000954   0x00000264   Code   RO          261    .text               spi2.o
    0x08000bb8   0x0000073c   Code   RO          273    .text               oled.o
    0x080012f4   0x000009d0   Code   RO          289    .text               mygui.o
    0x08001cc4   0x00000090   Code   RO          310    .text               esp8266-ap.o
    0x08001d54   0x000001a0   Code   RO          329    .text               malloc.o
    0x08001ef4   0x0000027c   Code   RO          349    .text               usart2.o
    0x08002170   0x000000b0   Code   RO          375    .text               exti.o
    0x08002220   0x000002ac   Code   RO          390    .text               usart3.o
    0x080024cc   0x00000104   Code   RO          412    .text               timer.o
    0x080025d0   0x000000e8   Code   RO          442    .text               usart4.o
    0x080026b8   0x000000fc   Code   RO          460    .text               commonnn.o
    0x080027b4   0x000000d4   Code   RO          479    .text               delay.o
    0x08002888   0x000000e0   Code   RO          510    .text               usart.o
    0x08002968   0x00000040   Code   RO          546    .text               startup_stm32f10x_hd.o
    0x080029a8   0x000000dc   Code   RO          550    .text               misc.o
    0x08002a84   0x0000035c   Code   RO          562    .text               stm32f10x_gpio.o
    0x08002de0   0x000003a4   Code   RO          574    .text               stm32f10x_rcc.o
    0x08003184   0x00000408   Code   RO          588    .text               stm32f10x_usart.o
    0x0800358c   0x00000254   Code   RO          600    .text               stm32f10x_dma.o
    0x080037e0   0x0000030c   Code   RO          612    .text               stm32f10x_spi.o
    0x08003aec   0x0000011c   Code   RO          708    .text               stm32f10x_exti.o
    0x08003c08   0x00000e1a   Code   RO          804    .text               stm32f10x_tim.o
    0x08004a22   0x00000002   PAD
    0x08004a24   0x00000234   Code   RO          828    .text               gizwits_product.o
    0x08004c58   0x0000199c   Code   RO          850    .text               gizwits_protocol.o
    0x080065f4   0x00000398   Code   RO          872    .text               common_1.o
    0x0800698c   0x0000034c   Code   RO          885    .text               datapointtools.o
    0x08006cd8   0x000001ce   Code   RO          897    .text               ringbuffer.o
    0x08006ea6   0x00000002   Code   RO          911    .text               c_w.l(use_no_semi_2.o)
    0x08006ea8   0x0000001e   Code   RO          913    .text               c_w.l(toupper.o)
    0x08006ec6   0x00000002   PAD
    0x08006ec8   0x00000024   Code   RO          915    .text               c_w.l(c89vsprintf.o)
    0x08006eec   0x00000018   Code   RO          917    .text               c_w.l(__2printf.o)
    0x08006f04   0x0000002c   Code   RO          919    .text               c_w.l(__2sprintf.o)
    0x08006f30   0x0000004e   Code   RO          927    .text               c_w.l(_printf_pad.o)
    0x08006f7e   0x00000052   Code   RO          929    .text               c_w.l(_printf_str.o)
    0x08006fd0   0x00000078   Code   RO          931    .text               c_w.l(_printf_dec.o)
    0x08007048   0x00000094   Code   RO          951    .text               c_w.l(_printf_hex_int_ll_ptr.o)
    0x080070dc   0x00000188   Code   RO          971    .text               c_w.l(__printf_flags_ss_wp.o)
    0x08007264   0x00000024   Code   RO          978    .text               c_w.l(strstr.o)
    0x08007288   0x0000003e   Code   RO          980    .text               c_w.l(strlen.o)
    0x080072c6   0x0000008a   Code   RO          982    .text               c_w.l(rt_memcpy_v6.o)
    0x08007350   0x00000064   Code   RO          984    .text               c_w.l(rt_memcpy_w.o)
    0x080073b4   0x00000044   Code   RO          986    .text               c_w.l(rt_memclr.o)
    0x080073f8   0x00000006   Code   RO          988    .text               c_w.l(heapauxi.o)
    0x080073fe   0x00000002   Code   RO         1014    .text               c_w.l(use_no_semi.o)
    0x08007400   0x00000010   Code   RO         1017    .text               c_w.l(rt_ctype_table.o)
    0x08007410   0x00000024   Code   RO         1019    .text               c_w.l(_printf_truncate.o)
    0x08007434   0x000000b2   Code   RO         1021    .text               c_w.l(_printf_intcommon.o)
    0x080074e6   0x00000028   Code   RO         1023    .text               c_w.l(_printf_charcount.o)
    0x0800750e   0x00000002   PAD
    0x08007510   0x00000030   Code   RO         1025    .text               c_w.l(_printf_char_common.o)
    0x08007540   0x0000000a   Code   RO         1027    .text               c_w.l(_sputc.o)
    0x0800754a   0x0000002c   Code   RO         1029    .text               c_w.l(_printf_char.o)
    0x08007576   0x00000002   PAD
    0x08007578   0x00000024   Code   RO         1031    .text               c_w.l(_printf_char_file.o)
    0x0800759c   0x000000bc   Code   RO         1033    .text               c_w.l(_printf_wctomb.o)
    0x08007658   0x0000007c   Code   RO         1036    .text               c_w.l(_printf_longlong_dec.o)
    0x080076d4   0x00000070   Code   RO         1042    .text               c_w.l(_printf_oct_int_ll.o)
    0x08007744   0x0000004e   Code   RO         1064    .text               c_w.l(rt_memclr_w.o)
    0x08007792   0x00000002   PAD
    0x08007794   0x00000008   Code   RO         1091    .text               c_w.l(rt_locale_intlibspace.o)
    0x0800779c   0x0000008a   Code   RO         1093    .text               c_w.l(lludiv10.o)
    0x08007826   0x0000041a   Code   RO         1095    .text               c_w.l(_printf_fp_dec.o)
    0x08007c40   0x0000002c   Code   RO         1099    .text               c_w.l(_printf_wchar.o)
    0x08007c6c   0x00000008   Code   RO         1101    .text               c_w.l(ferror.o)
    0x08007c74   0x00000040   Code   RO         1105    .text               c_w.l(_wcrtomb.o)
    0x08007cb4   0x00000008   Code   RO         1110    .text               c_w.l(libspace.o)
    0x08007cbc   0x0000004a   Code   RO         1113    .text               c_w.l(sys_stackheap_outer.o)
    0x08007d06   0x00000002   PAD
    0x08007d08   0x00000080   Code   RO         1115    .text               c_w.l(_printf_fp_infnan.o)
    0x08007d88   0x000000dc   Code   RO         1117    .text               c_w.l(bigflt0.o)
    0x08007e64   0x00000012   Code   RO         1145    .text               c_w.l(exit.o)
    0x08007e76   0x00000002   PAD
    0x08007e78   0x00000080   Code   RO         1147    .text               c_w.l(strcmpv7m.o)
    0x08007ef8   0x0000003e   Code   RO         1120    CL$$btod_d2e        c_w.l(btod.o)
    0x08007f36   0x00000046   Code   RO         1122    CL$$btod_d2e_denorm_low  c_w.l(btod.o)
    0x08007f7c   0x00000060   Code   RO         1121    CL$$btod_d2e_norm_op1  c_w.l(btod.o)
    0x08007fdc   0x00000338   Code   RO         1130    CL$$btod_div_common  c_w.l(btod.o)
    0x08008314   0x000000c6   Code   RO         1127    CL$$btod_e2e        c_w.l(btod.o)
    0x080083da   0x00000028   Code   RO         1124    CL$$btod_ediv       c_w.l(btod.o)
    0x08008402   0x00000028   Code   RO         1123    CL$$btod_emul       c_w.l(btod.o)
    0x0800842a   0x00000244   Code   RO         1129    CL$$btod_mult_common  c_w.l(btod.o)
    0x0800866e   0x00000028   Code   RO         1202    i.__ARM_fpclassify  m_ws.l(fpclassify.o)
    0x08008696   0x0000000e   Code   RO          964    i._is_digit         c_w.l(__printf_wp.o)
    0x080086a4   0x0000002c   Code   RO         1108    locale$$code        c_w.l(lc_ctype_c.o)
    0x080086d0   0x0000002c   Code   RO         1143    locale$$code        c_w.l(lc_numeric_c.o)
    0x080086fc   0x000000c4   Code   RO          992    x$fpl$fadd          fz_ws.l(faddsub_clz.o)
    0x080087c0   0x00000184   Code   RO          999    x$fpl$fdiv          fz_ws.l(fdiv.o)
    0x08008944   0x0000003e   Code   RO         1002    x$fpl$ffixu         fz_ws.l(ffixu.o)
    0x08008982   0x00000002   PAD
    0x08008984   0x00000026   Code   RO         1006    x$fpl$ffltu         fz_ws.l(fflt_clz.o)
    0x080089aa   0x00000002   PAD
    0x080089ac   0x00000102   Code   RO         1012    x$fpl$fmul          fz_ws.l(fmul.o)
    0x08008aae   0x0000008c   Code   RO         1066    x$fpl$fnaninf       fz_ws.l(fnaninf.o)
    0x08008b3a   0x0000000a   Code   RO         1068    x$fpl$fretinf       fz_ws.l(fretinf.o)
    0x08008b44   0x000000ea   Code   RO          994    x$fpl$fsub          fz_ws.l(faddsub_clz.o)
    0x08008c2e   0x00000004   Code   RO         1070    x$fpl$printf1       fz_ws.l(printf1.o)
    0x08008c32   0x00000000   Code   RO         1072    x$fpl$usenofp       fz_ws.l(usenofp.o)
    0x08008c32   0x00002568   Data   RO          274    .constdata          oled.o
    0x0800b19a   0x00000002   PAD
    0x0800b19c   0x00000168   Data   RO          290    .constdata          mygui.o
    0x0800b304   0x00000030   Data   RO          873    .constdata          common_1.o
    0x0800b334   0x00000028   Data   RO          952    .constdata          c_w.l(_printf_hex_int_ll_ptr.o)
    0x0800b35c   0x00000011   Data   RO          972    .constdata          c_w.l(__printf_flags_ss_wp.o)
    0x0800b36d   0x00000003   PAD
    0x0800b370   0x00000008   Data   RO         1034    .constdata          c_w.l(_printf_wctomb.o)
    0x0800b378   0x00000094   Data   RO         1118    .constdata          c_w.l(bigflt0.o)
    0x0800b40c   0x00000015   Data   RO          461    .conststring        commonnn.o
    0x0800b421   0x00000003   PAD
    0x0800b424   0x00000020   Data   RO         1279    Region$$Table       anon$$obj.o
    0x0800b444   0x00000110   Data   RO         1107    locale$$data        c_w.l(lc_ctype_c.o)
    0x0800b554   0x0000001c   Data   RO         1142    locale$$data        c_w.l(lc_numeric_c.o)


    Execution Region RW_IRAM1 (Base: 0x20000000, Size: 0x0000a9c8, Max: 0x00010000, ABSOLUTE)

    Base Addr    Size         Type   Attr      Idx    E Section Name        Object

    0x20000000   0x00000030   Data   RW            2    .data               main.o
    0x20000030   0x00000014   Data   RW          204    .data               system_stm32f10x.o
    0x20000044   0x00000001   Data   RW          234    .data               key.o
    0x20000045   0x00000004   Data   RW          247    .data               ws2812.o
    0x20000049   0x00000003   PAD
    0x2000004c   0x0000001c   Data   RW          291    .data               mygui.o
    0x20000068   0x00000014   Data   RW          332    .data               malloc.o
    0x2000007c   0x00000002   Data   RW          351    .data               usart2.o
    0x2000007e   0x00000001   Data   RW          376    .data               exti.o
    0x2000007f   0x00000001   PAD
    0x20000080   0x00000002   Data   RW          392    .data               usart3.o
    0x20000082   0x00000002   PAD
    0x20000084   0x00000008   Data   RW          462    .data               commonnn.o
    0x2000008c   0x00000004   Data   RW          480    .data               delay.o
    0x20000090   0x00000006   Data   RW          512    .data               usart.o
    0x20000096   0x00000014   Data   RW          575    .data               stm32f10x_rcc.o
    0x200000aa   0x00000002   PAD
    0x200000ac   0x00000005   Data   RW          829    .data               gizwits_product.o
    0x200000b1   0x00000003   PAD
    0x200000b4   0x00000010   Data   RW          852    .data               gizwits_protocol.o
    0x200000c4   0x000094c0   Zero   RW          330    .bss                malloc.o
    0x20009584   0x00000004   PAD
    0x20009588   0x00000800   Zero   RW          350    .bss                usart2.o
    0x20009d88   0x000004b0   Zero   RW          391    .bss                usart3.o
    0x2000a238   0x00000130   Zero   RW          851    .bss                gizwits_protocol.o
    0x2000a368   0x00000060   Zero   RW         1111    .bss                c_w.l(libspace.o)
    0x2000a3c8   0x00000200   Zero   RW          544    HEAP                startup_stm32f10x_hd.o
    0x2000a5c8   0x00000400   Zero   RW          543    STACK               startup_stm32f10x_hd.o


==============================================================================

Image component sizes


      Code (inc. data)   RO Data    RW Data    ZI Data      Debug   Object Name

       920         10         48          0          0       4329   common_1.o
       252         32         21          8          0       2220   commonnn.o
       844          0          0          0          0       5454   datapointtools.o
       212         18          0          4          0       1091   delay.o
       144         66          0          0          0       1038   esp8266-ap.o
       176         24          0          1          0       1138   exti.o
       564        208          0          5          0      18340   gizwits_product.o
      6556       1914          0         16        304      12190   gizwits_protocol.o
       252         12          0          1          0        868   key.o
        76          8          0          0          0        523   led.o
       160         32          0         48          0     275187   main.o
       416          6          0         20      38080       4153   malloc.o
       220         22          0          0          0       1849   misc.o
      2512        366        360         28          0       4838   mygui.o
      1852         36       9576          0          0       7350   oled.o
       462          0          0          0          0       2711   ringbuffer.o
       612         14          0          0          0       2310   spi2.o
        64         26        304          0       1536        808   startup_stm32f10x_hd.o
       596          8          0          0          0       4414   stm32f10x_dma.o
       284         10          0          0          0       2303   stm32f10x_exti.o
       860         38          0          0          0       5781   stm32f10x_gpio.o
        26          0          0          0          0       1206   stm32f10x_it.o
       932         36          0         20          0       8984   stm32f10x_rcc.o
       780         14          0          0          0       6662   stm32f10x_spi.o
      3610         88          0          0          0      22888   stm32f10x_tim.o
      1032         22          0          0          0       8508   stm32f10x_usart.o
         0          0          0          0          0         32   sys.o
       480         38          0         20          0       1815   system_stm32f10x.o
       260         12          0          0          0       8922   timer.o
       224         10          0          6          0       3178   usart.o
       636         30          0          2       2048       3785   usart2.o
       684         66          0          2       1200       3327   usart3.o
       232          8          0          0          0       1416   usart4.o
       760         18          0          4          0       3701   ws2812.o

    ----------------------------------------------------------------------
     27694       3192      10346        196      43172     433319   Object Totals
         0          0         32          0          0          0   (incl. Generated)
         4          0          5         11          4          0   (incl. Padding)

    ----------------------------------------------------------------------

      Code (inc. data)   RO Data    RW Data    ZI Data      Debug   Library Member Name

        24          4          0          0          0         84   __2printf.o
        44          6          0          0          0         84   __2sprintf.o
         8          0          0          0          0         68   __main.o
       392          4         17          0          0         92   __printf_flags_ss_wp.o
        14          0          0          0          0         68   __printf_wp.o
         0          0          0          0          0          0   __rtentry.o
        12          0          0          0          0          0   __rtentry2.o
         6          0          0          0          0          0   __rtentry4.o
        52          8          0          0          0          0   __scatter.o
        26          0          0          0          0          0   __scatter_copy.o
        28          0          0          0          0          0   __scatter_zi.o
         6          0          0          0          0          0   _printf_a.o
         6          0          0          0          0          0   _printf_c.o
        44          0          0          0          0        108   _printf_char.o
        48          6          0          0          0         96   _printf_char_common.o
        36          4          0          0          0         80   _printf_char_file.o
        40          0          0          0          0         68   _printf_charcount.o
         6          0          0          0          0          0   _printf_d.o
       120         16          0          0          0         92   _printf_dec.o
         6          0          0          0          0          0   _printf_e.o
         6          0          0          0          0          0   _printf_f.o
      1050          0          0          0          0        216   _printf_fp_dec.o
       128         16          0          0          0         84   _printf_fp_infnan.o
         6          0          0          0          0          0   _printf_g.o
       148          4         40          0          0        160   _printf_hex_int_ll_ptr.o
         6          0          0          0          0          0   _printf_i.o
       178          0          0          0          0         88   _printf_intcommon.o
        10          0          0          0          0          0   _printf_l.o
         6          0          0          0          0          0   _printf_lc.o
        10          0          0          0          0          0   _printf_ll.o
         6          0          0          0          0          0   _printf_lld.o
         6          0          0          0          0          0   _printf_lli.o
         6          0          0          0          0          0   _printf_llo.o
         6          0          0          0          0          0   _printf_llu.o
         6          0          0          0          0          0   _printf_llx.o
       124         16          0          0          0         92   _printf_longlong_dec.o
         6          0          0          0          0          0   _printf_ls.o
         6          0          0          0          0          0   _printf_n.o
         6          0          0          0          0          0   _printf_o.o
       112         10          0          0          0        124   _printf_oct_int_ll.o
         6          0          0          0          0          0   _printf_p.o
        78          0          0          0          0        108   _printf_pad.o
         0          0          0          0          0          0   _printf_percent.o
         4          0          0          0          0          0   _printf_percent_end.o
         6          0          0          0          0          0   _printf_s.o
        82          0          0          0          0         80   _printf_str.o
        36          0          0          0          0         84   _printf_truncate.o
         6          0          0          0          0          0   _printf_u.o
        44          0          0          0          0        108   _printf_wchar.o
       188          6          8          0          0         92   _printf_wctomb.o
         6          0          0          0          0          0   _printf_x.o
        10          0          0          0          0         68   _sputc.o
        64          0          0          0          0         92   _wcrtomb.o
       220          4        148          0          0         96   bigflt0.o
      1910        128          0          0          0        672   btod.o
        36          4          0          0          0         76   c89vsprintf.o
        18          0          0          0          0         80   exit.o
         8          0          0          0          0         68   ferror.o
         6          0          0          0          0        152   heapauxi.o
        44         10        272          0          0         76   lc_ctype_c.o
        44         10         28          0          0         76   lc_numeric_c.o
         2          0          0          0          0          0   libinit.o
        30          0          0          0          0          0   libinit2.o
         2          0          0          0          0          0   libshutdown.o
         2          0          0          0          0          0   libshutdown2.o
         8          4          0          0         96         68   libspace.o
       138          0          0          0          0         80   lludiv10.o
        16          4          0          0          0         76   rt_ctype_table.o
         8          4          0          0          0         68   rt_locale_intlibspace.o
        68          0          0          0          0         68   rt_memclr.o
        78          0          0          0          0         80   rt_memclr_w.o
       138          0          0          0          0         68   rt_memcpy_v6.o
       100          0          0          0          0         80   rt_memcpy_w.o
         2          0          0          0          0          0   rtexit.o
        10          0          0          0          0          0   rtexit2.o
       128          0          0          0          0         68   strcmpv7m.o
        62          0          0          0          0         76   strlen.o
        36          0          0          0          0         80   strstr.o
        74          0          0          0          0         80   sys_stackheap_outer.o
        30          0          0          0          0         76   toupper.o
         2          0          0          0          0         68   use_no_semi.o
         2          0          0          0          0         68   use_no_semi_2.o
       430          8          0          0          0        168   faddsub_clz.o
       388         76          0          0          0         96   fdiv.o
        62          4          0          0          0         84   ffixu.o
        38          0          0          0          0         68   fflt_clz.o
       258          4          0          0          0         84   fmul.o
       140          4          0          0          0         84   fnaninf.o
        10          0          0          0          0         68   fretinf.o
         4          0          0          0          0         68   printf1.o
         0          0          0          0          0          0   usenofp.o
        40          0          0          0          0         68   fpclassify.o

    ----------------------------------------------------------------------
      7892        364        516          0         96       5424   Library Totals
        20          0          3          0          0          0   (incl. Padding)

    ----------------------------------------------------------------------

      Code (inc. data)   RO Data    RW Data    ZI Data      Debug   Library Name

      6502        268        513          0         96       4636   c_w.l
      1330         96          0          0          0        720   fz_ws.l
        40          0          0          0          0         68   m_ws.l

    ----------------------------------------------------------------------
      7892        364        516          0         96       5424   Library Totals

    ----------------------------------------------------------------------

==============================================================================


      Code (inc. data)   RO Data    RW Data    ZI Data      Debug   

     35586       3556      10862        196      43268     432915   Grand Totals
     35586       3556      10862        196      43268     432915   ELF Image Totals
     35586       3556      10862        196          0          0   ROM Totals

==============================================================================

    Total RO  Size (Code + RO Data)                46448 (  45.36kB)
    Total RW  Size (RW Data + ZI Data)             43464 (  42.45kB)
    Total ROM Size (Code + RO Data + RW Data)      46644 (  45.55kB)

==============================================================================

